Component: ARM Compiler 5.06 update 7 (build 960) Tool: armlink [4d3601]

==============================================================================

Section Cross References

    main.o(.text) refers to rtx_kernel.o(.text) for osKernelGetState
    main.o(.text) refers to printf6.o(i.__0printf$6) for __2printf
    main.o(.text) refers to rtc.o(.text) for get_id_MsgQueue_RTC
    main.o(.text) refers to rtx_msgqueue.o(.text) for osMessageQueueGet
    main.o(.text) refers to rtx_thread.o(.text) for osThreadNew
    main.o(.text) refers to stm32f4xx_hal_rcc.o(.text) for HAL_RCC_OscConfig
    main.o(.text) refers to stm32f4xx_hal.o(.text) for HAL_GetREVID
    main.o(.text) refers to system_stm32f4xx.o(.text) for SystemCoreClockUpdate
    main.o(.text) refers to system_stm32f4xx.o(.data) for SystemCoreClock
    main.o(.text) refers to main.o(.data) for .data
    rtc.o(.text) refers to rtx_msgqueue.o(.text) for osMessageQueueNew
    rtc.o(.text) refers to localtime.o(.text) for localtime
    rtc.o(.text) refers to memcpya.o(.text) for __aeabi_memcpy4
    rtc.o(.text) refers to stm32f4xx_hal_rtc.o(.text) for HAL_RTC_SetDate
    rtc.o(.text) refers to stm32f4xx_hal_rtc_ex.o(.text) for HAL_RTCEx_BKUPWrite
    rtc.o(.text) refers to net_sntp_client_core.o(.text.netSNTPc_GetTime) for netSNTPc_GetTime
    rtc.o(.text) refers to rtx_timer.o(.text) for osTimerNew
    rtc.o(.text) refers to printf6.o(i.__0sprintf$6) for __2sprintf
    rtc.o(.text) refers to net_sys.o(.text.netInitialize) for netInitialize
    rtc.o(.text) refers to rtx_delay.o(.text) for osDelay
    rtc.o(.text) refers to rtx_thread.o(.text) for osThreadYield
    rtc.o(.text) refers to stm32f4xx_hal_pwr.o(.text) for HAL_PWR_EnableBkUpAccess
    rtc.o(.text) refers to stm32f4xx_hal_rcc.o(.text) for HAL_RCC_OscConfig
    rtc.o(.text) refers to stm32f4xx_hal_rcc_ex.o(.text) for HAL_RCCEx_PeriphCLKConfig
    rtc.o(.text) refers to rtc.o(.data) for .data
    rtc.o(.text) refers to rtc.o(.bss) for .bss
    irq_armv7m.o(.text) refers to rtx_system.o(.text) for osRtxPendSV_Handler
    irq_armv7m.o(.text) refers to rtx_kernel.o(.data.os) for osRtxInfo
    irq_armv7m.o(.text) refers to rtx_lib.o(.constdata) for osRtxUserSVC
    rtx_delay.o(.text) refers to rtx_thread.o(.text) for osRtxThreadWaitEnter
    rtx_delay.o(.text) refers to rtx_evr.o(.text) for EvrRtxDelayStarted
    rtx_delay.o(.text) refers to rtx_kernel.o(.data.os) for osRtxInfo
    rtx_evflags.o(.text) refers to rtx_evflags.o(.emb_text) for __asm___13_rtx_evflags_c_e167c757__atomic_set32
    rtx_evflags.o(.text) refers to rtx_thread.o(.text) for osRtxThreadListRemove
    rtx_evflags.o(.text) refers to rtx_evr.o(.text) for EvrRtxEventFlagsWaitCompleted
    rtx_evflags.o(.text) refers to rtx_mempool.o(.text) for osRtxMemoryPoolAlloc
    rtx_evflags.o(.text) refers to rtx_memory.o(.text) for osRtxMemoryAlloc
    rtx_evflags.o(.text) refers to rtx_system.o(.text) for osRtxPostProcess
    rtx_evflags.o(.text) refers to rtx_kernel.o(.data.os) for osRtxInfo
    rtx_evr.o(.text) refers to eventrecorder.o(.text) for EventRecord4
    rtx_kernel.o(.text) refers to os_systick.o(.text) for OS_Tick_Disable
    rtx_kernel.o(.text) refers to rtx_evr.o(.text) for EvrRtxKernelError
    rtx_kernel.o(.text) refers to rtx_memory.o(.text) for osRtxMemoryInit
    rtx_kernel.o(.text) refers to rtx_mempool.o(.text) for osRtxMemoryPoolInit
    rtx_kernel.o(.text) refers to memcpya.o(.text) for __aeabi_memcpy
    rtx_kernel.o(.text) refers to rtx_thread.o(.text) for osRtxThreadStartup
    rtx_kernel.o(.text) refers to rtx_kernel.o(.data.os) for .data.os
    rtx_kernel.o(.text) refers to rtx_lib.o(.rodata) for osRtxConfig
    rtx_kernel.o(.text) refers to irq_armv7m.o(.text) for SysTick_Handler
    rtx_kernel.o(.text) refers to rtx_config.o(.text) for osRtxErrorNotify
    rtx_kernel.o(.text) refers to rtx_lib.o(.text) for osRtxKernelPreInit
    rtx_kernel.o(.data.os) refers to rtx_kernel.o(.conststrlit) for .conststrlit
    rtx_lib.o(.text) refers to rtx_kernel.o(.text) for osKernelGetState
    rtx_lib.o(.text) refers to eventrecorder.o(.text) for EventRecorderInitialize
    rtx_lib.o(.constdata) refers to rtx_lib.o(.bss.os.thread.cb) for os_idle_thread_cb
    rtx_lib.o(.constdata) refers to rtx_lib.o(.bss.os.thread.idle.stack) for os_idle_thread_stack
    rtx_lib.o(.constdata) refers to rtx_lib.o(.bss.os.thread.cb) for os_timer_thread_cb
    rtx_lib.o(.constdata) refers to rtx_lib.o(.bss.os.thread.timer.stack) for os_timer_thread_stack
    rtx_lib.o(.constdata) refers to rtx_lib.o(.bss.os.msgqueue.cb) for os_timer_mq_cb
    rtx_lib.o(.constdata) refers to rtx_lib.o(.bss.os.msgqueue.mem) for os_timer_mq_data
    rtx_lib.o(.constdata) refers to irq_armv7m.o(.constdata) for irqRtxLib
    rtx_lib.o(.rodata) refers to rtx_lib.o(.bss.os) for os_isr_queue
    rtx_lib.o(.rodata) refers to rtx_lib.o(.bss.os) for os_mem
    rtx_lib.o(.rodata) refers to rtx_lib.o(.constdata) for os_idle_thread_attr
[...]
    SPI1_IRQHandler                          0x08008f23   Thumb Code     0  startup_stm32f429xx.o(.text)
    SPI2_IRQHandler                          0x08008f23   Thumb Code     0  startup_stm32f429xx.o(.text)
    SPI3_IRQHandler                          0x08008f23   Thumb Code     0  startup_stm32f429xx.o(.text)
    SPI4_IRQHandler                          0x08008f23   Thumb Code     0  startup_stm32f429xx.o(.text)
    SPI5_IRQHandler                          0x08008f23   Thumb Code     0  startup_stm32f429xx.o(.text)
    SPI6_IRQHandler                          0x08008f23   Thumb Code     0  startup_stm32f429xx.o(.text)
    TAMP_STAMP_IRQHandler                    0x08008f23   Thumb Code     0  startup_stm32f429xx.o(.text)
    TIM1_BRK_TIM9_IRQHandler                 0x08008f23   Thumb Code     0  startup_stm32f429xx.o(.text)
    TIM1_CC_IRQHandler                       0x08008f23   Thumb Code     0  startup_stm32f429xx.o(.text)
    TIM1_TRG_COM_TIM11_IRQHandler            0x08008f23   Thumb Code     0  startup_stm32f429xx.o(.text)
    TIM1_UP_TIM10_IRQHandler                 0x08008f23   Thumb Code     0  startup_stm32f429xx.o(.text)
    TIM2_IRQHandler                          0x08008f23   Thumb Code     0  startup_stm32f429xx.o(.text)
    TIM3_IRQHandler                          0x08008f23   Thumb Code     0  startup_stm32f429xx.o(.text)
    TIM4_IRQHandler                          0x08008f23   Thumb Code     0  startup_stm32f429xx.o(.text)
    TIM5_IRQHandler                          0x08008f23   Thumb Code     0  startup_stm32f429xx.o(.text)
    TIM6_DAC_IRQHandler                      0x08008f23   Thumb Code     0  startup_stm32f429xx.o(.text)
    TIM7_IRQHandler                          0x08008f23   Thumb Code     0  startup_stm32f429xx.o(.text)
    TIM8_BRK_TIM12_IRQHandler                0x08008f23   Thumb Code     0  startup_stm32f429xx.o(.text)
    TIM8_CC_IRQHandler                       0x08008f23   Thumb Code     0  startup_stm32f429xx.o(.text)
    TIM8_TRG_COM_TIM14_IRQHandler            0x08008f23   Thumb Code     0  startup_stm32f429xx.o(.text)
    TIM8_UP_TIM13_IRQHandler                 0x08008f23   Thumb Code     0  startup_stm32f429xx.o(.text)
    UART4_IRQHandler                         0x08008f23   Thumb Code     0  startup_stm32f429xx.o(.text)
    UART5_IRQHandler                         0x08008f23   Thumb Code     0  startup_stm32f429xx.o(.text)
    UART7_IRQHandler                         0x08008f23   Thumb Code     0  startup_stm32f429xx.o(.text)
    UART8_IRQHandler                         0x08008f23   Thumb Code     0  startup_stm32f429xx.o(.text)
    USART1_IRQHandler                        0x08008f23   Thumb Code     0  startup_stm32f429xx.o(.text)
    USART2_IRQHandler                        0x08008f23   Thumb Code     0  startup_stm32f429xx.o(.text)
    USART3_IRQHandler                        0x08008f23   Thumb Code     0  startup_stm32f429xx.o(.text)
    USART6_IRQHandler                        0x08008f23   Thumb Code     0  startup_stm32f429xx.o(.text)
    WWDG_IRQHandler                          0x08008f23   Thumb Code     0  startup_stm32f429xx.o(.text)
    SystemInit                               0x08008f2d   Thumb Code     2  system_stm32f4xx.o(.text)
    SystemCoreClockUpdate                    0x08008f2f   Thumb Code   118  system_stm32f4xx.o(.text)
    netos_init                               0x08008fe1   Thumb Code    22  net_config.o(.text)
    netos_thread_create                      0x08008ff7   Thumb Code    10  net_config.o(.text)
    netos_thread_delete                      0x08009001   Thumb Code     4  net_config.o(.text)
    netos_thread_id                          0x08009005   Thumb Code     4  net_config.o(.text)
    netos_thread_pass                        0x08009009   Thumb Code     4  net_config.o(.text)
    netos_timer_create                       0x0800900d   Thumb Code    14  net_config.o(.text)
    netos_timer_delete                       0x0800901b   Thumb Code     4  net_config.o(.text)
    netos_timer_start                        0x0800901f   Thumb Code    22  net_config.o(.text)
    netos_mutex_create                       0x08009035   Thumb Code    16  net_config.o(.text)
    netos_mutex_delete                       0x08009045   Thumb Code     4  net_config.o(.text)
    netos_lock                               0x08009049   Thumb Code     8  net_config.o(.text)
    netos_unlock                             0x08009051   Thumb Code     4  net_config.o(.text)
    netos_flag_wait                          0x08009055   Thumb Code    24  net_config.o(.text)
    netos_flag_set                           0x0800906d   Thumb Code     4  net_config.o(.text)
    netos_flag_clear                         0x08009071   Thumb Code     6  net_config.o(.text)
    netos_delay                              0x08009077   Thumb Code    14  net_config.o(.text)
    netif_create                             0x08009085   Thumb Code    46  net_config.o(.text)
    netif_delete                             0x080090b3   Thumb Code    20  net_config.o(.text)
    netif_lock                               0x080090c7   Thumb Code     8  net_config.o(.text)
    netif_unlock                             0x080090cf   Thumb Code     4  net_config.o(.text)
    netIGMP_Join                             0x080090d9   Thumb Code     4  net_config.o(.text)
    netIGMP_Leave                            0x080090dd   Thumb Code     4  net_config.o(.text)
    net_igmp_is_member                       0x080090e1   Thumb Code     4  net_config.o(.text)
    net_igmp_collect_mcast                   0x080090e5   Thumb Code     4  net_config.o(.text)
    net_igmp_process                         0x080090e9   Thumb Code     2  net_config.o(.text)
    netDHCP_Enable                           0x080090eb   Thumb Code     4  net_config.o(.text)
    netDHCP_Disable                          0x080090ef   Thumb Code     4  net_config.o(.text)
    netDHCP_SetOption                        0x080090f3   Thumb Code     4  net_config.o(.text)
    netDHCP6_Enable                          0x080090f7   Thumb Code     4  net_config.o(.text)
    netDHCP6_Disable                         0x080090fb   Thumb Code     4  net_config.o(.text)
    net_ip4_frag_add                         0x080090ff   Thumb Code     2  net_config.o(.text)
    net_ip4_frag_get                         0x08009101   Thumb Code     2  net_config.o(.text)
    net_ip6_frag_add                         0x08009103   Thumb Code     2  net_config.o(.text)
    net_ip6_frag_get                         0x08009105   Thumb Code     2  net_config.o(.text)
    netHTTPs_fopen                           0x08009107   Thumb Code     4  net_config.o(.text)
    netHTTPs_fclose                          0x0800910b   Thumb Code     2  net_config.o(.text)
    netHTTPs_fread                           0x0800910d   Thumb Code     4  net_config.o(.text)
    netHTTPs_fgets                           0x08009111   Thumb Code     4  net_config.o(.text)
    netHTTPs_fstat                           0x08009115   Thumb Code     2  net_config.o(.text)
    net_sys_error                            0x08009117   Thumb Code     2  net_config.o(.text)
    __aeabi_uldivmod                         0x08009131   Thumb Code    98  uldiv.o(.text)
    localtime                                0x08009195   Thumb Code   138  localtime.o(.text)
    __aeabi_memcpy                           0x08009229   Thumb Code    36  memcpya.o(.text)
    __aeabi_memcpy4                          0x08009229   Thumb Code     0  memcpya.o(.text)
    __aeabi_memcpy8                          0x08009229   Thumb Code     0  memcpya.o(.text)
    __aeabi_memset                           0x0800924d   Thumb Code    14  memseta.o(.text)
    __aeabi_memset4                          0x0800924d   Thumb Code     0  memseta.o(.text)
    __aeabi_memset8                          0x0800924d   Thumb Code     0  memseta.o(.text)
    __aeabi_memclr                           0x0800925b   Thumb Code     4  memseta.o(.text)
    __aeabi_memclr4                          0x0800925b   Thumb Code     0  memseta.o(.text)
    __aeabi_memclr8                          0x0800925b   Thumb Code     0  memseta.o(.text)
    _memset$wrapper                          0x0800925f   Thumb Code    18  memseta.o(.text)
    strlen                                   0x08009271   Thumb Code    14  strlen.o(.text)
    strcmp                                   0x0800927f   Thumb Code    28  strcmp.o(.text)
    memcmp                                   0x0800929b   Thumb Code    26  memcmp.o(.text)
    __aeabi_uidiv                            0x080092b5   Thumb Code     0  uidiv.o(.text)
    __aeabi_uidivmod                         0x080092b5   Thumb Code    44  uidiv.o(.text)
    __aeabi_llsl                             0x080092e1   Thumb Code    30  llshl.o(.text)
    _ll_shift_l                              0x080092e1   Thumb Code     0  llshl.o(.text)
    __aeabi_llsr                             0x080092ff   Thumb Code    32  llushr.o(.text)
    _ll_ushift_r                             0x080092ff   Thumb Code     0  llushr.o(.text)
    __scatterload                            0x08009321   Thumb Code    28  init.o(.text)
    __scatterload_rt2                        0x08009321   Thumb Code     0  init.o(.text)
    __decompress                             0x08009345   Thumb Code     0  __dczerorl.o(.text)
    __decompress0                            0x08009345   Thumb Code    58  __dczerorl.o(.text)
    imageFileInfo                            0x0800aa89   Thumb Code    68  net_http_server_web.o(.text.imageFileInfo)
    netCGI_Charset                           0x0800af15   Thumb Code     4  net_http_server.o(.text.netCGI_Charset)
    netCGI_ContentType                       0x0800af19   Thumb Code     4  net_http_server.o(.text.netCGI_ContentType)
    netCGI_CustomHeader                      0x0800af1d   Thumb Code     4  net_http_server.o(.text.netCGI_CustomHeader)
    netCGI_ProcessCookie                     0x0800af21   Thumb Code    12  net_http_server.o(.text.netCGI_ProcessCookie)
    netCGI_ProcessData                       0x0800af31   Thumb Code     2  net_http_server.o(.text.netCGI_ProcessData)
    netCGI_ProcessQuery                      0x0800af33   Thumb Code     2  net_http_server.o(.text.netCGI_ProcessQuery)
    netCGI_ProcessRequest                    0x0800af35   Thumb Code    12  net_http_server.o(.text.netCGI_ProcessRequest)
    netCGI_Redirect                          0x0800af45   Thumb Code     4  net_http_server.o(.text.netCGI_Redirect)
    netCGI_Script                            0x0800af49   Thumb Code     4  net_http_server.o(.text.netCGI_Script)
    netCGX_ContentType                       0x0800af4d   Thumb Code     4  net_http_server.o(.text.netCGX_ContentType)
    netCore_Thread                           0x0800af51   Thumb Code   180  net_sys.o(.text.netCore_Thread)
    netETH_Notify                            0x0800b011   Thumb Code     2  net_eth.o(.text.netETH_Notify)
    netETH_ReceiveRaw                        0x0800b013   Thumb Code     2  net_eth.o(.text.netETH_ReceiveRaw)
    netETH_Thread                            0x0800b015   Thumb Code   226  net_eth.o(.text.netETH_Thread)
    netHTTPs_AcceptClient                    0x0800b0f7   Thumb Code     4  net_http_server.o(.text.netHTTPs_AcceptClient)
    netHTTPs_CheckAccount                    0x0800b0fb   Thumb Code     4  net_http_server_auth.o(.text.netHTTPs_CheckAccount)
    netHTTPs_FileAccess                      0x0800b0ff   Thumb Code     4  net_http_server.o(.text.netHTTPs_FileAccess)
    netInitialize                            0x0800b105   Thumb Code   100  net_sys.o(.text.netInitialize)
    netMAC_aton                              0x0800b175   Thumb Code   102  net_addr.o(.text.netMAC_aton)
    netSNTPc_GetTime                         0x0800b1db   Thumb Code    28  net_sntp_client_core.o(.text.netSNTPc_GetTime)
    net_addr4_aton                           0x0800b1f7   Thumb Code   112  net_addr.o(.text.net_addr4_aton)
    net_addr4_is_subcast                     0x0800b267   Thumb Code    26  net_addr.o(.text.net_addr4_is_subcast)
    net_addr4_to_mac                         0x0800b281   Thumb Code    26  net_addr.o(.text.net_addr4_to_mac)
    net_addr6_aton                           0x0800b29b   Thumb Code   214  net_addr.o(.text.net_addr6_aton)
    net_addr6_comp                           0x0800b371   Thumb Code    40  net_addr.o(.text.net_addr6_comp)
    net_addr6_copy                           0x0800b399   Thumb Code    18  net_addr.o(.text.net_addr6_copy)
    net_addr6_create                         0x0800b3ad   Thumb Code    64  net_addr.o(.text.net_addr6_create)
    net_addr6_get_solicited                  0x0800b3f5   Thumb Code    32  net_addr.o(.text.net_addr6_get_solicited)
    net_addr6_is_linklocal                   0x0800b419   Thumb Code    22  net_addr.o(.text.net_addr6_is_linklocal)
    net_addr6_is_onlink                      0x0800b431   Thumb Code    84  net_addr.o(.text.net_addr6_is_onlink)
    net_addr6_is_solicited                   0x0800b485   Thumb Code    62  net_addr.o(.text.net_addr6_is_solicited)
    net_addr6_is_unspec                      0x0800b4c3   Thumb Code    24  net_addr.o(.text.net_addr6_is_unspec)
    net_addr6_to_mac                         0x0800b4db   Thumb Code    14  net_addr.o(.text.net_addr6_to_mac)
    net_addr_comp                            0x0800b4e9   Thumb Code    42  net_addr.o(.text.net_addr_comp)
    net_addr_copy                            0x0800b513   Thumb Code    48  net_addr.o(.text.net_addr_copy)
    net_addr_find_route                      0x0800b543   Thumb Code    26  net_addr.o(.text.net_addr_find_route)
    net_addr_get_local                       0x0800b55d   Thumb Code    28  net_addr.o(.text.net_addr_get_local)
    net_addr_is_unspec                       0x0800b57d   Thumb Code    30  net_addr.o(.text.net_addr_is_unspec)
    net_arp_cache_add                        0x0800b59b   Thumb Code   142  net_arp.o(.text.net_arp_cache_add)
    net_arp_cache_early                      0x0800b629   Thumb Code   120  net_arp.o(.text.net_arp_cache_early)
    net_arp_cache_find                       0x0800b6a1   Thumb Code   120  net_arp.o(.text.net_arp_cache_find)
    net_arp_cache_init                       0x0800b71d   Thumb Code    40  net_arp.o(.text.net_arp_cache_init)
    net_arp_cache_run                        0x0800b749   Thumb Code   344  net_arp.o(.text.net_arp_cache_run)
    net_arp_enqueue                          0x0800b8a9   Thumb Code   106  net_arp.o(.text.net_arp_enqueue)
    net_arp_notify                           0x0800b913   Thumb Code    30  net_arp.o(.text.net_arp_notify)
    net_arp_process                          0x0800b931   Thumb Code   378  net_arp.o(.text.net_arp_process)
    net_atoi                                 0x0800baab   Thumb Code    68  net_common.o(.text.net_atoi)
    net_base64_decode                        0x0800baf1   Thumb Code   116  net_base64.o(.text.net_base64_decode)
    net_chksum_buf                           0x0800bb69   Thumb Code    48  net_common.o(.text.net_chksum_buf)
    net_crc_buf                              0x0800bb99   Thumb Code    28  net_common.o(.text.net_crc_buf)
    net_eth_callback                         0x0800bbb5   Thumb Code    14  net_eth.o(.text.net_eth_callback)
    net_eth_config_mcast                     0x0800bbc3   Thumb Code   100  net_eth.o(.text.net_eth_config_mcast)
    net_eth_iface_init                       0x0800bc29   Thumb Code   676  net_eth.o(.text.net_eth_iface_init)
    net_eth_iface_run                        0x0800bed5   Thumb Code   628  net_eth.o(.text.net_eth_iface_run)
    net_eth_output                           0x0800c159   Thumb Code   158  net_eth.o(.text.net_eth_output)
    net_eth_send_frame                       0x0800c1f9   Thumb Code   284  net_eth.o(.text.net_eth_send_frame)
    net_http_server_init                     0x0800c319   Thumb Code   184  net_http_server.o(.text.net_http_server_init)
    net_http_server_run                      0x0800c3e1   Thumb Code  1240  net_http_server.o(.text.net_http_server_run)
    net_icmp6_init                           0x0800c93d   Thumb Code    20  net_icmp6.o(.text.net_icmp6_init)
    net_icmp6_process                        0x0800c955   Thumb Code   332  net_icmp6.o(.text.net_icmp6_process)
    net_icmp6_send                           0x0800caad   Thumb Code   100  net_icmp6.o(.text.net_icmp6_send)
    net_icmp6_send_echo                      0x0800cb11   Thumb Code    80  net_icmp6.o(.text.net_icmp6_send_echo)
    net_icmp_init                            0x0800cb69   Thumb Code    20  net_icmp.o(.text.net_icmp_init)
    net_icmp_process                         0x0800cb81   Thumb Code   244  net_icmp.o(.text.net_icmp_process)
    net_icmp_send_echo                       0x0800cc81   Thumb Code   124  net_icmp.o(.text.net_icmp_send_echo)
    net_ip4_chk_frame                        0x0800cd05   Thumb Code   256  net_ip4.o(.text.net_ip4_chk_frame)
    net_ip4_chksum                           0x0800ce11   Thumb Code    46  net_ip4.o(.text.net_ip4_chksum)
    net_ip4_chksum_buf                       0x0800ce3f   Thumb Code     6  net_ip4.o(.text.net_ip4_chksum_buf)
    net_ip4_find_route                       0x0800ce45   Thumb Code   104  net_ip4.o(.text.net_ip4_find_route)
    net_ip4_get_local                        0x0800cec5   Thumb Code    24  net_ip4.o(.text.net_ip4_get_local)
    net_ip4_init                             0x0800cee1   Thumb Code    16  net_ip4.o(.text.net_ip4_init)
    net_ip4_is_onlink                        0x0800cef9   Thumb Code    28  net_ip4.o(.text.net_ip4_is_onlink)
    net_ip4_reass_frame                      0x0800cf15   Thumb Code    16  net_ip4.o(.text.net_ip4_reass_frame)
    net_ip4_send_frame                       0x0800cf25   Thumb Code   288  net_ip4.o(.text.net_ip4_send_frame)
    net_ip4_tx_offl_hl                       0x0800d055   Thumb Code    42  net_ip4.o(.text.net_ip4_tx_offl_hl)
    net_ip6_chk_frame                        0x0800d081   Thumb Code   156  net_ip6.o(.text.net_ip6_chk_frame)
    net_ip6_chksum                           0x0800d129   Thumb Code    52  net_ip6.o(.text.net_ip6_chksum)
    net_ip6_collect_mcast                    0x0800d15d   Thumb Code   116  net_ip6.o(.text.net_ip6_collect_mcast)
    net_ip6_find_route                       0x0800d1d5   Thumb Code    60  net_ip6.o(.text.net_ip6_find_route)
    net_ip6_get_local                        0x0800d221   Thumb Code    64  net_ip6.o(.text.net_ip6_get_local)
    net_ip6_init                             0x0800d269   Thumb Code    12  net_ip6.o(.text.net_ip6_init)
    net_ip6_reass_frame                      0x0800d27d   Thumb Code    12  net_ip6.o(.text.net_ip6_reass_frame)
    net_ip6_send_frame                       0x0800d289   Thumb Code   196  net_ip6.o(.text.net_ip6_send_frame)
    net_ip6_tx_offl_hl                       0x0800d351   Thumb Code    32  net_ip6.o(.text.net_ip6_tx_offl_hl)
    net_itoa                                 0x0800d371   Thumb Code     8  net_common.o(.text.net_itoa)
    net_itoa_n0                              0x0800d379   Thumb Code     6  net_common.o(.text.net_itoa_n0)
    net_loop_iface_init                      0x0800d381   Thumb Code    28  net_loopback.o(.text.net_loop_iface_init)
    net_loop_iface_run                       0x0800d3a1   Thumb Code   156  net_loopback.o(.text.net_loop_iface_run)
    net_loop_send_frame                      0x0800d449   Thumb Code    76  net_loopback.o(.text.net_loop_send_frame)
    net_mem_alloc                            0x0800d499   Thumb Code   132  net_mem.o(.text.net_mem_alloc)
    net_mem_avail                            0x0800d525   Thumb Code    20  net_mem.o(.text.net_mem_avail)
    net_mem_free                             0x0800d53d   Thumb Code   116  net_mem.o(.text.net_mem_free)
    net_mem_init                             0x0800d5b9   Thumb Code    76  net_mem.o(.text.net_mem_init)
    net_mem_shrink                           0x0800d60d   Thumb Code    56  net_mem.o(.text.net_mem_shrink)
    net_nbns_client_init                     0x0800d649   Thumb Code    56  net_nbns_client.o(.text.net_nbns_client_init)
    net_nbns_client_run                      0x0800d68d   Thumb Code    12  net_nbns_client.o(.text.net_nbns_client_run)
    net_ndp_cache_find                       0x0800d69d   Thumb Code   232  net_ndp.o(.text.net_ndp_cache_find)
    net_ndp_cache_refresh                    0x0800d789   Thumb Code    86  net_ndp.o(.text.net_ndp_cache_refresh)
    net_ndp_enqueue                          0x0800d7df   Thumb Code   104  net_ndp.o(.text.net_ndp_enqueue)
    net_ndp_process                          0x0800d849   Thumb Code  1036  net_ndp.o(.text.net_ndp_process)
    net_path                                 0x0800dc59   Thumb Code    56  net_sys.o(.text.net_path)
    net_ping_client_init                     0x0800dc95   Thumb Code    12  net_ping_core.o(.text.net_ping_client_init)
    net_ping_client_run                      0x0800dca5   Thumb Code    60  net_ping_core.o(.text.net_ping_client_run)
    net_rand32                               0x0800dce9   Thumb Code    20  net_sys.o(.text.net_rand32)
    net_sntp_client_init                     0x0800dd05   Thumb Code    48  net_sntp_client_core.o(.text.net_sntp_client_init)
    net_sntp_client_run                      0x0800dd41   Thumb Code    68  net_sntp_client_core.o(.text.net_sntp_client_run)
    net_sntp_client_start                    0x0800dd8d   Thumb Code   208  net_sntp_client_core.o(.text.net_sntp_client_start)
    net_strcasecmp                           0x0800de65   Thumb Code    44  net_common.o(.text.net_strcasecmp)
    net_strchr                               0x0800de91   Thumb Code    22  net_common.o(.text.net_strchr)
    net_strcmp                               0x0800dea7   Thumb Code    24  net_common.o(.text.net_strcmp)
    net_strcpy                               0x0800debf   Thumb Code    16  net_common.o(.text.net_strcpy)
    net_strnchr                              0x0800decf   Thumb Code    30  net_common.o(.text.net_strnchr)
    net_strncpy                              0x0800deed   Thumb Code    26  net_common.o(.text.net_strncpy)
    net_strnstr                              0x0800df07   Thumb Code    82  net_common.o(.text.net_strnstr)
    net_strrchr                              0x0800df59   Thumb Code    26  net_common.o(.text.net_strrchr)
    net_sys_lock                             0x0800df75   Thumb Code     8  net_sys.o(.text.net_sys_lock)
    net_sys_resume                           0x0800df81   Thumb Code    20  net_sys.o(.text.net_sys_resume)
    net_sys_tick                             0x0800df95   Thumb Code    20  net_sys.o(.text.net_sys_tick)
    net_sys_unlock                           0x0800dfad   Thumb Code     8  net_sys.o(.text.net_sys_unlock)
    net_sys_wakeup                           0x0800dfb9   Thumb Code    28  net_sys.o(.text.net_sys_wakeup)
    net_tcp_abort                            0x0800dfd9   Thumb Code    84  net_tcp.o(.text.net_tcp_abort)
    net_tcp_close                            0x0800e031   Thumb Code   160  net_tcp.o(.text.net_tcp_close)
    net_tcp_get_buf                          0x0800e0d5   Thumb Code    34  net_tcp.o(.text.net_tcp_get_buf)
    net_tcp_get_mss                          0x0800e0f9   Thumb Code    28  net_tcp.o(.text.net_tcp_get_mss)
    net_tcp_get_socket                       0x0800e119   Thumb Code    72  net_tcp.o(.text.net_tcp_get_socket)
    net_tcp_get_state                        0x0800e165   Thumb Code    32  net_tcp.o(.text.net_tcp_get_state)
    net_tcp_listen                           0x0800e189   Thumb Code   120  net_tcp.o(.text.net_tcp_listen)
    net_tcp_process                          0x0800e205   Thumb Code  2104  net_tcp.o(.text.net_tcp_process)
    net_tcp_send                             0x0800ea45   Thumb Code   252  net_tcp.o(.text.net_tcp_send)
    net_tcp_set_option                       0x0800eb49   Thumb Code   176  net_tcp.o(.text.net_tcp_set_option)
    net_tcp_socket_init                      0x0800ebfd   Thumb Code    12  net_tcp.o(.text.net_tcp_socket_init)
    net_tcp_socket_run                       0x0800ec0d   Thumb Code   876  net_tcp.o(.text.net_tcp_socket_run)
    net_udp_close                            0x0800ef85   Thumb Code    32  net_udp.o(.text.net_udp_close)
    net_udp_get_buf                          0x0800efa9   Thumb Code    34  net_udp.o(.text.net_udp_get_buf)
    net_udp_get_socket                       0x0800efcd   Thumb Code    64  net_udp.o(.text.net_udp_get_socket)
    net_udp_open                             0x0800f015   Thumb Code   120  net_udp.o(.text.net_udp_open)
    net_udp_process                          0x0800f095   Thumb Code   280  net_udp.o(.text.net_udp_process)
    net_udp_send                             0x0800f1b9   Thumb Code    20  net_udp.o(.text.net_udp_send)
    net_udp_send_if                          0x0800f1cd   Thumb Code   420  net_udp.o(.text.net_udp_send_if)
    net_udp_socket_init                      0x0800f379   Thumb Code    12  net_udp.o(.text.net_udp_socket_init)
    net_ultoa                                0x0800f389   Thumb Code     8  net_common.o(.text.net_ultoa)
    net_xtouc                                0x0800f391   Thumb Code    26  net_common.o(.text.net_xtouc)
    net_xtoul                                0x0800f3ab   Thumb Code    90  net_common.o(.text.net_xtoul)
    __0printf$6                              0x0800fa85   Thumb Code    22  printf6.o(i.__0printf$6)
    __1printf$6                              0x0800fa85   Thumb Code     0  printf6.o(i.__0printf$6)
    __2printf                                0x0800fa85   Thumb Code     0  printf6.o(i.__0printf$6)
    __0sprintf$6                             0x0800faa5   Thumb Code    34  printf6.o(i.__0sprintf$6)
    __1sprintf$6                             0x0800faa5   Thumb Code     0  printf6.o(i.__0sprintf$6)
    __2sprintf                               0x0800faa5   Thumb Code     0  printf6.o(i.__0sprintf$6)
    __scatterload_copy                       0x0800facd   Thumb Code    14  handlers.o(i.__scatterload_copy)
    __scatterload_null                       0x0800fadb   Thumb Code     2  handlers.o(i.__scatterload_null)
    __scatterload_zeroinit                   0x0800fadd   Thumb Code    14  handlers.o(i.__scatterload_zeroinit)
    fputs                                    0x0800fe39   Thumb Code    24  fputs.o(i.fputs)
    osRtxUserSVC                             0x0800feb0   Data           4  rtx_lib.o(.constdata)
    Driver_ETH_PHY0                          0x0800feb8   Data          32  phy_lan8742a.o(.constdata)
    Driver_ETH_MAC0                          0x0800ff28   Data          68  emac_stm32f4xx.o(.constdata)
    EventRecorderInfo                        0x0800ff6c   Data          24  eventrecorder.o(.constdata)
    AHBPrescTable                            0x0800ff84   Data          16  system_stm32f4xx.o(.constdata)
    APBPrescTable                            0x0800ff94   Data           8  system_stm32f4xx.o(.constdata)
    net_sys_config                           0x08010044   Data          28  net_config.o(.constdata)
    net_eth0_if_config                       0x080100a8   Data          44  net_config.o(.constdata)
    net_eth_list                             0x080100d4   Data           8  net_config.o(.constdata)
    net_if_list_all                          0x080100dc   Data           8  net_config.o(.constdata)
    net_if_inet_def                          0x080100e4   Data           8  net_config.o(.constdata)
    net_if_link_def                          0x080100ec   Data           8  net_config.o(.constdata)
    net_arp_list                             0x080100f4   Data           8  net_config.o(.constdata)
    net_icmp_list                            0x080100fc   Data           8  net_config.o(.constdata)
    net_icmp6_list                           0x08010104   Data           4  net_config.o(.constdata)
    net_nbns_config                          0x08010108   Data           8  net_config.o(.constdata)
    net_udp_config                           0x08010110   Data          12  net_config.o(.constdata)
    net_tcp_config                           0x0801011c   Data          24  net_config.o(.constdata)
    net_http_config                          0x08010134   Data          52  net_config.o(.constdata)
    net_sntp_config                          0x08010168   Data           8  net_config.o(.constdata)
    osRtxConfig                              0x080102c8   Data         112  rtx_lib.o(.rodata)
    os_cb_sections                           0x08010338   Data          56  rtx_lib.o(.rodata)
    imageLastModified                        0x0801062c   Data           4  net_http_server_web.o(.rodata.imageLastModified)
    net_addr4_loopback                       0x08010630   Data           4  net_ip4.o(.rodata.net_addr4_loopback)
    net_addr6_all_nodes                      0x08010634   Data          16  net_ip6.o(.rodata.net_addr6_all_nodes)
    net_addr6_loopback                       0x08010644   Data          16  net_ip6.o(.rodata.net_addr6_loopback)
    net_addr_bcast                           0x08010654   Data           6  net_addr.o(.rodata.net_addr_bcast)
    net_addr_unspec                          0x0801065a   Data          16  net_addr.o(.rodata.net_addr_unspec)
    net_http_auth_basic_func                 0x080106bc   Data          24  net_http_server_auth.o(.rodata.net_http_auth_basic_func)
    net_http_error                           0x080106d4   Data          24  net_http_server_err.o(.rodata.net_http_error)
    net_lib_version                          0x080106ec   Data           4  net_version.o(.rodata.net_lib_version)
    network_ip4ip6_release_v7.19.0           0x080106ec   Data           4  net_version.o(.rodata.net_lib_version)
    net_loop_if_config                       0x080106f0   Data          44  net_loopback.o(.rodata.net_loop_if_config)
    net_ping_payload                         0x0801071c   Data          18  net_ping_core.o(.rodata.net_ping_payload)
    Region$$Table$$Base                      0x08010ad4   Number         0  anon$$obj.o(Region$$Table)
    Region$$Table$$Limit                     0x08010af4   Number         0  anon$$obj.o(Region$$Table)
    .bss.os.msgqueue.cb$$Base                0x20008044   Number         0  rtx_lib.o(.bss.os.msgqueue.cb)
    .bss.os.msgqueue.cb$$Limit               0x20008078   Number         0  rtx_lib.o(.bss.os.msgqueue.cb)
    .bss.os.mutex.cb$$Base                   0x200080c8   Number         0  net_config.o(.bss.os.mutex.cb)
    .bss.os.mutex.cb$$Limit                  0x20008100   Number         0  net_config.o(.bss.os.mutex.cb)
    .bss.os.semaphore.cb$$Base               0x20008100   Number         0  net_config.o(.bss.os.semaphore.cb)
    .bss.os.semaphore.cb$$Limit              0x20008110   Number         0  net_config.o(.bss.os.semaphore.cb)
    .bss.os.thread.cb$$Base                  0x20008110   Number         0  rtx_lib.o(.bss.os.thread.cb)
    .bss.os.thread.cb$$Limit                 0x20008220   Number         0  net_config.o(.bss.os.thread.cb)
    .bss.os.timer.cb$$Base                   0x20008620   Number         0  net_config.o(.bss.os.timer.cb)
    .bss.os.timer.cb$$Limit                  0x20008640   Number         0  net_config.o(.bss.os.timer.cb)
    sdatestructure                           0x20008648   Data           4  rtc.o(.data)
    tim_id_3min                              0x20008650   Data           4  rtc.o(.data)
    ITM_RxBuffer                             0x20008660   Data           4  retarget_io.o(.data)
    uwTickFreq                               0x20008664   Data           1  stm32f4xx_hal.o(.data)
    uwTickPrio                               0x20008668   Data           4  stm32f4xx_hal.o(.data)
    uwTick                                   0x2000866c   Data           4  stm32f4xx_hal.o(.data)
    SystemCoreClock                          0x20008670   Data           4  system_stm32f4xx.o(.data)
    __stdout                                 0x20008684   Data           4  stdout.o(.data)
    __stderr                                 0x20008688   Data           4  stderr.o(.data)
    osRtxInfo                                0x2000868c   Data         164  rtx_kernel.o(.data.os)
    RtcHandle                                0x20008730   Data          32  rtc.o(.bss)
    stimestructure                           0x20008750   Data          20  rtc.o(.bss)
    ts                                       0x20008764   Data          44  rtc.o(.bss)
    net_http_control                         0x2000e68c   Data          20  net_http_server.o(.bss..L_MergedGlobals)
    net_sys_control                          0x2000e6e0   Data          28  net_sys.o(.bss..L_MergedGlobals)
    net_eth0_arp_control                     0x2000e754   Data          24  net_arp.o(.bss.net_eth0_arp_control)
    net_eth0_icmp_control                    0x2000e76c   Data           1  net_icmp.o(.bss.net_eth0_icmp_control)
    net_eth0_if_control                      0x2000e770   Data         160  net_eth.o(.bss.net_eth0_if_control)
    net_ping_control                         0x2000e810   Data          44  net_ping_core.o(.bss.net_ping_control)
    net_sntp_control                         0x2000e83c   Data          44  net_sntp_client_core.o(.bss.net_sntp_control)
    __initial_sp                             0x2000f168   Data           0  startup_stm32f429xx.o(STACK)



==============================================================================

Memory Map of the image

  Image Entry point : 0x080001ad

  Load Region LR_IROM1 (Base: 0x08000000, Size: 0x00019224, Max: 0x00200000, ABSOLUTE, COMPRESSED[0x00010c1c])

    Execution Region ER_IROM1 (Exec base: 0x08000000, Load base: 0x08000000, Size: 0x00010af4, Max: 0x00200000, ABSOLUTE)

    Exec Addr    Load Addr    Size         Type   Attr      Idx    E Section Name        Object

    0x08000000   0x08000000   0x000001ac   Data   RO         1272    RESET               startup_stm32f429xx.o
    0x080001ac   0x080001ac   0x00000000   Code   RO         2501  * .ARM.Collect$$$$00000000  mc_w.l(entry.o)
    0x080001ac   0x080001ac   0x00000004   Code   RO         2789    .ARM.Collect$$$$00000001  mc_w.l(entry2.o)
    0x080001b0   0x080001b0   0x00000004   Code   RO         2792    .ARM.Collect$$$$00000004  mc_w.l(entry5.o)
    0x080001b4   0x080001b4   0x00000000   Code   RO         2794    .ARM.Collect$$$$00000008  mc_w.l(entry7b.o)
    0x080001b4   0x080001b4   0x00000000   Code   RO         2796    .ARM.Collect$$$$0000000A  mc_w.l(entry8b.o)
    0x080001b4   0x080001b4   0x00000008   Code   RO         2797    .ARM.Collect$$$$0000000B  mc_w.l(entry9a.o)
    0x080001bc   0x080001bc   0x00000004   Code   RO         2804    .ARM.Collect$$$$0000000E  mc_w.l(entry12b.o)
    0x080001c0   0x080001c0   0x00000000   Code   RO         2799    .ARM.Collect$$$$0000000F  mc_w.l(entry10a.o)
    0x080001c0   0x080001c0   0x00000000   Code   RO         2801    .ARM.Collect$$$$00000011  mc_w.l(entry11a.o)
    0x080001c0   0x080001c0   0x00000004   Code   RO         2790    .ARM.Collect$$$$00002712  mc_w.l(entry2.o)
    0x080001c4   0x080001c4   0x00000148   Code   RO          464    .emb_text           rtx_mempool.o
    0x0800030c   0x0800030c   0x00000148   Code   RO          495    .emb_text           rtx_msgqueue.o
    0x08000454   0x08000454   0x00000148   Code   RO          557    .emb_text           rtx_semaphore.o
    0x0800059c   0x0800059c   0x00000148   Code   RO          588    .emb_text           rtx_system.o
    0x080006e4   0x080006e4   0x00000148   Code   RO          622    .emb_text           rtx_thread.o
    0x0800082c   0x0800082c   0x00000084   Code   RO          810    .emb_text           eventrecorder.o
    0x080008b0   0x080008b0   0x0000016c   Code   RO            4    .text               main.o
    0x08000a1c   0x08000a1c   0x00000220   Code   RO          154    .text               rtc.o
    0x08000c3c   0x08000c3c   0x00000094   Code   RO          200    .text               irq_armv7m.o
    0x08000cd0   0x08000cd0   0x00000104   Code   RO          208    .text               rtx_delay.o
    0x08000dd4   0x08000dd4   0x00000958   Code   RO          306    .text               rtx_evr.o
    0x0800172c   0x0800172c   0x000006cc   Code   RO          331    .text               rtx_kernel.o
    0x08001df8   0x08001df8   0x000000fe   Code   RO          379    .text               rtx_lib.o
    0x08001ef6   0x08001ef6   0x00000124   Code   RO          434    .text               rtx_memory.o
    0x0800201a   0x0800201a   0x00000002   PAD
    0x0800201c   0x0800201c   0x00000678   Code   RO          465    .text               rtx_mempool.o
    0x08002694   0x08002694   0x000009ac   Code   RO          496    .text               rtx_msgqueue.o
    0x08003040   0x08003040   0x00000558   Code   RO          527    .text               rtx_mutex.o
    0x08003598   0x08003598   0x00000450   Code   RO          558    .text               rtx_semaphore.o
    0x080039e8   0x080039e8   0x00000154   Code   RO          589    .text               rtx_system.o
    0x08003b3c   0x08003b3c   0x000011d4   Code   RO          623    .text               rtx_thread.o
    0x08004d10   0x08004d10   0x00000484   Code   RO          660    .text               rtx_timer.o
    0x08005194   0x08005194   0x000000c4   Code   RO          690    .text               os_systick.o
    0x08005258   0x08005258   0x00000004   Code   RO          716    .text               rtx_config.o
    0x0800525c   0x0800525c   0x000001ac   Code   RO          737    .text               phy_lan8742a.o
    0x08005408   0x08005408   0x000009f8   Code   RO          768    .text               emac_stm32f4xx.o
    0x08005e00   0x08005e00   0x00000550   Code   RO          811    .text               eventrecorder.o
    0x08006350   0x08006350   0x000000f0   Code   RO          846    .text               retarget_io.o
    0x08006440   0x08006440   0x000001c8   Code   RO          878    .text               stm32f4xx_hal.o
    0x08006608   0x08006608   0x00000298   Code   RO          908    .text               stm32f4xx_hal_cortex.o
    0x080068a0   0x080068a0   0x00000388   Code   RO          985    .text               stm32f4xx_hal_gpio.o
    0x08006c28   0x08006c28   0x00000188   Code   RO         1009    .text               stm32f4xx_hal_pwr.o
    0x08006db0   0x08006db0   0x00000754   Code   RO         1057    .text               stm32f4xx_hal_rcc.o
    0x08007504   0x08007504   0x000005e4   Code   RO         1081    .text               stm32f4xx_hal_rcc_ex.o
    0x08007ae8   0x08007ae8   0x00000964   Code   RO         1105    .text               stm32f4xx_hal_rtc.o
    0x0800844c   0x0800844c   0x00000abc   Code   RO         1129    .text               stm32f4xx_hal_rtc_ex.o
    0x08008f08   0x08008f08   0x00000024   Code   RO         1273    .text               startup_stm32f429xx.o
    0x08008f2c   0x08008f2c   0x00000088   Code   RO         1280    .text               system_stm32f4xx.o
    0x08008fb4   0x08008fb4   0x0000017c   Code   RO         1309    .text               net_config.o
    0x08009130   0x08009130   0x00000062   Code   RO         2510    .text               mc_w.l(uldiv.o)
    0x08009192   0x08009192   0x00000002   PAD
    0x08009194   0x08009194   0x00000094   Code   RO         2512    .text               mc_w.l(localtime.o)
    0x08009228   0x08009228   0x00000024   Code   RO         2516    .text               mc_w.l(memcpya.o)
    0x0800924c   0x0800924c   0x00000024   Code   RO         2518    .text               mc_w.l(memseta.o)
    0x08009270   0x08009270   0x0000000e   Code   RO         2520    .text               mc_w.l(strlen.o)
    0x0800927e   0x0800927e   0x0000001c   Code   RO         2522    .text               mc_w.l(strcmp.o)
    0x0800929a   0x0800929a   0x0000001a   Code   RO         2524    .text               mc_w.l(memcmp.o)
    0x080092b4   0x080092b4   0x0000002c   Code   RO         2805    .text               mc_w.l(uidiv.o)
    0x080092e0   0x080092e0   0x0000001e   Code   RO         2807    .text               mc_w.l(llshl.o)
    0x080092fe   0x080092fe   0x00000020   Code   RO         2809    .text               mc_w.l(llushr.o)
    0x0800931e   0x0800931e   0x00000002   PAD
    0x08009320   0x08009320   0x00000024   Code   RO         2822    .text               mc_w.l(init.o)
    0x08009344   0x08009344   0x0000003a   Code   RO         2835    .text               mc_w.l(__dczerorl.o)
    0x0800937e   0x0800937e   0x00000006   Code   RO         1440    .text.OUTLINED_FUNCTION_0  Net_CM3_L.lib(net_eth.o)
    0x08009384   0x08009384   0x0000000e   Code   RO         1806    .text.OUTLINED_FUNCTION_0  Net_CM3_L.lib(net_nbns_client.o)
    0x08009392   0x08009392   0x00000008   Code   RO         1923    .text.OUTLINED_FUNCTION_0  Net_CM3_L.lib(net_http_server.o)
    0x0800939a   0x0800939a   0x0000000c   Code   RO         2017    .text.OUTLINED_FUNCTION_0  Net_CM3_L.lib(net_sntp_client_core.o)
    0x080093a6   0x080093a6   0x00000006   Code   RO         2147    .text.OUTLINED_FUNCTION_0  Net_CM3_L.lib(net_ndp.o)
    0x080093ac   0x080093ac   0x00000006   Code   RO         2233    .text.OUTLINED_FUNCTION_0  Net_CM3_L.lib(net_ip6.o)
    0x080093b2   0x080093b2   0x0000000e   Code   RO         2446    .text.OUTLINED_FUNCTION_0  Net_CM3_L.lib(net_addr.o)
    0x080093c0   0x080093c0   0x00000006   Code   RO         1442    .text.OUTLINED_FUNCTION_1  Net_CM3_L.lib(net_eth.o)
    0x080093c6   0x080093c6   0x0000000a   Code   RO         1623    .text.OUTLINED_FUNCTION_1  Net_CM3_L.lib(net_udp.o)
    0x080093d0   0x080093d0   0x00000018   Code   RO         1747    .text.OUTLINED_FUNCTION_1  Net_CM3_L.lib(net_tcp.o)
    0x080093e8   0x080093e8   0x00000016   Code   RO         1925    .text.OUTLINED_FUNCTION_1  Net_CM3_L.lib(net_http_server.o)
    0x080093fe   0x080093fe   0x0000000a   Code   RO         2019    .text.OUTLINED_FUNCTION_1  Net_CM3_L.lib(net_sntp_client_core.o)
    0x08009408   0x08009408   0x0000000c   Code   RO         1765    .text.OUTLINED_FUNCTION_10  Net_CM3_L.lib(net_tcp.o)
    0x08009414   0x08009414   0x00000010   Code   RO         1767    .text.OUTLINED_FUNCTION_11  Net_CM3_L.lib(net_tcp.o)
    0x08009424   0x08009424   0x0000000a   Code   RO         1773    .text.OUTLINED_FUNCTION_14  Net_CM3_L.lib(net_tcp.o)
    0x0800942e   0x0800942e   0x0000000a   Code   RO         1444    .text.OUTLINED_FUNCTION_2  Net_CM3_L.lib(net_eth.o)
    0x08009438   0x08009438   0x0000000e   Code   RO         1625    .text.OUTLINED_FUNCTION_2  Net_CM3_L.lib(net_udp.o)
    0x08009446   0x08009446   0x00000018   Code   RO         1749    .text.OUTLINED_FUNCTION_2  Net_CM3_L.lib(net_tcp.o)
    0x0800945e   0x0800945e   0x00000006   Code   RO         1927    .text.OUTLINED_FUNCTION_2  Net_CM3_L.lib(net_http_server.o)
    0x08009464   0x08009464   0x0000000a   Code   RO         2151    .text.OUTLINED_FUNCTION_2  Net_CM3_L.lib(net_ndp.o)
    0x0800946e   0x0800946e   0x00000006   Code   RO         1446    .text.OUTLINED_FUNCTION_3  Net_CM3_L.lib(net_eth.o)
    0x08009474   0x08009474   0x00000008   Code   RO         1751    .text.OUTLINED_FUNCTION_3  Net_CM3_L.lib(net_tcp.o)
    0x0800947c   0x0800947c   0x00000008   Code   RO         1929    .text.OUTLINED_FUNCTION_3  Net_CM3_L.lib(net_http_server.o)
    0x08009484   0x08009484   0x0000000e   Code   RO         1448    .text.OUTLINED_FUNCTION_4  Net_CM3_L.lib(net_eth.o)
    0x08009492   0x08009492   0x00000008   Code   RO         1931    .text.OUTLINED_FUNCTION_4  Net_CM3_L.lib(net_http_server.o)
    0x0800949a   0x0800949a   0x0000000a   Code   RO         1450    .text.OUTLINED_FUNCTION_5  Net_CM3_L.lib(net_eth.o)
    0x080094a4   0x080094a4   0x00000014   Code   RO         1755    .text.OUTLINED_FUNCTION_5  Net_CM3_L.lib(net_tcp.o)
    0x080094b8   0x080094b8   0x00000006   Code   RO         1933    .text.OUTLINED_FUNCTION_5  Net_CM3_L.lib(net_http_server.o)
    0x080094be   0x080094be   0x0000000c   Code   RO         1757    .text.OUTLINED_FUNCTION_6  Net_CM3_L.lib(net_tcp.o)
    0x080094ca   0x080094ca   0x00000008   Code   RO         1935    .text.OUTLINED_FUNCTION_6  Net_CM3_L.lib(net_http_server.o)
    0x080094d2   0x080094d2   0x0000000e   Code   RO         1759    .text.OUTLINED_FUNCTION_7  Net_CM3_L.lib(net_tcp.o)
    0x080094e0   0x080094e0   0x00000006   Code   RO         1937    .text.OUTLINED_FUNCTION_7  Net_CM3_L.lib(net_http_server.o)
    0x080094e6   0x080094e6   0x0000000c   Code   RO         1761    .text.OUTLINED_FUNCTION_8  Net_CM3_L.lib(net_tcp.o)
    0x080094f2   0x080094f2   0x0000000a   Code   RO         1939    .text.OUTLINED_FUNCTION_8  Net_CM3_L.lib(net_http_server.o)
    0x080094fc   0x080094fc   0x00000008   Code   RO         1763    .text.OUTLINED_FUNCTION_9  Net_CM3_L.lib(net_tcp.o)
    0x08009504   0x08009504   0x0000005c   Code   RO         1905    .text.add_server_id  Net_CM3_L.lib(net_http_server.o)
    0x08009560   0x08009560   0x0000005e   Code   RO         1486    .text.arp_cache_alloc  Net_CM3_L.lib(net_arp.o)
    0x080095be   0x080095be   0x00000036   Code   RO         1484    .text.arp_is_cacheable  Net_CM3_L.lib(net_arp.o)
    0x080095f4   0x080095f4   0x000000be   Code   RO         1476    .text.arp_proc_response  Net_CM3_L.lib(net_arp.o)
    0x080096b2   0x080096b2   0x00000018   Code   RO         1488    .text.arp_que_free  Net_CM3_L.lib(net_arp.o)
    0x080096ca   0x080096ca   0x00000002   PAD
    0x080096cc   0x080096cc   0x0000007c   Code   RO         1474    .text.arp_send_reply  Net_CM3_L.lib(net_arp.o)
    0x08009748   0x08009748   0x000000b0   Code   RO         1480    .text.arp_send_request  Net_CM3_L.lib(net_arp.o)
    0x080097f8   0x080097f8   0x00000070   Code   RO         1470    .text.arp_sender_valid  Net_CM3_L.lib(net_arp.o)
    0x08009868   0x08009868   0x0000003e   Code   RO         1804    .text.base16_decode  Net_CM3_L.lib(net_nbns_client.o)
    0x080098a6   0x080098a6   0x00000002   PAD
    0x080098a8   0x080098a8   0x00000154   Code   RO         1913    .text.chk_post_req  Net_CM3_L.lib(net_http_server.o)
    0x080099fc   0x080099fc   0x0000002c   Code   RO         2337    .text.crc32_8bit    Net_CM3_L.lib(net_common.o)
    0x08009a28   0x08009a28   0x00000088   Code   RO         1410    .text.eth_check_link  Net_CM3_L.lib(net_eth.o)
    0x08009ab0   0x08009ab0   0x00000018   Code   RO         1418    .text.eth_if_map    Net_CM3_L.lib(net_eth.o)
    0x08009ac8   0x08009ac8   0x00000008   Code   RO         1408    .text.eth_lock      Net_CM3_L.lib(net_eth.o)
    0x08009ad0   0x08009ad0   0x00000008   Code   RO         1412    .text.eth_unlock    Net_CM3_L.lib(net_eth.o)
    0x08009ad8   0x08009ad8   0x0000002a   Code   RO         1917    .text.get_next_field  Net_CM3_L.lib(net_http_server.o)
    0x08009b02   0x08009b02   0x00000034   Code   RO         1919    .text.get_next_par  Net_CM3_L.lib(net_http_server.o)
    0x08009b36   0x08009b36   0x00000022   Code   RO         2367    .text.hex2uc        Net_CM3_L.lib(net_common.o)
    0x08009b58   0x08009b58   0x000003e4   Code   RO         1899    .text.http_add_header  Net_CM3_L.lib(net_http_server.o)
    0x08009f3c   0x08009f3c   0x00000050   Code   RO         1962    .text.http_auth_basic_add  Net_CM3_L.lib(net_http_server_auth.o)
    0x08009f8c   0x08009f8c   0x0000007c   Code   RO         1964    .text.http_auth_basic_parse  Net_CM3_L.lib(net_http_server_auth.o)
    0x0800a008   0x0800a008   0x00000002   Code   RO         1960    .text.http_auth_dummy  Net_CM3_L.lib(net_http_server_auth.o)
    0x0800a00a   0x0800a00a   0x00000002   PAD
    0x0800a00c   0x0800a00c   0x00000020   Code   RO         1958    .text.http_auth_init  Net_CM3_L.lib(net_http_server_auth.o)
    0x0800a02c   0x0800a02c   0x00000074   Code   RO         1895    .text.http_kill_session  Net_CM3_L.lib(net_http_server.o)
    0x0800a0a0   0x0800a0a0   0x0000036c   Code   RO         1819    .text.http_listener  Net_CM3_L.lib(net_http_server.o)
    0x0800a40c   0x0800a40c   0x00000124   Code   RO         1903    .text.http_open_file  Net_CM3_L.lib(net_http_server.o)
    0x0800a530   0x0800a530   0x00000280   Code   RO         1909    .text.http_parse_header  Net_CM3_L.lib(net_http_server.o)
    0x0800a7b0   0x0800a7b0   0x000000f8   Code   RO         1915    .text.http_proc_post  Net_CM3_L.lib(net_http_server.o)
    0x0800a8a8   0x0800a8a8   0x000000dc   Code   RO         1907    .text.http_proc_uri  Net_CM3_L.lib(net_http_server.o)
    0x0800a984   0x0800a984   0x0000005c   Code   RO         1821    .text.http_server_start  Net_CM3_L.lib(net_http_server.o)
    0x0800a9e0   0x0800a9e0   0x00000070   Code   RO         1911    .text.http_set_ftype  Net_CM3_L.lib(net_http_server.o)
    0x0800aa50   0x0800aa50   0x0000001a   Code   RO         1901    .text.http_strcpy   Net_CM3_L.lib(net_http_server.o)
    0x0800aa6a   0x0800aa6a   0x0000001e   Code   RO         2357    .text.i2str         Net_CM3_L.lib(net_common.o)
    0x0800aa88   0x0800aa88   0x00000050   Code   RO         2278    .text.imageFileInfo  Net_CM3_L.lib(net_http_server_web.o)
    0x0800aad8   0x0800aad8   0x0000000e   Code   RO         2173    .text.ip4_get_chksum  Net_CM3_L.lib(net_ip4.o)
    0x0800aae6   0x0800aae6   0x0000001c   Code   RO         2175    .text.ip4_get_mtu   Net_CM3_L.lib(net_ip4.o)
    0x0800ab02   0x0800ab02   0x00000012   Code   RO         2171    .text.ip4_is_subcast  Net_CM3_L.lib(net_ip4.o)
    0x0800ab14   0x0800ab14   0x0000001c   Code   RO         2213    .text.ip6_get_mtu   Net_CM3_L.lib(net_ip6.o)
    0x0800ab30   0x0800ab30   0x0000000c   Code   RO         2296    .text.mem_lock      Net_CM3_L.lib(net_mem.o)
    0x0800ab3c   0x0800ab3c   0x0000000c   Code   RO         2298    .text.mem_unlock    Net_CM3_L.lib(net_mem.o)
    0x0800ab48   0x0800ab48   0x00000140   Code   RO         1788    .text.nbns_listener  Net_CM3_L.lib(net_nbns_client.o)
    0x0800ac88   0x0800ac88   0x0000009a   Code   RO         2109    .text.ndp_cache_add  Net_CM3_L.lib(net_ndp.o)
    0x0800ad22   0x0800ad22   0x0000007c   Code   RO         2117    .text.ndp_cache_alloc  Net_CM3_L.lib(net_ndp.o)
    0x0800ad9e   0x0800ad9e   0x00000030   Code   RO         2107    .text.ndp_check_frame  Net_CM3_L.lib(net_ndp.o)
    0x0800adce   0x0800adce   0x00000018   Code   RO         2119    .text.ndp_que_free  Net_CM3_L.lib(net_ndp.o)
    0x0800ade6   0x0800ade6   0x00000002   PAD
    0x0800ade8   0x0800ade8   0x00000038   Code   RO         2145    .text.ndp_router_remove  Net_CM3_L.lib(net_ndp.o)
    0x0800ae20   0x0800ae20   0x00000064   Code   RO         2111    .text.ndp_send_reply  Net_CM3_L.lib(net_ndp.o)
    0x0800ae84   0x0800ae84   0x00000090   Code   RO         2141    .text.ndp_send_request  Net_CM3_L.lib(net_ndp.o)
    0x0800af14   0x0800af14   0x00000004   Code   RO         1877    .text.netCGI_Charset  Net_CM3_L.lib(net_http_server.o)
    0x0800af18   0x0800af18   0x00000004   Code   RO         1873    .text.netCGI_ContentType  Net_CM3_L.lib(net_http_server.o)
    0x0800af1c   0x0800af1c   0x00000004   Code   RO         1879    .text.netCGI_CustomHeader  Net_CM3_L.lib(net_http_server.o)
    0x0800af20   0x0800af20   0x00000010   Code   RO         1893    .text.netCGI_ProcessCookie  Net_CM3_L.lib(net_http_server.o)
    0x0800af30   0x0800af30   0x00000002   Code   RO         1825    .text.netCGI_ProcessData  Net_CM3_L.lib(net_http_server.o)
    0x0800af32   0x0800af32   0x00000002   Code   RO         1887    .text.netCGI_ProcessQuery  Net_CM3_L.lib(net_http_server.o)
    0x0800af34   0x0800af34   0x00000010   Code   RO         1891    .text.netCGI_ProcessRequest  Net_CM3_L.lib(net_http_server.o)
    0x0800af44   0x0800af44   0x00000004   Code   RO         1881    .text.netCGI_Redirect  Net_CM3_L.lib(net_http_server.o)
    0x0800af48   0x0800af48   0x00000004   Code   RO         1889    .text.netCGI_Script  Net_CM3_L.lib(net_http_server.o)
    0x0800af4c   0x0800af4c   0x00000004   Code   RO         1875    .text.netCGX_ContentType  Net_CM3_L.lib(net_http_server.o)
    0x0800af50   0x0800af50   0x000000c0   Code   RO         2060    .text.netCore_Thread  Net_CM3_L.lib(net_sys.o)
    0x0800b010   0x0800b010   0x00000002   Code   RO         1436    .text.netETH_Notify  Net_CM3_L.lib(net_eth.o)
    0x0800b012   0x0800b012   0x00000002   Code   RO         1438    .text.netETH_ReceiveRaw  Net_CM3_L.lib(net_eth.o)
    0x0800b014   0x0800b014   0x000000e2   Code   RO         1406    .text.netETH_Thread  Net_CM3_L.lib(net_eth.o)
    0x0800b0f6   0x0800b0f6   0x00000004   Code   RO         1883    .text.netHTTPs_AcceptClient  Net_CM3_L.lib(net_http_server.o)
    0x0800b0fa   0x0800b0fa   0x00000004   Code   RO         1976    .text.netHTTPs_CheckAccount  Net_CM3_L.lib(net_http_server_auth.o)
    0x0800b0fe   0x0800b0fe   0x00000004   Code   RO         1885    .text.netHTTPs_FileAccess  Net_CM3_L.lib(net_http_server.o)
    0x0800b102   0x0800b102   0x00000002   PAD
    0x0800b104   0x0800b104   0x00000070   Code   RO         2052    .text.netInitialize  Net_CM3_L.lib(net_sys.o)
    0x0800b174   0x0800b174   0x00000066   Code   RO         2386    .text.netMAC_aton   Net_CM3_L.lib(net_addr.o)
    0x0800b1da   0x0800b1da   0x0000001c   Code   RO         1999    .text.netSNTPc_GetTime  Net_CM3_L.lib(net_sntp_client_core.o)
    0x0800b1f6   0x0800b1f6   0x00000070   Code   RO         2380    .text.net_addr4_aton  Net_CM3_L.lib(net_addr.o)
    0x0800b266   0x0800b266   0x0000001a   Code   RO         2410    .text.net_addr4_is_subcast  Net_CM3_L.lib(net_addr.o)
    0x0800b280   0x0800b280   0x0000001a   Code   RO         2406    .text.net_addr4_to_mac  Net_CM3_L.lib(net_addr.o)
    0x0800b29a   0x0800b29a   0x000000d6   Code   RO         2382    .text.net_addr6_aton  Net_CM3_L.lib(net_addr.o)
    0x0800b370   0x0800b370   0x00000028   Code   RO         2428    .text.net_addr6_comp  Net_CM3_L.lib(net_addr.o)
    0x0800b398   0x0800b398   0x00000012   Code   RO         2426    .text.net_addr6_copy  Net_CM3_L.lib(net_addr.o)
    0x0800b3aa   0x0800b3aa   0x00000002   PAD
    0x0800b3ac   0x0800b3ac   0x00000048   Code   RO         2416    .text.net_addr6_create  Net_CM3_L.lib(net_addr.o)
    0x0800b3f4   0x0800b3f4   0x00000024   Code   RO         2412    .text.net_addr6_get_solicited  Net_CM3_L.lib(net_addr.o)
    0x0800b418   0x0800b418   0x00000016   Code   RO         2418    .text.net_addr6_is_linklocal  Net_CM3_L.lib(net_addr.o)
    0x0800b42e   0x0800b42e   0x00000002   PAD
    0x0800b430   0x0800b430   0x00000054   Code   RO         2422    .text.net_addr6_is_onlink  Net_CM3_L.lib(net_addr.o)
    0x0800b484   0x0800b484   0x0000003e   Code   RO         2414    .text.net_addr6_is_solicited  Net_CM3_L.lib(net_addr.o)
    0x0800b4c2   0x0800b4c2   0x00000018   Code   RO         2430    .text.net_addr6_is_unspec  Net_CM3_L.lib(net_addr.o)
    0x0800b4da   0x0800b4da   0x0000000e   Code   RO         2432    .text.net_addr6_to_mac  Net_CM3_L.lib(net_addr.o)
    0x0800b4e8   0x0800b4e8   0x0000002a   Code   RO         2438    .text.net_addr_comp  Net_CM3_L.lib(net_addr.o)
    0x0800b512   0x0800b512   0x00000030   Code   RO         2436    .text.net_addr_copy  Net_CM3_L.lib(net_addr.o)
    0x0800b542   0x0800b542   0x0000001a   Code   RO         2440    .text.net_addr_find_route  Net_CM3_L.lib(net_addr.o)
    0x0800b55c   0x0800b55c   0x00000020   Code   RO         2442    .text.net_addr_get_local  Net_CM3_L.lib(net_addr.o)
    0x0800b57c   0x0800b57c   0x0000001e   Code   RO         2434    .text.net_addr_is_unspec  Net_CM3_L.lib(net_addr.o)
    0x0800b59a   0x0800b59a   0x0000008e   Code   RO         1472    .text.net_arp_cache_add  Net_CM3_L.lib(net_arp.o)
    0x0800b628   0x0800b628   0x00000078   Code   RO         1490    .text.net_arp_cache_early  Net_CM3_L.lib(net_arp.o)
    0x0800b6a0   0x0800b6a0   0x0000007c   Code   RO         1492    .text.net_arp_cache_find  Net_CM3_L.lib(net_arp.o)
    0x0800b71c   0x0800b71c   0x0000002c   Code   RO         1464    .text.net_arp_cache_init  Net_CM3_L.lib(net_arp.o)
    0x0800b748   0x0800b748   0x00000160   Code   RO         1514    .text.net_arp_cache_run  Net_CM3_L.lib(net_arp.o)
    0x0800b8a8   0x0800b8a8   0x0000006a   Code   RO         1512    .text.net_arp_enqueue  Net_CM3_L.lib(net_arp.o)
    0x0800b912   0x0800b912   0x0000001e   Code   RO         1482    .text.net_arp_notify  Net_CM3_L.lib(net_arp.o)
    0x0800b930   0x0800b930   0x0000017a   Code   RO         1468    .text.net_arp_process  Net_CM3_L.lib(net_arp.o)
    0x0800baaa   0x0800baaa   0x00000044   Code   RO         2363    .text.net_atoi      Net_CM3_L.lib(net_common.o)
    0x0800baee   0x0800baee   0x00000002   PAD
    0x0800baf0   0x0800baf0   0x00000078   Code   RO         2482    .text.net_base64_decode  Net_CM3_L.lib(net_base64.o)
    0x0800bb68   0x0800bb68   0x00000030   Code   RO         2341    .text.net_chksum_buf  Net_CM3_L.lib(net_common.o)
    0x0800bb98   0x0800bb98   0x0000001c   Code   RO         2339    .text.net_crc_buf   Net_CM3_L.lib(net_common.o)
    0x0800bbb4   0x0800bbb4   0x0000000e   Code   RO         1414    .text.net_eth_callback  Net_CM3_L.lib(net_eth.o)
    0x0800bbc2   0x0800bbc2   0x00000064   Code   RO         1424    .text.net_eth_config_mcast  Net_CM3_L.lib(net_eth.o)
    0x0800bc26   0x0800bc26   0x00000002   PAD
    0x0800bc28   0x0800bc28   0x000002ac   Code   RO         1402    .text.net_eth_iface_init  Net_CM3_L.lib(net_eth.o)
    0x0800bed4   0x0800bed4   0x00000284   Code   RO         1434    .text.net_eth_iface_run  Net_CM3_L.lib(net_eth.o)
    0x0800c158   0x0800c158   0x0000009e   Code   RO         1430    .text.net_eth_output  Net_CM3_L.lib(net_eth.o)
    0x0800c1f6   0x0800c1f6   0x00000002   PAD
    0x0800c1f8   0x0800c1f8   0x00000120   Code   RO         1428    .text.net_eth_send_frame  Net_CM3_L.lib(net_eth.o)
    0x0800c318   0x0800c318   0x000000c8   Code   RO         1817    .text.net_http_server_init  Net_CM3_L.lib(net_http_server.o)
    0x0800c3e0   0x0800c3e0   0x0000055c   Code   RO         1855    .text.net_http_server_run  Net_CM3_L.lib(net_http_server.o)
    0x0800c93c   0x0800c93c   0x00000018   Code   RO         2247    .text.net_icmp6_init  Net_CM3_L.lib(net_icmp6.o)
    0x0800c954   0x0800c954   0x00000158   Code   RO         2251    .text.net_icmp6_process  Net_CM3_L.lib(net_icmp6.o)
    0x0800caac   0x0800caac   0x00000064   Code   RO         2253    .text.net_icmp6_send  Net_CM3_L.lib(net_icmp6.o)
    0x0800cb10   0x0800cb10   0x00000058   Code   RO         2255    .text.net_icmp6_send_echo  Net_CM3_L.lib(net_icmp6.o)
    0x0800cb68   0x0800cb68   0x00000018   Code   RO         1549    .text.net_icmp_init  Net_CM3_L.lib(net_icmp.o)
    0x0800cb80   0x0800cb80   0x00000100   Code   RO         1553    .text.net_icmp_process  Net_CM3_L.lib(net_icmp.o)
    0x0800cc80   0x0800cc80   0x00000084   Code   RO         1555    .text.net_icmp_send_echo  Net_CM3_L.lib(net_icmp.o)
    0x0800cd04   0x0800cd04   0x0000010c   Code   RO         2169    .text.net_ip4_chk_frame  Net_CM3_L.lib(net_ip4.o)
    0x0800ce10   0x0800ce10   0x0000002e   Code   RO         2195    .text.net_ip4_chksum  Net_CM3_L.lib(net_ip4.o)
    0x0800ce3e   0x0800ce3e   0x00000006   Code   RO         2193    .text.net_ip4_chksum_buf  Net_CM3_L.lib(net_ip4.o)
    0x0800ce44   0x0800ce44   0x00000080   Code   RO         2189    .text.net_ip4_find_route  Net_CM3_L.lib(net_ip4.o)
    0x0800cec4   0x0800cec4   0x0000001c   Code   RO         2181    .text.net_ip4_get_local  Net_CM3_L.lib(net_ip4.o)
    0x0800cee0   0x0800cee0   0x00000018   Code   RO         2165    .text.net_ip4_init  Net_CM3_L.lib(net_ip4.o)
    0x0800cef8   0x0800cef8   0x0000001c   Code   RO         2191    .text.net_ip4_is_onlink  Net_CM3_L.lib(net_ip4.o)
    0x0800cf14   0x0800cf14   0x00000010   Code   RO         2177    .text.net_ip4_reass_frame  Net_CM3_L.lib(net_ip4.o)
    0x0800cf24   0x0800cf24   0x00000130   Code   RO         2179    .text.net_ip4_send_frame  Net_CM3_L.lib(net_ip4.o)
    0x0800d054   0x0800d054   0x0000002a   Code   RO         2187    .text.net_ip4_tx_offl_hl  Net_CM3_L.lib(net_ip4.o)
    0x0800d07e   0x0800d07e   0x00000002   PAD
    0x0800d080   0x0800d080   0x000000a8   Code   RO         2211    .text.net_ip6_chk_frame  Net_CM3_L.lib(net_ip6.o)
    0x0800d128   0x0800d128   0x00000034   Code   RO         2231    .text.net_ip6_chksum  Net_CM3_L.lib(net_ip6.o)
    0x0800d15c   0x0800d15c   0x00000078   Code   RO         2227    .text.net_ip6_collect_mcast  Net_CM3_L.lib(net_ip6.o)
    0x0800d1d4   0x0800d1d4   0x0000004c   Code   RO         2229    .text.net_ip6_find_route  Net_CM3_L.lib(net_ip6.o)
    0x0800d220   0x0800d220   0x00000048   Code   RO         2223    .text.net_ip6_get_local  Net_CM3_L.lib(net_ip6.o)
    0x0800d268   0x0800d268   0x00000014   Code   RO         2207    .text.net_ip6_init  Net_CM3_L.lib(net_ip6.o)
    0x0800d27c   0x0800d27c   0x0000000c   Code   RO         2215    .text.net_ip6_reass_frame  Net_CM3_L.lib(net_ip6.o)
    0x0800d288   0x0800d288   0x000000c8   Code   RO         2217    .text.net_ip6_send_frame  Net_CM3_L.lib(net_ip6.o)
    0x0800d350   0x0800d350   0x00000020   Code   RO         2225    .text.net_ip6_tx_offl_hl  Net_CM3_L.lib(net_ip6.o)
    0x0800d370   0x0800d370   0x00000008   Code   RO         2355    .text.net_itoa      Net_CM3_L.lib(net_common.o)
    0x0800d378   0x0800d378   0x00000006   Code   RO         2361    .text.net_itoa_n0   Net_CM3_L.lib(net_common.o)
    0x0800d37e   0x0800d37e   0x00000002   PAD
    0x0800d380   0x0800d380   0x00000020   Code   RO         1533    .text.net_loop_iface_init  Net_CM3_L.lib(net_loopback.o)
    0x0800d3a0   0x0800d3a0   0x000000a8   Code   RO         1537    .text.net_loop_iface_run  Net_CM3_L.lib(net_loopback.o)
    0x0800d448   0x0800d448   0x00000050   Code   RO         1531    .text.net_loop_send_frame  Net_CM3_L.lib(net_loopback.o)
    0x0800d498   0x0800d498   0x0000008c   Code   RO         2294    .text.net_mem_alloc  Net_CM3_L.lib(net_mem.o)
    0x0800d524   0x0800d524   0x00000018   Code   RO         2304    .text.net_mem_avail  Net_CM3_L.lib(net_mem.o)
    0x0800d53c   0x0800d53c   0x0000007c   Code   RO         2302    .text.net_mem_free  Net_CM3_L.lib(net_mem.o)
    0x0800d5b8   0x0800d5b8   0x00000054   Code   RO         2290    .text.net_mem_init  Net_CM3_L.lib(net_mem.o)
    0x0800d60c   0x0800d60c   0x0000003c   Code   RO         2300    .text.net_mem_shrink  Net_CM3_L.lib(net_mem.o)
    0x0800d648   0x0800d648   0x00000044   Code   RO         1786    .text.net_nbns_client_init  Net_CM3_L.lib(net_nbns_client.o)
    0x0800d68c   0x0800d68c   0x00000010   Code   RO         1802    .text.net_nbns_client_run  Net_CM3_L.lib(net_nbns_client.o)
    0x0800d69c   0x0800d69c   0x000000ec   Code   RO         2115    .text.net_ndp_cache_find  Net_CM3_L.lib(net_ndp.o)
    0x0800d788   0x0800d788   0x00000056   Code   RO         2113    .text.net_ndp_cache_refresh  Net_CM3_L.lib(net_ndp.o)
    0x0800d7de   0x0800d7de   0x00000068   Code   RO         2139    .text.net_ndp_enqueue  Net_CM3_L.lib(net_ndp.o)
    0x0800d846   0x0800d846   0x00000002   PAD
    0x0800d848   0x0800d848   0x00000410   Code   RO         2105    .text.net_ndp_process  Net_CM3_L.lib(net_ndp.o)
    0x0800dc58   0x0800dc58   0x0000003c   Code   RO         2080    .text.net_path      Net_CM3_L.lib(net_sys.o)
    0x0800dc94   0x0800dc94   0x00000010   Code   RO         2034    .text.net_ping_client_init  Net_CM3_L.lib(net_ping_core.o)
    0x0800dca4   0x0800dca4   0x00000044   Code   RO         2040    .text.net_ping_client_run  Net_CM3_L.lib(net_ping_core.o)
    0x0800dce8   0x0800dce8   0x0000001c   Code   RO         2078    .text.net_rand32    Net_CM3_L.lib(net_sys.o)
    0x0800dd04   0x0800dd04   0x0000003c   Code   RO         2005    .text.net_sntp_client_init  Net_CM3_L.lib(net_sntp_client_core.o)
    0x0800dd40   0x0800dd40   0x0000004c   Code   RO         2013    .text.net_sntp_client_run  Net_CM3_L.lib(net_sntp_client_core.o)
    0x0800dd8c   0x0800dd8c   0x000000d8   Code   RO         2001    .text.net_sntp_client_start  Net_CM3_L.lib(net_sntp_client_core.o)
    0x0800de64   0x0800de64   0x0000002c   Code   RO         2317    .text.net_strcasecmp  Net_CM3_L.lib(net_common.o)
    0x0800de90   0x0800de90   0x00000016   Code   RO         2323    .text.net_strchr    Net_CM3_L.lib(net_common.o)
    0x0800dea6   0x0800dea6   0x00000018   Code   RO         2315    .text.net_strcmp    Net_CM3_L.lib(net_common.o)
    0x0800debe   0x0800debe   0x00000010   Code   RO         2319    .text.net_strcpy    Net_CM3_L.lib(net_common.o)
    0x0800dece   0x0800dece   0x0000001e   Code   RO         2325    .text.net_strnchr   Net_CM3_L.lib(net_common.o)
    0x0800deec   0x0800deec   0x0000001a   Code   RO         2321    .text.net_strncpy   Net_CM3_L.lib(net_common.o)
    0x0800df06   0x0800df06   0x00000052   Code   RO         2333    .text.net_strnstr   Net_CM3_L.lib(net_common.o)
    0x0800df58   0x0800df58   0x0000001a   Code   RO         2327    .text.net_strrchr   Net_CM3_L.lib(net_common.o)
    0x0800df72   0x0800df72   0x00000002   PAD
    0x0800df74   0x0800df74   0x0000000c   Code   RO         2054    .text.net_sys_lock  Net_CM3_L.lib(net_sys.o)
    0x0800df80   0x0800df80   0x00000014   Code   RO         2088    .text.net_sys_resume  Net_CM3_L.lib(net_sys.o)
    0x0800df94   0x0800df94   0x00000018   Code   RO         2062    .text.net_sys_tick  Net_CM3_L.lib(net_sys.o)
    0x0800dfac   0x0800dfac   0x0000000c   Code   RO         2056    .text.net_sys_unlock  Net_CM3_L.lib(net_sys.o)
    0x0800dfb8   0x0800dfb8   0x00000020   Code   RO         2064    .text.net_sys_wakeup  Net_CM3_L.lib(net_sys.o)
    0x0800dfd8   0x0800dfd8   0x00000058   Code   RO         1659    .text.net_tcp_abort  Net_CM3_L.lib(net_tcp.o)
    0x0800e030   0x0800e030   0x000000a4   Code   RO         1655    .text.net_tcp_close  Net_CM3_L.lib(net_tcp.o)
    0x0800e0d4   0x0800e0d4   0x00000022   Code   RO         1667    .text.net_tcp_get_buf  Net_CM3_L.lib(net_tcp.o)
    0x0800e0f6   0x0800e0f6   0x00000002   PAD
    0x0800e0f8   0x0800e0f8   0x00000020   Code   RO         1663    .text.net_tcp_get_mss  Net_CM3_L.lib(net_tcp.o)
    0x0800e118   0x0800e118   0x0000004c   Code   RO         1639    .text.net_tcp_get_socket  Net_CM3_L.lib(net_tcp.o)
    0x0800e164   0x0800e164   0x00000024   Code   RO         1679    .text.net_tcp_get_state  Net_CM3_L.lib(net_tcp.o)
    0x0800e188   0x0800e188   0x0000007c   Code   RO         1647    .text.net_tcp_listen  Net_CM3_L.lib(net_tcp.o)
    0x0800e204   0x0800e204   0x00000840   Code   RO         1733    .text.net_tcp_process  Net_CM3_L.lib(net_tcp.o)
    0x0800ea44   0x0800ea44   0x00000104   Code   RO         1675    .text.net_tcp_send  Net_CM3_L.lib(net_tcp.o)
    0x0800eb48   0x0800eb48   0x000000b4   Code   RO         1687    .text.net_tcp_set_option  Net_CM3_L.lib(net_tcp.o)
    0x0800ebfc   0x0800ebfc   0x00000010   Code   RO         1701    .text.net_tcp_socket_init  Net_CM3_L.lib(net_tcp.o)
    0x0800ec0c   0x0800ec0c   0x00000378   Code   RO         1725    .text.net_tcp_socket_run  Net_CM3_L.lib(net_tcp.o)
    0x0800ef84   0x0800ef84   0x00000024   Code   RO         1585    .text.net_udp_close  Net_CM3_L.lib(net_udp.o)
    0x0800efa8   0x0800efa8   0x00000022   Code   RO         1589    .text.net_udp_get_buf  Net_CM3_L.lib(net_udp.o)
    0x0800efca   0x0800efca   0x00000002   PAD
    0x0800efcc   0x0800efcc   0x00000048   Code   RO         1573    .text.net_udp_get_socket  Net_CM3_L.lib(net_udp.o)
    0x0800f014   0x0800f014   0x00000080   Code   RO         1581    .text.net_udp_open  Net_CM3_L.lib(net_udp.o)
    0x0800f094   0x0800f094   0x00000124   Code   RO         1619    .text.net_udp_process  Net_CM3_L.lib(net_udp.o)
    0x0800f1b8   0x0800f1b8   0x00000014   Code   RO         1613    .text.net_udp_send  Net_CM3_L.lib(net_udp.o)
    0x0800f1cc   0x0800f1cc   0x000001ac   Code   RO         1593    .text.net_udp_send_if  Net_CM3_L.lib(net_udp.o)
    0x0800f378   0x0800f378   0x00000010   Code   RO         1603    .text.net_udp_socket_init  Net_CM3_L.lib(net_udp.o)
    0x0800f388   0x0800f388   0x00000008   Code   RO         2347    .text.net_ultoa     Net_CM3_L.lib(net_common.o)
    0x0800f390   0x0800f390   0x0000001a   Code   RO         2365    .text.net_xtouc     Net_CM3_L.lib(net_common.o)
    0x0800f3aa   0x0800f3aa   0x0000005a   Code   RO         2369    .text.net_xtoul     Net_CM3_L.lib(net_common.o)
    0x0800f404   0x0800f404   0x0000001c   Code   RO         2038    .text.ping_send_req  Net_CM3_L.lib(net_ping_core.o)
    0x0800f420   0x0800f420   0x000000a4   Code   RO         1897    .text.read_script_line  Net_CM3_L.lib(net_http_server.o)
    0x0800f4c4   0x0800f4c4   0x00000048   Code   RO         1921    .text.search_delim  Net_CM3_L.lib(net_http_server.o)
    0x0800f50c   0x0800f50c   0x0000007c   Code   RO         2007    .text.sntp_listener  Net_CM3_L.lib(net_sntp_client_core.o)
    0x0800f588   0x0800f588   0x0000002c   Code   RO         2011    .text.sntp_send_message  Net_CM3_L.lib(net_sntp_client_core.o)
    0x0800f5b4   0x0800f5b4   0x00000018   Code   RO         2015    .text.sntp_stop     Net_CM3_L.lib(net_sntp_client_core.o)
    0x0800f5cc   0x0800f5cc   0x0000005c   Code   RO         1737    .text.tcp_parse_opt  Net_CM3_L.lib(net_tcp.o)
    0x0800f628   0x0800f628   0x00000018   Code   RO         1731    .text.tcp_que_free  Net_CM3_L.lib(net_tcp.o)
    0x0800f640   0x0800f640   0x0000001c   Code   RO         1729    .text.tcp_que_init  Net_CM3_L.lib(net_tcp.o)
    0x0800f65c   0x0800f65c   0x00000090   Code   RO         1727    .text.tcp_que_resend  Net_CM3_L.lib(net_tcp.o)
    0x0800f6ec   0x0800f6ec   0x0000007e   Code   RO         1707    .text.tcp_send_ctrl  Net_CM3_L.lib(net_tcp.o)
    0x0800f76a   0x0800f76a   0x00000068   Code   RO         1711    .text.tcp_send_data  Net_CM3_L.lib(net_tcp.o)
    0x0800f7d2   0x0800f7d2   0x0000008e   Code   RO         1735    .text.tcp_send_reset  Net_CM3_L.lib(net_tcp.o)
    0x0800f860   0x0800f860   0x00000026   Code   RO         1739    .text.tcp_set_cwnd  Net_CM3_L.lib(net_tcp.o)
    0x0800f886   0x0800f886   0x00000002   PAD
    0x0800f888   0x0800f888   0x00000074   Code   RO         1709    .text.tcp_transit   Net_CM3_L.lib(net_tcp.o)
    0x0800f8fc   0x0800f8fc   0x00000100   Code   RO         1743    .text.tcp_write     Net_CM3_L.lib(net_tcp.o)
    0x0800f9fc   0x0800f9fc   0x00000034   Code   RO         1607    .text.udp_port_in_use  Net_CM3_L.lib(net_udp.o)
    0x0800fa30   0x0800fa30   0x00000054   Code   RO         2349    .text.ul2str        Net_CM3_L.lib(net_common.o)
    0x0800fa84   0x0800fa84   0x00000020   Code   RO         2683    i.__0printf$6       mc_w.l(printf6.o)
    0x0800faa4   0x0800faa4   0x00000028   Code   RO         2685    i.__0sprintf$6      mc_w.l(printf6.o)
    0x0800facc   0x0800facc   0x0000000e   Code   RO         2829    i.__scatterload_copy  mc_w.l(handlers.o)
    0x0800fada   0x0800fada   0x00000002   Code   RO         2830    i.__scatterload_null  mc_w.l(handlers.o)
    0x0800fadc   0x0800fadc   0x0000000e   Code   RO         2831    i.__scatterload_zeroinit  mc_w.l(handlers.o)
    0x0800faea   0x0800faea   0x00000002   PAD
    0x0800faec   0x0800faec   0x000002f0   Code   RO         2690    i._printf_core      mc_w.l(printf6.o)
    0x0800fddc   0x0800fddc   0x00000024   Code   RO         2691    i._printf_post_padding  mc_w.l(printf6.o)
    0x0800fe00   0x0800fe00   0x0000002e   Code   RO         2692    i._printf_pre_padding  mc_w.l(printf6.o)
    0x0800fe2e   0x0800fe2e   0x0000000a   Code   RO         2694    i._sputc            mc_w.l(printf6.o)
    0x0800fe38   0x0800fe38   0x00000018   Code   RO         2504    i.fputs             mc_w.l(fputs.o)
    0x0800fe50   0x0800fe50   0x00000024   Data   RO          388    .constdata          rtx_lib.o
    0x0800fe74   0x0800fe74   0x00000024   Data   RO          389    .constdata          rtx_lib.o
    0x0800fe98   0x0800fe98   0x00000018   Data   RO          390    .constdata          rtx_lib.o
    0x0800feb0   0x0800feb0   0x00000004   Data   RO          392    .constdata          rtx_lib.o
    0x0800feb4   0x0800feb4   0x00000004   Data   RO          739    .constdata          phy_lan8742a.o
    0x0800feb8   0x0800feb8   0x00000020   Data   RO          740    .constdata          phy_lan8742a.o
    0x0800fed8   0x0800fed8   0x00000050   Data   RO          770    .constdata          emac_stm32f4xx.o
    0x0800ff28   0x0800ff28   0x00000044   Data   RO          771    .constdata          emac_stm32f4xx.o
    0x0800ff6c   0x0800ff6c   0x00000018   Data   RO          813    .constdata          eventrecorder.o
    0x0800ff84   0x0800ff84   0x00000010   Data   RO         1281    .constdata          system_stm32f4xx.o
    0x0800ff94   0x0800ff94   0x00000008   Data   RO         1282    .constdata          system_stm32f4xx.o
    0x0800ff9c   0x0800ff9c   0x000000a8   Data   RO         1325    .constdata          net_config.o
    0x08010044   0x08010044   0x0000001c   Data   RO         1326    .constdata          net_config.o
    0x08010060   0x08010060   0x00000014   Data   RO         1327    .constdata          net_config.o
    0x08010074   0x08010074   0x0000000c   Data   RO         1328    .constdata          net_config.o
    0x08010080   0x08010080   0x00000028   Data   RO         1329    .constdata          net_config.o
    0x080100a8   0x080100a8   0x0000002c   Data   RO         1330    .constdata          net_config.o
    0x080100d4   0x080100d4   0x00000008   Data   RO         1331    .constdata          net_config.o
    0x080100dc   0x080100dc   0x00000008   Data   RO         1333    .constdata          net_config.o
    0x080100e4   0x080100e4   0x00000008   Data   RO         1334    .constdata          net_config.o
    0x080100ec   0x080100ec   0x00000008   Data   RO         1335    .constdata          net_config.o
    0x080100f4   0x080100f4   0x00000008   Data   RO         1336    .constdata          net_config.o
    0x080100fc   0x080100fc   0x00000008   Data   RO         1337    .constdata          net_config.o
    0x08010104   0x08010104   0x00000004   Data   RO         1339    .constdata          net_config.o
    0x08010108   0x08010108   0x00000008   Data   RO         1340    .constdata          net_config.o
    0x08010110   0x08010110   0x0000000c   Data   RO         1341    .constdata          net_config.o
    0x0801011c   0x0801011c   0x00000018   Data   RO         1342    .constdata          net_config.o
    0x08010134   0x08010134   0x00000034   Data   RO         1343    .constdata          net_config.o
    0x08010168   0x08010168   0x00000008   Data   RO         1344    .constdata          net_config.o
    0x08010170   0x08010170   0x00000028   Data   RO         1345    .constdata          net_config.o
    0x08010198   0x08010198   0x00000024   Data   RO         1346    .constdata          net_config.o
    0x080101bc   0x080101bc   0x0000000c   Data   RO         2514    .constdata          mc_w.l(localtime.o)
    0x080101c8   0x080101c8   0x00000078   Data   RO         1350    .conststring        net_config.o
    0x08010240   0x08010240   0x0000000d   Data   RO         1351    .conststring        net_config.o
    0x0801024d   0x0801024d   0x00000003   PAD
    0x08010250   0x08010250   0x0000003c   Data   RO         1352    .conststring        net_config.o
    0x0801028c   0x0801028c   0x0000001d   Data   RO         1353    .conststring        net_config.o
    0x080102a9   0x080102a9   0x00000003   PAD
    0x080102ac   0x080102ac   0x0000000e   Data   RO         1354    .conststring        net_config.o
    0x080102ba   0x080102ba   0x00000002   PAD
    0x080102bc   0x080102bc   0x0000000b   Data   RO          332    .conststrlit        rtx_kernel.o
    0x080102c7   0x080102c7   0x00000001   PAD
    0x080102c8   0x080102c8   0x000000a8   Data   RO          393    .rodata             rtx_lib.o
    0x08010370   0x08010370   0x00000018   Data   RO         1942    .rodata.DMonth      Net_CM3_L.lib(net_http_server.o)
    0x08010388   0x08010388   0x00000040   Data   RO         1947    .rodata.Method      Net_CM3_L.lib(net_http_server.o)
    0x080103c8   0x080103c8   0x00000030   Data   RO         1946    .rodata.Month       Net_CM3_L.lib(net_http_server.o)
    0x080103f8   0x080103f8   0x0000001c   Data   RO         1945    .rodata.WkDay       Net_CM3_L.lib(net_http_server.o)
    0x08010414   0x08010414   0x00000090   Data   RO         1948    .rodata.http_set_ftype.ftype  Net_CM3_L.lib(net_http_server.o)
    0x080104a4   0x080104a4   0x00000187   Data   RO         2281    .rodata.imageFileData  Net_CM3_L.lib(net_http_server_web.o)
    0x0801062b   0x0801062b   0x00000001   PAD
    0x0801062c   0x0801062c   0x00000004   Data   RO         2280    .rodata.imageLastModified  Net_CM3_L.lib(net_http_server_web.o)
    0x08010630   0x08010630   0x00000004   Data   RO         2197    .rodata.net_addr4_loopback  Net_CM3_L.lib(net_ip4.o)
    0x08010634   0x08010634   0x00000010   Data   RO         2235    .rodata.net_addr6_all_nodes  Net_CM3_L.lib(net_ip6.o)
    0x08010644   0x08010644   0x00000010   Data   RO         2237    .rodata.net_addr6_loopback  Net_CM3_L.lib(net_ip6.o)
    0x08010654   0x08010654   0x00000006   Data   RO         2449    .rodata.net_addr_bcast  Net_CM3_L.lib(net_addr.o)
    0x0801065a   0x0801065a   0x00000010   Data   RO         2448    .rodata.net_addr_unspec  Net_CM3_L.lib(net_addr.o)
    0x0801066a   0x0801066a   0x00000050   Data   RO         2485    .rodata.net_base64_decode.dec_map  Net_CM3_L.lib(net_base64.o)
    0x080106ba   0x080106ba   0x00000002   PAD
    0x080106bc   0x080106bc   0x00000018   Data   RO         1988    .rodata.net_http_auth_basic_func  Net_CM3_L.lib(net_http_server_auth.o)
    0x080106d4   0x080106d4   0x00000018   Data   RO         2270    .rodata.net_http_error  Net_CM3_L.lib(net_http_server_err.o)
    0x080106ec   0x080106ec   0x00000004   Data   RO         2494    .rodata.net_lib_version  Net_CM3_L.lib(net_version.o)
    0x080106f0   0x080106f0   0x0000002c   Data   RO         1539    .rodata.net_loop_if_config  Net_CM3_L.lib(net_loopback.o)
    0x0801071c   0x0801071c   0x00000012   Data   RO         2042    .rodata.net_ping_payload  Net_CM3_L.lib(net_ping_core.o)
    0x0801072e   0x0801072e   0x000001a7   Data   RO         1943    .rodata.str1.1      Net_CM3_L.lib(net_http_server.o)
    0x080108d5   0x080108d5   0x000001f8   Data   RO         2269    .rodata.str1.1      Net_CM3_L.lib(net_http_server_err.o)
    0x08010acd   0x08010acd   0x00000001   PAD
    0x08010ace   0x08010ace   0x00000006   Data   RO         1944    .rodata.utc_to_http.DYear  Net_CM3_L.lib(net_http_server.o)
    0x08010ad4   0x08010ad4   0x00000020   Data   RO         2828    Region$$Table       anon$$obj.o


    Execution Region RW_IRAM1 (Exec base: 0x20000000, Load base: 0x08010af4, Size: 0x0000f168, Max: 0x00030000, ABSOLUTE, COMPRESSED[0x00000128])

    Exec Addr    Load Addr    Size         Type   Attr      Idx    E Section Name        Object

    0x20000000   COMPRESSED   0x00008000   Data   RW          380    .bss.os             rtx_lib.o
    0x20008000   COMPRESSED   0x00000040   Data   RW          381    .bss.os             rtx_lib.o
    0x20008040   COMPRESSED   0x00000001   Data   RW          691    .bss.os             os_systick.o
    0x20008041   COMPRESSED   0x00000003   PAD
    0x20008044   COMPRESSED   0x00000034   Data   RW          382    .bss.os.msgqueue.cb  rtx_lib.o
    0x20008078   COMPRESSED   0x00000050   Data   RW          383    .bss.os.msgqueue.mem  rtx_lib.o
    0x200080c8   COMPRESSED   0x0000001c   Data   RW         1319    .bss.os.mutex.cb    net_config.o
    0x200080e4   COMPRESSED   0x0000001c   Data   RW         1320    .bss.os.mutex.cb    net_config.o
    0x20008100   COMPRESSED   0x00000010   Data   RW         1321    .bss.os.semaphore.cb  net_config.o
    0x20008110   COMPRESSED   0x00000044   Data   RW          384    .bss.os.thread.cb   rtx_lib.o
    0x20008154   COMPRESSED   0x00000044   Data   RW          385    .bss.os.thread.cb   rtx_lib.o
    0x20008198   COMPRESSED   0x00000044   Data   RW         1322    .bss.os.thread.cb   net_config.o
    0x200081dc   COMPRESSED   0x00000044   Data   RW         1323    .bss.os.thread.cb   net_config.o
    0x20008220   COMPRESSED   0x00000200   Data   RW          386    .bss.os.thread.idle.stack  rtx_lib.o
    0x20008420   COMPRESSED   0x00000200   Data   RW          387    .bss.os.thread.timer.stack  rtx_lib.o
    0x20008620   COMPRESSED   0x00000020   Data   RW         1324    .bss.os.timer.cb    net_config.o
    0x20008640   COMPRESSED   0x00000008   Data   RW            5    .data               main.o
    0x20008648   COMPRESSED   0x00000014   Data   RW          156    .data               rtc.o
    0x2000865c   COMPRESSED   0x00000001   Data   RW          814    .data               eventrecorder.o
    0x2000865d   COMPRESSED   0x00000003   PAD
    0x20008660   COMPRESSED   0x00000004   Data   RW          847    .data               retarget_io.o
    0x20008664   COMPRESSED   0x0000000c   Data   RW          879    .data               stm32f4xx_hal.o
    0x20008670   COMPRESSED   0x00000004   Data   RW         1283    .data               system_stm32f4xx.o
    0x20008674   COMPRESSED   0x00000004   Data   RW         1355    .data               net_config.o
    0x20008678   COMPRESSED   0x00000006   Data   RW         1356    .data               net_config.o
    0x2000867e   COMPRESSED   0x00000004   Data   RW         1357    .data               net_config.o
    0x20008682   COMPRESSED   0x00000002   PAD
    0x20008684   COMPRESSED   0x00000004   Data   RW         2508    .data               mc_w.l(stdout.o)
    0x20008688   COMPRESSED   0x00000004   Data   RW         2509    .data               mc_w.l(stderr.o)
    0x2000868c   COMPRESSED   0x000000a4   Data   RW          333    .data.os            rtx_kernel.o
    0x20008730        -       0x00000060   Zero   RW          155    .bss                rtc.o
    0x20008790        -       0x0000000c   Zero   RW          738    .bss                phy_lan8742a.o
    0x2000879c        -       0x000024cc   Zero   RW          769    .bss                emac_stm32f4xx.o
    0x2000ac68        -       0x00000400   Zero   RW         1310    .bss                net_config.o
    0x2000b068        -       0x00000200   Zero   RW         1311    .bss                net_config.o
    0x2000b268        -       0x00002ee0   Zero   RW         1312    .bss                net_config.o
    0x2000e148        -       0x000000c8   Zero   RW         1313    .bss                net_config.o
    0x2000e210        -       0x00000018   Zero   RW         1314    .bss                net_config.o
    0x2000e228        -       0x0000003c   Zero   RW         1315    .bss                net_config.o
    0x2000e264        -       0x00000050   Zero   RW         1316    .bss                net_config.o
    0x2000e2b4        -       0x00000228   Zero   RW         1317    .bss                net_config.o
    0x2000e4dc        -       0x00000168   Zero   RW         1318    .bss                net_config.o
    0x2000e644        -       0x0000002c   Zero   RW         2513    .bss                mc_w.l(localtime.o)
    0x2000e670        -       0x00000051   Zero   RW         1949    .bss..L_MergedGlobals  Net_CM3_L.lib(net_http_server.o)
    0x2000e6c1   COMPRESSED   0x00000003   PAD
    0x2000e6c4        -       0x00000038   Zero   RW         2092    .bss..L_MergedGlobals  Net_CM3_L.lib(net_sys.o)
    0x2000e6fc   COMPRESSED   0x00000004   PAD
    0x2000e700        -       0x00000008   Zero   RW         2198    .bss.ip4_control    Net_CM3_L.lib(net_ip4.o)
    0x2000e708        -       0x00000004   Zero   RW         2238    .bss.ip6_control    Net_CM3_L.lib(net_ip6.o)
    0x2000e70c        -       0x00000004   Zero   RW         1540    .bss.loop_control   Net_CM3_L.lib(net_loopback.o)
    0x2000e710        -       0x00000014   Zero   RW         2306    .bss.mem_control    Net_CM3_L.lib(net_mem.o)
    0x2000e724        -       0x00000020   Zero   RW         1808    .bss.nbns_control   Net_CM3_L.lib(net_nbns_client.o)
    0x2000e744        -       0x00000010   Zero   RW         2454    .bss.net_addr6_get_solicited.buf  Net_CM3_L.lib(net_addr.o)
    0x2000e754        -       0x00000018   Zero   RW         1518    .bss.net_eth0_arp_control  Net_CM3_L.lib(net_arp.o)
    0x2000e76c        -       0x00000001   Zero   RW         1557    .bss.net_eth0_icmp_control  Net_CM3_L.lib(net_icmp.o)
    0x2000e76d   COMPRESSED   0x00000003   PAD
    0x2000e770        -       0x000000a0   Zero   RW         1454    .bss.net_eth0_if_control  Net_CM3_L.lib(net_eth.o)
    0x2000e810        -       0x0000002c   Zero   RW         2043    .bss.net_ping_control  Net_CM3_L.lib(net_ping_core.o)
    0x2000e83c        -       0x0000002c   Zero   RW         2021    .bss.net_sntp_control  Net_CM3_L.lib(net_sntp_client_core.o)
    0x2000e868        -       0x00000001   Zero   RW         1776    .bss.net_tcp_socket_run.socket  Net_CM3_L.lib(net_tcp.o)
    0x2000e869   COMPRESSED   0x00000003   PAD
    0x2000e86c        -       0x0000001c   Zero   RW         1627    .bss.net_udp_process.addr  Net_CM3_L.lib(net_udp.o)
    0x2000e888   COMPRESSED   0x00000038   PAD
    0x2000e8c0        -       0x000004a4   Zero   RW          812    .bss.noinit         eventrecorder.o
    0x2000ed64        -       0x00000002   Zero   RW         1628    .bss.udp_alloc_port.port  Net_CM3_L.lib(net_udp.o)
    0x2000ed66   COMPRESSED   0x00000002   PAD
    0x2000ed68        -       0x00000400   Zero   RW         1270    STACK               startup_stm32f429xx.o


==============================================================================

Image component sizes


      Code (inc. data)   RO Data    RW Data    ZI Data      Debug   Object Name

      2552        158        148          0       9420      47614   emac_stm32f4xx.o
      1492         46         24          1       1188      17688   eventrecorder.o
       148          8          0          0          0        628   irq_armv7m.o
       364         48          0          8          0     739351   main.o
       380         24        780        254      14812      34641   net_config.o
       196         12          0          1          0       1984   os_systick.o
       428         10         36          0         12       7902   phy_lan8742a.o
       240         60          0          4          0       4087   retarget_io.o
       544         70          0         20         96      13037   rtc.o
         4          0          0          0          0        587   rtx_config.o
       260         14          0          0          0      17866   rtx_delay.o
      2392         88          0          0          0      45165   rtx_evr.o
      1740         96         11        164          0      28004   rtx_kernel.o
       254          0        268      34124          0      13827   rtx_lib.o
       292          0          0          0          0       3791   rtx_memory.o
      1984         48          0          0          0      15156   rtx_mempool.o
      2804         56          0          0          0      18144   rtx_msgqueue.o
      1368         30          0          0          0      10114   rtx_mutex.o
      1432         34          0          0          0      11888   rtx_semaphore.o
       668         18          0          0          0       8469   rtx_system.o
      4892        124          0          0          0      38637   rtx_thread.o
      1156         36          0          0          0      10217   rtx_timer.o
        36          8        428          0       1024        824   startup_stm32f429xx.o
       456         38          0         12          0      11387   stm32f4xx_hal.o
       664         10          0          0          0      36074   stm32f4xx_hal_cortex.o
       904         54          0          0          0       3783   stm32f4xx_hal_gpio.o
       392         20          0          0          0       3715   stm32f4xx_hal_pwr.o
      1876         66          0          0          0       6115   stm32f4xx_hal_rcc.o
      1508         80          0          0          0       4645   stm32f4xx_hal_rcc_ex.o
      2404         26          0          0          0       9633   stm32f4xx_hal_rtc.o
      2748         20          0          0          0      13853   stm32f4xx_hal_rtc_ex.o
       136         16         24          4          0       1689   system_stm32f4xx.o

    ----------------------------------------------------------------------
     36716       1318       1760      34600      26552    1180515   Object Totals
         0          0         32          0          0          0   (incl. Generated)
         2          0          9          8          0          0   (incl. Padding)

    ----------------------------------------------------------------------

      Code (inc. data)   RO Data    RW Data    ZI Data      Debug   Library Member Name

      1044         20         22          0         16        708   net_addr.o
      2070         58          0          0         24        768   net_arp.o
       120          4         80          0          0         84   net_base64.o
       744          4          0          0          0        656   net_common.o
      2346         32          0          0        160        612   net_eth.o
      6102        840        737          0         81       1444   net_http_server.o
       242         64         24          0          0        368   net_http_server_auth.o
         0          0        528          0          0          0   net_http_server_err.o
        80         12        395          0          0         48   net_http_server_web.o
       412         24          0          0          1        132   net_icmp.o
       556         34          0          0          0        156   net_icmp6.o
       950         64          4          0          8        340   net_ip4.o
       786         52         32          0          4        324   net_ip6.o
       280         20         44          0          4        120   net_loopback.o
       456         40          0          0         20        208   net_mem.o
       480         28          0          0         32        320   net_nbns_client.o
      2132         20          0          0          0        760   net_ndp.o
       112         16         18          0         44        160   net_ping_core.o
       594         44          0          0         44        280   net_sntp_client_core.o
       492         52          0          0         56        440   net_sys.o
      5240        114          0          0          1       1564   net_tcp.o
      1102         48          0          0         30        664   net_udp.o
         0          0          4          0          0          0   net_version.o
        58          0          0          0          0          0   __dczerorl.o
         0          0          0          0          0          0   entry.o
         0          0          0          0          0          0   entry10a.o
         0          0          0          0          0          0   entry11a.o
         4          0          0          0          0          0   entry12b.o
         8          4          0          0          0          0   entry2.o
         4          0          0          0          0          0   entry5.o
         0          0          0          0          0          0   entry7b.o
         0          0          0          0          0          0   entry8b.o
         8          4          0          0          0          0   entry9a.o
        24          0          0          0          0         80   fputs.o
        30          0          0          0          0          0   handlers.o
        36          8          0          0          0         68   init.o
        30          0          0          0          0         68   llshl.o
        32          0          0          0          0         68   llushr.o
       148         10         12          0         44         76   localtime.o
        26          0          0          0          0         80   memcmp.o
        36          0          0          0          0         68   memcpya.o
        36          0          0          0          0        108   memseta.o
       916         20          0          0          0        504   printf6.o
         0          0          0          4          0          0   stderr.o
         0          0          0          4          0          0   stdout.o
        28          0          0          0          0         76   strcmp.o
        14          0          0          0          0         68   strlen.o
        44          0          0          0          0         80   uidiv.o
        98          0          0          0          0         92   uldiv.o

    ----------------------------------------------------------------------
     27960       1636       1904          8        640      11592   Library Totals
        40          0          4          0         71          0   (incl. Padding)

    ----------------------------------------------------------------------

      Code (inc. data)   RO Data    RW Data    ZI Data      Debug   Library Name

     26340       1590       1888          0        525      10156   Net_CM3_L.lib
      1580         46         12          8         44       1436   mc_w.l

    ----------------------------------------------------------------------
     27960       1636       1904          8        640      11592   Library Totals

    ----------------------------------------------------------------------

==============================================================================


      Code (inc. data)   RO Data    RW Data    ZI Data      Debug   

     64676       2954       3664      34608      27192    1188143   Grand Totals
     64676       2954       3664        296      27192    1188143   ELF Image Totals (compressed)
     64676       2954       3664        296          0          0   ROM Totals

==============================================================================

    Total RO  Size (Code + RO Data)                68340 (  66.74kB)
    Total RW  Size (RW Data + ZI Data)             61800 (  60.35kB)
    Total ROM Size (Code + RO Data + RW Data)      68636 (  67.03kB)

==============================================================================

