Component: ARM Compiler 5.06 update 7 (build 960) Tool: armlink [4d3601]

==============================================================================

Section Cross References

    main.o(i.HAL_GetTick) refers to rtx_kernel.o(.text.osKernelGetState) for osKernelGetState
    main.o(i.HAL_GetTick) refers to rtx_kernel.o(.text.osKernelGetTickCount) for osKernelGetTickCount
    main.o(i.HAL_GetTick) refers to system_stm32f4xx.o(.data) for SystemCoreClock
    main.o(i.HAL_GetTick) refers to main.o(.data) for ticks
    main.o(i.SystemClock_Config) refers to stm32f4xx_hal_rcc.o(i.HAL_RCC_OscConfig) for HAL_RCC_OscConfig
    main.o(i.SystemClock_Config) refers to main.o(i.Error_Handler) for Error_Handler
    main.o(i.SystemClock_Config) refers to stm32f4xx_hal_rcc.o(i.HAL_RCC_ClockConfig) for HAL_RCC_ClockConfig
    main.o(i.SystemClock_Config) refers to stm32f4xx_hal.o(i.HAL_GetREVID) for HAL_GetREVID
    main.o(i.Th_test) refers to _printf_percent.o(.ARM.Collect$$_printf_percent$$00000000) for _printf_percent
    main.o(i.Th_test) refers to _printf_d.o(.ARM.Collect$$_printf_percent$$00000009) for _printf_d
    main.o(i.Th_test) refers to _printf_dec.o(.text) for _printf_int_dec
    main.o(i.Th_test) refers to noretval__2printf.o(.text) for __2printf
    main.o(i.Th_test) refers to rtx_delay.o(.text.osDelay) for osDelay
    main.o(i.init_Th_test) refers to rtx_thread.o(.text.osThreadNew) for osThreadNew
    main.o(i.init_Th_test) refers to main.o(i.Th_test) for Th_test
    main.o(i.init_Th_test) refers to main.o(.data) for id_Th_test
    main.o(i.main) refers to stm32f4xx_hal.o(i.HAL_Init) for HAL_Init
    main.o(i.main) refers to main.o(i.SystemClock_Config) for SystemClock_Config
    main.o(i.main) refers to system_stm32f4xx.o(i.SystemCoreClockUpdate) for SystemCoreClockUpdate
    main.o(i.main) refers to rtx_kernel.o(.text.osKernelInitialize) for osKernelInitialize
    main.o(i.main) refers to keypad.o(i.init_Th_keypad) for init_Th_keypad
    main.o(i.main) refers to rtx_kernel.o(.text.osKernelStart) for osKernelStart
    keypad.o(i.GPIO_Init) refers to stm32f4xx_hal_gpio.o(i.HAL_GPIO_Init) for HAL_GPIO_Init
    keypad.o(i.GPIO_Init) refers to keypad.o(.bss) for GPIO_InitStruct
    keypad.o(i.Init_MsgQueue_keypad) refers to rtx_msgqueue.o(.text.osMessageQueueNew) for osMessageQueueNew
    keypad.o(i.Init_MsgQueue_keypad) refers to keypad.o(.data) for id_MsgQueue_keypad
    keypad.o(i.Th_keypad) refers to _printf_percent.o(.ARM.Collect$$_printf_percent$$00000000) for _printf_percent
    keypad.o(i.Th_keypad) refers to _printf_c.o(.ARM.Collect$$_printf_percent$$00000013) for _printf_c
    keypad.o(i.Th_keypad) refers to _printf_str.o(.text) for _printf_str
    keypad.o(i.Th_keypad) refers to keypad.o(i.GPIO_Init) for GPIO_Init
    keypad.o(i.Th_keypad) refers to keypad.o(i.read_keypad) for read_keypad
    keypad.o(i.Th_keypad) refers to noretval__2printf.o(.text) for __2printf
    keypad.o(i.Th_keypad) refers to rtx_delay.o(.text.osDelay) for osDelay
    keypad.o(i.Th_keypad) refers to rtx_thread.o(.text.osThreadYield) for osThreadYield
    keypad.o(i.Th_keypad) refers to keypad.o(.data) for key
    keypad.o(i.get_id_MsgQueue_keypad) refers to keypad.o(.data) for id_MsgQueue_keypad
    keypad.o(i.init_Th_keypad) refers to rtx_thread.o(.text.osThreadNew) for osThreadNew
    keypad.o(i.init_Th_keypad) refers to keypad.o(i.Init_MsgQueue_keypad) for Init_MsgQueue_keypad
    keypad.o(i.init_Th_keypad) refers to keypad.o(i.Th_keypad) for Th_keypad
    keypad.o(i.init_Th_keypad) refers to keypad.o(.data) for id_Th_keypad
    keypad.o(i.read_keypad) refers to stm32f4xx_hal_gpio.o(i.HAL_GPIO_WritePin) for HAL_GPIO_WritePin
    keypad.o(i.read_keypad) refers to stm32f4xx_hal_gpio.o(i.HAL_GPIO_ReadPin) for HAL_GPIO_ReadPin
    keypad.o(i.read_keypad) refers to keypad.o(.data) for key
    rtx_lib.o(i.__user_perthread_libspace) refers to rtx_lib.o(i.os_kernel_is_active) for os_kernel_is_active
    rtx_lib.o(i.__user_perthread_libspace) refers to rtx_thread.o(.text.osThreadGetId) for osThreadGetId
    rtx_lib.o(i.__user_perthread_libspace) refers to rtx_kernel.o(.text.osRtxKernelErrorNotify) for osRtxKernelErrorNotify
    rtx_lib.o(i.__user_perthread_libspace) refers to rtx_lib.o(.bss.os.libspace) for os_libspace_id
    rtx_lib.o(i._mutex_acquire) refers to rtx_lib.o(i.os_kernel_is_active) for os_kernel_is_active
    rtx_lib.o(i._mutex_acquire) refers to rtx_mutex.o(.text.osMutexAcquire) for osMutexAcquire
    rtx_lib.o(i._mutex_free) refers to rtx_mutex.o(.text.osMutexDelete) for osMutexDelete
    rtx_lib.o(i._mutex_initialize) refers to rtx_mutex.o(.text.osMutexNew) for osMutexNew
    rtx_lib.o(i._mutex_initialize) refers to rtx_kernel.o(.text.osRtxKernelErrorNotify) for osRtxKernelErrorNotify
    rtx_lib.o(i._mutex_release) refers to rtx_lib.o(i.os_kernel_is_active) for os_kernel_is_active
    rtx_lib.o(i._mutex_release) refers to rtx_mutex.o(.text.osMutexRelease) for osMutexRelease
[...]
    os_idle_thread_attr                      0x08004fe8   Data          36  rtx_lib.o(.constdata)
    os_timer_thread_attr                     0x0800500c   Data          36  rtx_lib.o(.constdata)
    os_timer_mq_attr                         0x08005030   Data          24  rtx_lib.o(.constdata)
    .constdata                               0x08005050   Section      144  spi_stm32f4xx.o(.constdata)
    DriverVersion                            0x08005050   Data           4  spi_stm32f4xx.o(.constdata)
    DriverCapabilities                       0x08005054   Data           4  spi_stm32f4xx.o(.constdata)
    SPI1_mosi                                0x08005058   Data          16  spi_stm32f4xx.o(.constdata)
    SPI1_miso                                0x08005068   Data          16  spi_stm32f4xx.o(.constdata)
    SPI1_sck                                 0x08005078   Data          16  spi_stm32f4xx.o(.constdata)
    SPI1_Resources                           0x08005088   Data          44  spi_stm32f4xx.o(.constdata)
    .constdata                               0x080050e0   Section       24  eventrecorder.o(.constdata)
    __tagsym$$used                           0x080050e0   Number         0  eventrecorder.o(.constdata)
    .constdata                               0x080050f8   Section       23  retarget_io.o(.constdata)
    .constdata                               0x0800510f   Section       24  system_stm32f4xx.o(.constdata)
    .rodata                                  0x08005128   Section      168  rtx_lib.o(.rodata)
    __tagsym$$used                           0x08005128   Number         0  rtx_lib.o(.rodata)
    __tagsym$$used                           0x08005198   Number         0  rtx_lib.o(.rodata)
    [Anonymous Symbol]                       0x080051d4   Section        0  rtx_kernel.o(.rodata.str1.4)
    .bss.os                                  0x20000000   Section    32832  rtx_lib.o(.bss.os)
    os_mem                                   0x20000000   Data       32768  rtx_lib.o(.bss.os)
    os_isr_queue                             0x20008000   Data          64  rtx_lib.o(.bss.os)
    .bss.os.libspace                         0x20008040   Section      496  rtx_lib.o(.bss.os.libspace)
    os_libspace                              0x20008040   Data         480  rtx_lib.o(.bss.os.libspace)
    os_libspace_id                           0x20008220   Data          16  rtx_lib.o(.bss.os.libspace)
    .bss.os.msgqueue.cb                      0x20008230   Section       52  rtx_lib.o(.bss.os.msgqueue.cb)
    os_timer_mq_cb                           0x20008230   Data          52  rtx_lib.o(.bss.os.msgqueue.cb)
    .bss.os.msgqueue.mem                     0x20008264   Section       80  rtx_lib.o(.bss.os.msgqueue.mem)
    os_timer_mq_data                         0x20008264   Data          80  rtx_lib.o(.bss.os.msgqueue.mem)
    .bss.os.thread.cb                        0x200082b4   Section      136  rtx_lib.o(.bss.os.thread.cb)
    os_idle_thread_cb                        0x200082b4   Data          68  rtx_lib.o(.bss.os.thread.cb)
    os_timer_thread_cb                       0x200082f8   Data          68  rtx_lib.o(.bss.os.thread.cb)
    .bss.os.thread.idle.stack                0x20008340   Section      512  rtx_lib.o(.bss.os.thread.idle.stack)
    os_idle_thread_stack                     0x20008340   Data         512  rtx_lib.o(.bss.os.thread.idle.stack)
    .bss.os.thread.timer.stack               0x20008540   Section      512  rtx_lib.o(.bss.os.thread.timer.stack)
    os_timer_thread_stack                    0x20008540   Data         512  rtx_lib.o(.bss.os.thread.timer.stack)
    .data                                    0x20008740   Section        8  main.o(.data)
    id_Th_test                               0x20008740   Data           4  main.o(.data)
    ticks                                    0x20008744   Data           4  main.o(.data)
    .data                                    0x20008748   Section        9  keypad.o(.data)
    id_Th_keypad                             0x20008748   Data           4  keypad.o(.data)
    id_MsgQueue_keypad                       0x2000874c   Data           4  keypad.o(.data)
    key                                      0x20008750   Data           1  keypad.o(.data)
    .data                                    0x20008751   Section        1  rtx_lib.o(.data)
    os_kernel_active                         0x20008751   Data           1  rtx_lib.o(.data)
    .data                                    0x20008754   Section        9  stm32f4xx_hal.o(.data)
    .data                                    0x20008760   Section        4  system_stm32f4xx.o(.data)
    .data                                    0x20008764   Section        4  stdio_streams.o(.data)
    .data                                    0x20008768   Section        4  stdio_streams.o(.data)
    .data                                    0x2000876c   Section        4  stdio_streams.o(.data)
    .data                                    0x20008770   Section        4  streamlock.o(.data)
    .bss                                     0x20008818   Section       20  keypad.o(.bss)
    GPIO_InitStruct                          0x20008818   Data          20  keypad.o(.bss)
    .bss                                     0x2000882c   Section       44  spi_stm32f4xx.o(.bss)
    SPI1_Info                                0x2000882c   Data          16  spi_stm32f4xx.o(.bss)
    SPI1_TransferInfo                        0x2000883c   Data          28  spi_stm32f4xx.o(.bss)
    .bss                                     0x20008858   Section       84  stdio_streams.o(.bss)
    .bss                                     0x200088ac   Section       84  stdio_streams.o(.bss)
    .bss                                     0x20008900   Section       84  stdio_streams.o(.bss)
    .bss                                     0x20008954   Section       96  libspace.o(.bss)
    .bss.noinit                              0x200089c0   Section     4260  eventrecorder.o(.bss.noinit)
    EventBuffer                              0x200089c0   Data        4096  eventrecorder.o(.bss.noinit)
    EventFilter                              0x200099c0   Data         128  eventrecorder.o(.bss.noinit)
    EventStatus                              0x20009a40   Data          36  eventrecorder.o(.bss.noinit)
    [Anonymous Symbol]                       0x20009a64   Section        0  os_systick.o(.bss.os)
    PendST                                   0x20009a64   Data           1  os_systick.o(.bss.os)
    HEAP                                     0x20009a68   Section      512  startup_stm32f429xx.o(HEAP)
    Heap_Mem                                 0x20009a68   Data         512  startup_stm32f429xx.o(HEAP)
    STACK                                    0x20009c68   Section     1024  startup_stm32f429xx.o(STACK)
    Stack_Mem                                0x20009c68   Data        1024  startup_stm32f429xx.o(STACK)
    __initial_sp                             0x2000a068   Data           0  startup_stm32f429xx.o(STACK)
    FPCCR                                    0xe000ef34   Number         0  irq_armv7m.o ABSOLUTE

    Global Symbols

    Symbol Name                              Value     Ov Type        Size  Object(Section)

    BuildAttributes$$THM_ISAv4$E$P$D$K$B$S$7EM$VFPi3$EXTD16$VFPS$VFMA$PE$A:L22UL41UL21$X:L11$S22US41US21$IEEE1$IW$USESV6$~STKCKD$USESV7$~SHL$OTIME$ROPI$EBA8$UX$STANDARDLIB$REQ8$PRES8$EABIv2 0x00000000   Number         0  anon$$obj.o ABSOLUTE
    __ARM_use_no_argv                        0x00000000   Number         0  main.o ABSOLUTE
    .bss.os.evflags.cb$$Base                  - Undefined Weak Reference
    .bss.os.evflags.cb$$Limit                 - Undefined Weak Reference
    .bss.os.mempool.cb$$Base                  - Undefined Weak Reference
    .bss.os.mempool.cb$$Limit                 - Undefined Weak Reference
    .bss.os.mutex.cb$$Base                    - Undefined Weak Reference
    .bss.os.mutex.cb$$Limit                   - Undefined Weak Reference
    .bss.os.semaphore.cb$$Base                - Undefined Weak Reference
    .bss.os.semaphore.cb$$Limit               - Undefined Weak Reference
    .bss.os.timer.cb$$Base                    - Undefined Weak Reference
    .bss.os.timer.cb$$Limit                   - Undefined Weak Reference
    __ARM_exceptions_init                     - Undefined Weak Reference
    __alloca_initialize                       - Undefined Weak Reference
    __arm_fini_                               - Undefined Weak Reference
    __arm_preinit_                            - Undefined Weak Reference
    __cpp_initialize__aeabi_                  - Undefined Weak Reference
    __cxa_finalize                            - Undefined Weak Reference
    __rt_locale                               - Undefined Weak Reference
    __sigvec_lookup                           - Undefined Weak Reference
    __user_heap_extent                        - Undefined Weak Reference
    _atexit_init                              - Undefined Weak Reference
    _call_atexit_fns                          - Undefined Weak Reference
    _clock_init                               - Undefined Weak Reference
    _fp_trap_init                             - Undefined Weak Reference
    _fp_trap_shutdown                         - Undefined Weak Reference
    _get_lc_collate                           - Undefined Weak Reference
    _get_lc_ctype                             - Undefined Weak Reference
    _get_lc_monetary                          - Undefined Weak Reference
    _get_lc_numeric                           - Undefined Weak Reference
    _get_lc_time                              - Undefined Weak Reference
    _getenv_init                              - Undefined Weak Reference
    _handle_redirection                       - Undefined Weak Reference
    _printf_mbtowc                            - Undefined Weak Reference
    _printf_post_padding                      - Undefined Weak Reference
    _printf_pre_padding                       - Undefined Weak Reference
    _printf_truncate_signed                   - Undefined Weak Reference
    _printf_truncate_unsigned                 - Undefined Weak Reference
    _rand_init                                - Undefined Weak Reference
    _signal_finish                            - Undefined Weak Reference
    _signal_init                              - Undefined Weak Reference
    __Vectors_Size                           0x000001ac   Number         0  startup_stm32f429xx.o ABSOLUTE
    __Vectors                                0x08000000   Data           4  startup_stm32f429xx.o(RESET)
    __Vectors_End                            0x080001ac   Data           0  startup_stm32f429xx.o(RESET)
    __main                                   0x080001ad   Thumb Code     8  __main.o(!!!main)
    __scatterload                            0x080001b5   Thumb Code     0  __scatter.o(!!!scatter)
    __scatterload_rt2                        0x080001b5   Thumb Code    44  __scatter.o(!!!scatter)
    __scatterload_rt2_thumb_only             0x080001b5   Thumb Code     0  __scatter.o(!!!scatter)
    __scatterload_null                       0x080001c3   Thumb Code     0  __scatter.o(!!!scatter)
    __decompress                             0x080001e9   Thumb Code    58  __dczerorl.o(!!dczerorl)
    __decompress0                            0x080001e9   Thumb Code     0  __dczerorl.o(!!dczerorl)
    __scatterload_zeroinit                   0x08000225   Thumb Code    28  __scatter_zi.o(!!handler_zi)
    _printf_c                                0x08000241   Thumb Code     0  _printf_c.o(.ARM.Collect$$_printf_percent$$00000013)
    _printf_percent                          0x08000241   Thumb Code     0  _printf_percent.o(.ARM.Collect$$_printf_percent$$00000000)
    _printf_percent_end                      0x08000247   Thumb Code     0  _printf_percent_end.o(.ARM.Collect$$_printf_percent$$00000017)
    __rt_lib_init                            0x0800024b   Thumb Code     0  libinit.o(.ARM.Collect$$libinit$$00000000)
    __rt_lib_init_fp_1                       0x0800024d   Thumb Code     0  libinit2.o(.ARM.Collect$$libinit$$00000001)
    __rt_lib_init_heap_2                     0x08000251   Thumb Code     0  libinit2.o(.ARM.Collect$$libinit$$00000005)
    __rt_lib_init_preinit_1                  0x08000251   Thumb Code     0  libinit2.o(.ARM.Collect$$libinit$$00000004)
    __rt_lib_init_atexit_1                   0x08000259   Thumb Code     0  libinit2.o(.ARM.Collect$$libinit$$0000001B)
    __rt_lib_init_clock_1                    0x08000259   Thumb Code     0  libinit2.o(.ARM.Collect$$libinit$$00000021)
    __rt_lib_init_fp_trap_1                  0x08000259   Thumb Code     0  libinit2.o(.ARM.Collect$$libinit$$0000001F)
    __rt_lib_init_getenv_1                   0x08000259   Thumb Code     0  libinit2.o(.ARM.Collect$$libinit$$00000023)
    __rt_lib_init_heap_1                     0x08000259   Thumb Code     0  libinit2.o(.ARM.Collect$$libinit$$0000000A)
    __rt_lib_init_lc_collate_1               0x08000259   Thumb Code     0  libinit2.o(.ARM.Collect$$libinit$$00000011)
    __rt_lib_init_lc_ctype_1                 0x08000259   Thumb Code     0  libinit2.o(.ARM.Collect$$libinit$$00000013)
    __rt_lib_init_lc_monetary_1              0x08000259   Thumb Code     0  libinit2.o(.ARM.Collect$$libinit$$00000015)
    __rt_lib_init_lc_numeric_1               0x08000259   Thumb Code     0  libinit2.o(.ARM.Collect$$libinit$$00000017)
    __rt_lib_init_lc_time_1                  0x08000259   Thumb Code     0  libinit2.o(.ARM.Collect$$libinit$$00000019)
    __rt_lib_init_rand_1                     0x08000259   Thumb Code     0  libinit2.o(.ARM.Collect$$libinit$$0000000E)
    __rt_lib_init_signal_1                   0x08000259   Thumb Code     0  libinit2.o(.ARM.Collect$$libinit$$0000001D)
    __rt_lib_init_stdio_2                    0x08000259   Thumb Code     0  libinit2.o(.ARM.Collect$$libinit$$00000024)
    __rt_lib_init_user_alloc_1               0x08000259   Thumb Code     0  libinit2.o(.ARM.Collect$$libinit$$0000000C)
    __rt_lib_init_alloca_1                   0x0800025d   Thumb Code     0  libinit2.o(.ARM.Collect$$libinit$$0000002E)
    __rt_lib_init_argv_1                     0x0800025d   Thumb Code     0  libinit2.o(.ARM.Collect$$libinit$$0000002C)
    __rt_lib_init_cpp_1                      0x0800025d   Thumb Code     0  libinit2.o(.ARM.Collect$$libinit$$00000032)
    __rt_lib_init_exceptions_1               0x0800025d   Thumb Code     0  libinit2.o(.ARM.Collect$$libinit$$00000030)
    __rt_lib_init_return                     0x0800025d   Thumb Code     0  libinit2.o(.ARM.Collect$$libinit$$00000033)
    __rt_lib_init_stdio_1                    0x0800025d   Thumb Code     0  libinit2.o(.ARM.Collect$$libinit$$00000025)
    __rt_lib_shutdown                        0x0800025f   Thumb Code     0  libshutdown.o(.ARM.Collect$$libshutdown$$00000000)
    __rt_lib_shutdown_cpp_1                  0x08000261   Thumb Code     0  libshutdown2.o(.ARM.Collect$$libshutdown$$00000004)
    __rt_lib_shutdown_fini_1                 0x08000261   Thumb Code     0  libshutdown2.o(.ARM.Collect$$libshutdown$$00000002)
    __rt_lib_shutdown_stdio_2                0x08000261   Thumb Code     0  libshutdown2.o(.ARM.Collect$$libshutdown$$00000005)
    __rt_lib_shutdown_fp_trap_1              0x08000265   Thumb Code     0  libshutdown2.o(.ARM.Collect$$libshutdown$$00000009)
    __rt_lib_shutdown_heap_2                 0x08000265   Thumb Code     0  libshutdown2.o(.ARM.Collect$$libshutdown$$0000000F)
    __rt_lib_shutdown_signal_1               0x08000265   Thumb Code     0  libshutdown2.o(.ARM.Collect$$libshutdown$$0000000C)
    __rt_lib_shutdown_stdio_1                0x08000265   Thumb Code     0  libshutdown2.o(.ARM.Collect$$libshutdown$$00000006)
    __rt_lib_shutdown_user_alloc_1           0x08000265   Thumb Code     0  libshutdown2.o(.ARM.Collect$$libshutdown$$0000000E)
    __rt_lib_shutdown_heap_1                 0x08000269   Thumb Code     0  libshutdown2.o(.ARM.Collect$$libshutdown$$00000011)
    __rt_lib_shutdown_return                 0x08000269   Thumb Code     0  libshutdown2.o(.ARM.Collect$$libshutdown$$00000012)
    __rt_entry                               0x0800026b   Thumb Code     0  __rtentry.o(.ARM.Collect$$rtentry$$00000000)
    __rt_entry_presh_1                       0x0800026b   Thumb Code     0  __rtentry2.o(.ARM.Collect$$rtentry$$00000002)
    __rt_entry_sh                            0x0800026b   Thumb Code     0  __rtentry4.o(.ARM.Collect$$rtentry$$00000004)
    __rt_entry_postsh_1                      0x08000271   Thumb Code     0  __rtentry2.o(.ARM.Collect$$rtentry$$00000008)
    __rt_entry_li                            0x08000279   Thumb Code     0  __rtentry2.o(.ARM.Collect$$rtentry$$0000000A)
    __rt_entry_main                          0x0800027d   Thumb Code     0  __rtentry2.o(.ARM.Collect$$rtentry$$0000000D)
    __rt_entry_postli_1                      0x0800027d   Thumb Code     0  __rtentry2.o(.ARM.Collect$$rtentry$$0000000C)
    __rt_exit                                0x08000285   Thumb Code     0  rtexit.o(.ARM.Collect$$rtexit$$00000000)
    __rt_exit_ls                             0x08000287   Thumb Code     0  rtexit2.o(.ARM.Collect$$rtexit$$00000003)
    __rt_exit_prels_1                        0x08000287   Thumb Code     0  rtexit2.o(.ARM.Collect$$rtexit$$00000002)
    __rt_exit_exit                           0x0800028b   Thumb Code     0  rtexit2.o(.ARM.Collect$$rtexit$$00000004)
    Reset_Handler                            0x08000291   Thumb Code     8  startup_stm32f429xx.o(.text)
    _maybe_terminate_alloc                   0x08000291   Thumb Code     0  maybetermalloc2.o(.emb_text)
    NMI_Handler                              0x08000299   Thumb Code     2  startup_stm32f429xx.o(.text)
    HardFault_Handler                        0x0800029b   Thumb Code     2  startup_stm32f429xx.o(.text)
    MemManage_Handler                        0x0800029d   Thumb Code     2  startup_stm32f429xx.o(.text)
    BusFault_Handler                         0x0800029f   Thumb Code     2  startup_stm32f429xx.o(.text)
    UsageFault_Handler                       0x080002a1   Thumb Code     2  startup_stm32f429xx.o(.text)
    DebugMon_Handler                         0x080002a5   Thumb Code     2  startup_stm32f429xx.o(.text)
    ADC_IRQHandler                           0x080002ab   Thumb Code     0  startup_stm32f429xx.o(.text)
    CAN1_RX0_IRQHandler                      0x080002ab   Thumb Code     0  startup_stm32f429xx.o(.text)
    CAN1_RX1_IRQHandler                      0x080002ab   Thumb Code     0  startup_stm32f429xx.o(.text)
    CAN1_SCE_IRQHandler                      0x080002ab   Thumb Code     0  startup_stm32f429xx.o(.text)
    CAN1_TX_IRQHandler                       0x080002ab   Thumb Code     0  startup_stm32f429xx.o(.text)
    CAN2_RX0_IRQHandler                      0x080002ab   Thumb Code     0  startup_stm32f429xx.o(.text)
    CAN2_RX1_IRQHandler                      0x080002ab   Thumb Code     0  startup_stm32f429xx.o(.text)
    CAN2_SCE_IRQHandler                      0x080002ab   Thumb Code     0  startup_stm32f429xx.o(.text)
    CAN2_TX_IRQHandler                       0x080002ab   Thumb Code     0  startup_stm32f429xx.o(.text)
    DCMI_IRQHandler                          0x080002ab   Thumb Code     0  startup_stm32f429xx.o(.text)
    DMA1_Stream0_IRQHandler                  0x080002ab   Thumb Code     0  startup_stm32f429xx.o(.text)
    DMA1_Stream1_IRQHandler                  0x080002ab   Thumb Code     0  startup_stm32f429xx.o(.text)
    DMA1_Stream2_IRQHandler                  0x080002ab   Thumb Code     0  startup_stm32f429xx.o(.text)
    DMA1_Stream3_IRQHandler                  0x080002ab   Thumb Code     0  startup_stm32f429xx.o(.text)
    DMA1_Stream4_IRQHandler                  0x080002ab   Thumb Code     0  startup_stm32f429xx.o(.text)
    DMA1_Stream5_IRQHandler                  0x080002ab   Thumb Code     0  startup_stm32f429xx.o(.text)
    DMA1_Stream6_IRQHandler                  0x080002ab   Thumb Code     0  startup_stm32f429xx.o(.text)
    DMA1_Stream7_IRQHandler                  0x080002ab   Thumb Code     0  startup_stm32f429xx.o(.text)
    DMA2D_IRQHandler                         0x080002ab   Thumb Code     0  startup_stm32f429xx.o(.text)
    DMA2_Stream0_IRQHandler                  0x080002ab   Thumb Code     0  startup_stm32f429xx.o(.text)
    DMA2_Stream1_IRQHandler                  0x080002ab   Thumb Code     0  startup_stm32f429xx.o(.text)
    DMA2_Stream2_IRQHandler                  0x080002ab   Thumb Code     0  startup_stm32f429xx.o(.text)
    DMA2_Stream3_IRQHandler                  0x080002ab   Thumb Code     0  startup_stm32f429xx.o(.text)
    DMA2_Stream4_IRQHandler                  0x080002ab   Thumb Code     0  startup_stm32f429xx.o(.text)
    DMA2_Stream5_IRQHandler                  0x080002ab   Thumb Code     0  startup_stm32f429xx.o(.text)
    DMA2_Stream6_IRQHandler                  0x080002ab   Thumb Code     0  startup_stm32f429xx.o(.text)
    DMA2_Stream7_IRQHandler                  0x080002ab   Thumb Code     0  startup_stm32f429xx.o(.text)
    ETH_IRQHandler                           0x080002ab   Thumb Code     0  startup_stm32f429xx.o(.text)
    ETH_WKUP_IRQHandler                      0x080002ab   Thumb Code     0  startup_stm32f429xx.o(.text)
    EXTI0_IRQHandler                         0x080002ab   Thumb Code     0  startup_stm32f429xx.o(.text)
    EXTI15_10_IRQHandler                     0x080002ab   Thumb Code     0  startup_stm32f429xx.o(.text)
    EXTI1_IRQHandler                         0x080002ab   Thumb Code     0  startup_stm32f429xx.o(.text)
    EXTI2_IRQHandler                         0x080002ab   Thumb Code     0  startup_stm32f429xx.o(.text)
    EXTI3_IRQHandler                         0x080002ab   Thumb Code     0  startup_stm32f429xx.o(.text)
    EXTI4_IRQHandler                         0x080002ab   Thumb Code     0  startup_stm32f429xx.o(.text)
    EXTI9_5_IRQHandler                       0x080002ab   Thumb Code     0  startup_stm32f429xx.o(.text)
    FLASH_IRQHandler                         0x080002ab   Thumb Code     0  startup_stm32f429xx.o(.text)
    FMC_IRQHandler                           0x080002ab   Thumb Code     0  startup_stm32f429xx.o(.text)
    FPU_IRQHandler                           0x080002ab   Thumb Code     0  startup_stm32f429xx.o(.text)
    HASH_RNG_IRQHandler                      0x080002ab   Thumb Code     0  startup_stm32f429xx.o(.text)
    I2C1_ER_IRQHandler                       0x080002ab   Thumb Code     0  startup_stm32f429xx.o(.text)
    I2C1_EV_IRQHandler                       0x080002ab   Thumb Code     0  startup_stm32f429xx.o(.text)
    I2C2_ER_IRQHandler                       0x080002ab   Thumb Code     0  startup_stm32f429xx.o(.text)
    I2C2_EV_IRQHandler                       0x080002ab   Thumb Code     0  startup_stm32f429xx.o(.text)
    I2C3_ER_IRQHandler                       0x080002ab   Thumb Code     0  startup_stm32f429xx.o(.text)
    I2C3_EV_IRQHandler                       0x080002ab   Thumb Code     0  startup_stm32f429xx.o(.text)
    LTDC_ER_IRQHandler                       0x080002ab   Thumb Code     0  startup_stm32f429xx.o(.text)
    LTDC_IRQHandler                          0x080002ab   Thumb Code     0  startup_stm32f429xx.o(.text)
    OTG_FS_IRQHandler                        0x080002ab   Thumb Code     0  startup_stm32f429xx.o(.text)
    OTG_FS_WKUP_IRQHandler                   0x080002ab   Thumb Code     0  startup_stm32f429xx.o(.text)
    OTG_HS_EP1_IN_IRQHandler                 0x080002ab   Thumb Code     0  startup_stm32f429xx.o(.text)
    OTG_HS_EP1_OUT_IRQHandler                0x080002ab   Thumb Code     0  startup_stm32f429xx.o(.text)
    OTG_HS_IRQHandler                        0x080002ab   Thumb Code     0  startup_stm32f429xx.o(.text)
    OTG_HS_WKUP_IRQHandler                   0x080002ab   Thumb Code     0  startup_stm32f429xx.o(.text)
    PVD_IRQHandler                           0x080002ab   Thumb Code     0  startup_stm32f429xx.o(.text)
    RCC_IRQHandler                           0x080002ab   Thumb Code     0  startup_stm32f429xx.o(.text)
    RTC_Alarm_IRQHandler                     0x080002ab   Thumb Code     0  startup_stm32f429xx.o(.text)
    RTC_WKUP_IRQHandler                      0x080002ab   Thumb Code     0  startup_stm32f429xx.o(.text)
    SAI1_IRQHandler                          0x080002ab   Thumb Code     0  startup_stm32f429xx.o(.text)
    SDIO_IRQHandler                          0x080002ab   Thumb Code     0  startup_stm32f429xx.o(.text)
    SPI2_IRQHandler                          0x080002ab   Thumb Code     0  startup_stm32f429xx.o(.text)
    SPI3_IRQHandler                          0x080002ab   Thumb Code     0  startup_stm32f429xx.o(.text)
    SPI4_IRQHandler                          0x080002ab   Thumb Code     0  startup_stm32f429xx.o(.text)
    SPI5_IRQHandler                          0x080002ab   Thumb Code     0  startup_stm32f429xx.o(.text)
    SPI6_IRQHandler                          0x080002ab   Thumb Code     0  startup_stm32f429xx.o(.text)
    TAMP_STAMP_IRQHandler                    0x080002ab   Thumb Code     0  startup_stm32f429xx.o(.text)
    TIM1_BRK_TIM9_IRQHandler                 0x080002ab   Thumb Code     0  startup_stm32f429xx.o(.text)
    TIM1_CC_IRQHandler                       0x080002ab   Thumb Code     0  startup_stm32f429xx.o(.text)
    TIM1_TRG_COM_TIM11_IRQHandler            0x080002ab   Thumb Code     0  startup_stm32f429xx.o(.text)
    TIM1_UP_TIM10_IRQHandler                 0x080002ab   Thumb Code     0  startup_stm32f429xx.o(.text)
    TIM2_IRQHandler                          0x080002ab   Thumb Code     0  startup_stm32f429xx.o(.text)
    TIM3_IRQHandler                          0x080002ab   Thumb Code     0  startup_stm32f429xx.o(.text)
    TIM4_IRQHandler                          0x080002ab   Thumb Code     0  startup_stm32f429xx.o(.text)
    TIM5_IRQHandler                          0x080002ab   Thumb Code     0  startup_stm32f429xx.o(.text)
    TIM6_DAC_IRQHandler                      0x080002ab   Thumb Code     0  startup_stm32f429xx.o(.text)
    TIM7_IRQHandler                          0x080002ab   Thumb Code     0  startup_stm32f429xx.o(.text)
    TIM8_BRK_TIM12_IRQHandler                0x080002ab   Thumb Code     0  startup_stm32f429xx.o(.text)
    TIM8_CC_IRQHandler                       0x080002ab   Thumb Code     0  startup_stm32f429xx.o(.text)
    TIM8_TRG_COM_TIM14_IRQHandler            0x080002ab   Thumb Code     0  startup_stm32f429xx.o(.text)
    TIM8_UP_TIM13_IRQHandler                 0x080002ab   Thumb Code     0  startup_stm32f429xx.o(.text)
    UART4_IRQHandler                         0x080002ab   Thumb Code     0  startup_stm32f429xx.o(.text)
    UART5_IRQHandler                         0x080002ab   Thumb Code     0  startup_stm32f429xx.o(.text)
    UART7_IRQHandler                         0x080002ab   Thumb Code     0  startup_stm32f429xx.o(.text)
    UART8_IRQHandler                         0x080002ab   Thumb Code     0  startup_stm32f429xx.o(.text)
    USART1_IRQHandler                        0x080002ab   Thumb Code     0  startup_stm32f429xx.o(.text)
    USART2_IRQHandler                        0x080002ab   Thumb Code     0  startup_stm32f429xx.o(.text)
    USART3_IRQHandler                        0x080002ab   Thumb Code     0  startup_stm32f429xx.o(.text)
    USART6_IRQHandler                        0x080002ab   Thumb Code     0  startup_stm32f429xx.o(.text)
    WWDG_IRQHandler                          0x080002ab   Thumb Code     0  startup_stm32f429xx.o(.text)
    __user_initial_stackheap                 0x080002ad   Thumb Code     0  startup_stm32f429xx.o(.text)
    SVC_Handler                              0x080002d1   Thumb Code   154  irq_armv7m.o(.text)
    PendSV_Handler                           0x0800036b   Thumb Code    16  irq_armv7m.o(.text)
    SysTick_Handler                          0x0800037b   Thumb Code    16  irq_armv7m.o(.text)
    __aeabi_uldivmod                         0x08000399   Thumb Code     0  lludivv7m.o(.text)
    _ll_udiv                                 0x08000399   Thumb Code   238  lludivv7m.o(.text)
    __2printf                                0x08000489   Thumb Code    20  noretval__2printf.o(.text)
    __printf                                 0x080004a1   Thumb Code   104  __printf.o(.text)
    _printf_str                              0x08000509   Thumb Code    82  _printf_str.o(.text)
    __aeabi_memcpy                           0x0800055b   Thumb Code     0  rt_memcpy_v6.o(.text)
    __rt_memcpy                              0x0800055b   Thumb Code   138  rt_memcpy_v6.o(.text)
    _memcpy_lastbytes                        0x080005c1   Thumb Code     0  rt_memcpy_v6.o(.text)
    __aeabi_memclr                           0x080005e5   Thumb Code     0  rt_memclr.o(.text)
    __rt_memclr                              0x080005e5   Thumb Code    68  rt_memclr.o(.text)
    _memset                                  0x080005e9   Thumb Code     0  rt_memclr.o(.text)
    __aeabi_memclr4                          0x08000629   Thumb Code     0  rt_memclr_w.o(.text)
    __aeabi_memclr8                          0x08000629   Thumb Code     0  rt_memclr_w.o(.text)
    __rt_memclr_w                            0x08000629   Thumb Code    78  rt_memclr_w.o(.text)
    _memset_w                                0x0800062d   Thumb Code     0  rt_memclr_w.o(.text)
    strcmp                                   0x08000679   Thumb Code   128  strcmpv7m.o(.text)
    __use_two_region_memory                  0x080006f9   Thumb Code     2  heapauxi.o(.text)
    __rt_heap_escrow                         0x080006fb   Thumb Code     2  heapauxi.o(.text)
    __rt_heap_expand                         0x080006fd   Thumb Code     2  heapauxi.o(.text)
    _printf_cs_common                        0x080006ff   Thumb Code    20  _printf_char.o(.text)
    _printf_char                             0x08000713   Thumb Code    16  _printf_char.o(.text)
    _printf_string                           0x08000723   Thumb Code     8  _printf_char.o(.text)
    __aeabi_memcpy4                          0x0800072b   Thumb Code     0  rt_memcpy_w.o(.text)
    __aeabi_memcpy8                          0x0800072b   Thumb Code     0  rt_memcpy_w.o(.text)
    __rt_memcpy_w                            0x0800072b   Thumb Code   100  rt_memcpy_w.o(.text)
    _memcpy_lastbytes_aligned                0x08000773   Thumb Code     0  rt_memcpy_w.o(.text)
    _printf_char_common                      0x0800079b   Thumb Code    32  _printf_char_common.o(.text)
    _initio                                  0x080007c1   Thumb Code   240  initio_locked.o(.text)
    _terminateio                             0x080008b1   Thumb Code   168  initio_locked.o(.text)
    __user_setup_stackheap                   0x08000989   Thumb Code    74  sys_stackheap_outer.o(.text)
    _free_internal                           0x080009d3   Thumb Code    98  h1_free_mt.o(.text)
    free                                     0x08000a35   Thumb Code    20  h1_free_mt.o(.text)
    __flsbuf                                 0x08000a49   Thumb Code   470  flsbuf.o(.text)
    __flsbuf_byte                            0x08000a49   Thumb Code     0  flsbuf.o(.text)
    __flsbuf_wide                            0x08000a49   Thumb Code     0  flsbuf.o(.text)
    _fclose_internal                         0x08000c1f   Thumb Code    76  fclose.o(.text)
    fclose                                   0x08000c1f   Thumb Code     0  fclose.o(.text)
    setvbuf                                  0x08000c6b   Thumb Code   104  setvbuf_locked.o(.text)
    freopen                                  0x08000d83   Thumb Code    42  fopen_locked.o(.text)
    _fopen$locked                            0x08000dad   Thumb Code   100  fopen_locked.o(.text)
    exit                                     0x08000e19   Thumb Code    18  exit.o(.text)
    __rt_SIGRTRED                            0x08000e2b   Thumb Code    14  defsig_rtred_outer.o(.text)
    __user_libspace                          0x08000e39   Thumb Code     8  libspace.o(.text)
    __user_perproc_libspace                  0x08000e39   Thumb Code     0  libspace.o(.text)
    __rt_heap_descriptor                     0x08000e41   Thumb Code    10  rt_heap_descriptor_twolibspace.o(.text)
    __use_no_heap                            0x08000e4b   Thumb Code     2  hguard.o(.text)
    __heap$guard                             0x08000e4d   Thumb Code     2  hguard.o(.text)
    _terminate_user_alloc                    0x08000e4f   Thumb Code     2  init_alloc.o(.text)
    _init_user_alloc                         0x08000e51   Thumb Code     2  init_alloc.o(.text)
    __Heap_Full                              0x08000e53   Thumb Code    34  init_alloc.o(.text)
    __Heap_Broken                            0x08000e75   Thumb Code     6  init_alloc.o(.text)
    _init_alloc                              0x08000e7b   Thumb Code    94  init_alloc.o(.text)
    _malloc_internal                         0x08000ee1   Thumb Code   130  h1_alloc_mt.o(.text)
    malloc                                   0x08000f63   Thumb Code    20  h1_alloc_mt.o(.text)
    _printf_char_file                        0x08000f79   Thumb Code    58  _printf_char_file_locked.o(.text)
    _fseek                                   0x08000fb9   Thumb Code   242  fseek.o(.text)
    fseek                                    0x08000fb9   Thumb Code     0  fseek.o(.text)
    _seterr                                  0x080010b1   Thumb Code    20  stdio.o(.text)
    _writebuf                                0x080010c5   Thumb Code    84  stdio.o(.text)
    _fflush                                  0x08001119   Thumb Code    70  stdio.o(.text)
    _deferredlazyseek                        0x0800115f   Thumb Code    60  stdio.o(.text)
    __sig_exit                               0x080011a1   Thumb Code    10  defsig_exit.o(.text)
    __rt_SIGRTRED_inner                      0x080011ad   Thumb Code    14  defsig_rtred_inner.o(.text)
    _sys_exit                                0x080011e1   Thumb Code     8  sys_exit.o(.text)
    __Heap_Initialize                        0x080011ed   Thumb Code    14  h1_init_mt.o(.text)
    __Heap_DescSize                          0x080011fb   Thumb Code     4  h1_init_mt.o(.text)
    __Heap_ProvideMemory                     0x080011ff   Thumb Code    62  h1_extend_mt.o(.text)
    _ftell_internal                          0x0800123d   Thumb Code    66  ftell.o(.text)
    ftell                                    0x0800123d   Thumb Code     0  ftell.o(.text)
    __default_signal_display                 0x0800127f   Thumb Code    50  defsig_general.o(.text)
    __rt_SIGRTMEM                            0x080012b1   Thumb Code    14  defsig_rtmem_outer.o(.text)
    _ttywrch                                 0x080012bf   Thumb Code    14  sys_wrch.o(.text)
    __I$use$semihosting                      0x080012cd   Thumb Code     0  use_no_semi.o(.text)
    __use_no_semihosting_swi                 0x080012cd   Thumb Code     2  use_no_semi.o(.text)
    __aeabi_errno_addr                       0x080012cf   Thumb Code     4  rt_errno_addr_twolibspace.o(.text)
    __errno$twolibspace                      0x080012cf   Thumb Code     0  rt_errno_addr_twolibspace.o(.text)
    __rt_errno_addr$twolibspace              0x080012cf   Thumb Code     0  rt_errno_addr_twolibspace.o(.text)
    __semihosting_library_function           0x080012cf   Thumb Code     0  indicate_semi.o(.text)
    _terminate_alloc                         0x080012d3   Thumb Code    16  term_alloc.o(.text)
    __rt_SIGRTMEM_inner                      0x080012e5   Thumb Code    22  defsig_rtmem_inner.o(.text)
    __Heap_Finalize                          0x08001335   Thumb Code    10  h1_final_mt.o(.text)
    OS_Tick_AcknowledgeIRQ                   0x080013f5   Thumb Code     8  os_systick.o(.text.OS_Tick_AcknowledgeIRQ)
    OS_Tick_Enable                           0x08001401   Thumb Code    32  os_systick.o(.text.OS_Tick_Enable)
    OS_Tick_GetIRQn                          0x0800142d   Thumb Code     6  os_systick.o(.text.OS_Tick_GetIRQn)
    OS_Tick_Setup                            0x08001435   Thumb Code    48  os_systick.o(.text.OS_Tick_Setup)
    osDelay                                  0x08001545   Thumb Code    32  rtx_delay.o(.text.osDelay)
    osKernelGetState                         0x08001569   Thumb Code    40  rtx_kernel.o(.text.osKernelGetState)
    osKernelGetTickCount                     0x08001599   Thumb Code    32  rtx_kernel.o(.text.osKernelGetTickCount)
    osKernelInitialize                       0x080015c1   Thumb Code    40  rtx_kernel.o(.text.osKernelInitialize)
    osKernelStart                            0x080015ed   Thumb Code    32  rtx_kernel.o(.text.osKernelStart)
    osMessageQueueGet                        0x08001611   Thumb Code   108  rtx_msgqueue.o(.text.osMessageQueueGet)
    osMessageQueueNew                        0x08001681   Thumb Code    32  rtx_msgqueue.o(.text.osMessageQueueNew)
    osMessageQueuePut                        0x080016a5   Thumb Code   124  rtx_msgqueue.o(.text.osMessageQueuePut)
    osMutexAcquire                           0x08001725   Thumb Code    32  rtx_mutex.o(.text.osMutexAcquire)
    osMutexDelete                            0x08001749   Thumb Code    32  rtx_mutex.o(.text.osMutexDelete)
    osMutexNew                               0x0800176d   Thumb Code    32  rtx_mutex.o(.text.osMutexNew)
    osMutexRelease                           0x08001791   Thumb Code    32  rtx_mutex.o(.text.osMutexRelease)
    osRtxKernelErrorNotify                   0x080017b5   Thumb Code     4  rtx_kernel.o(.text.osRtxKernelErrorNotify)
    osRtxKernelPreInit                       0x080017b9   Thumb Code     2  rtx_kernel.o(.text.osRtxKernelPreInit)
    osRtxMemoryAlloc                         0x080017bb   Thumb Code   108  rtx_memory.o(.text.osRtxMemoryAlloc)
    osRtxMemoryFree                          0x08001827   Thumb Code    66  rtx_memory.o(.text.osRtxMemoryFree)
    osRtxMemoryInit                          0x08001869   Thumb Code    54  rtx_memory.o(.text.osRtxMemoryInit)
    osRtxMemoryPoolAlloc                     0x0800189f   Thumb Code    58  rtx_mempool.o(.text.osRtxMemoryPoolAlloc)
    osRtxMemoryPoolFree                      0x080018d9   Thumb Code    74  rtx_mempool.o(.text.osRtxMemoryPoolFree)
    osRtxMemoryPoolInit                      0x08001923   Thumb Code    56  rtx_mempool.o(.text.osRtxMemoryPoolInit)
    osRtxMessageQueueTimerSetup              0x08001a05   Thumb Code    32  rtx_msgqueue.o(.text.osRtxMessageQueueTimerSetup)
    osRtxMutexOwnerRelease                   0x08001a2d   Thumb Code    72  rtx_mutex.o(.text.osRtxMutexOwnerRelease)
    osRtxMutexOwnerRestore                   0x08001a75   Thumb Code    66  rtx_mutex.o(.text.osRtxMutexOwnerRestore)
    osRtxPendSV_Handler                      0x08001ab9   Thumb Code   136  rtx_system.o(.text.osRtxPendSV_Handler)
    osRtxPostProcess                         0x08001b45   Thumb Code   108  rtx_system.o(.text.osRtxPostProcess)
    osRtxThreadDelayTick                     0x08001cb1   Thumb Code    72  rtx_thread.o(.text.osRtxThreadDelayTick)
    osRtxThreadDispatch                      0x08001d21   Thumb Code    80  rtx_thread.o(.text.osRtxThreadDispatch)
    osRtxThreadListGet                       0x08001deb   Thumb Code    18  rtx_thread.o(.text.osRtxThreadListGet)
    osRtxThreadListPut                       0x08001dfd   Thumb Code    44  rtx_thread.o(.text.osRtxThreadListPut)
    osRtxThreadListRemove                    0x08001e29   Thumb Code    20  rtx_thread.o(.text.osRtxThreadListRemove)
    osRtxThreadListSort                      0x08001e49   Thumb Code    38  rtx_thread.o(.text.osRtxThreadListSort)
    osRtxThreadReadyPut                      0x08001e99   Thumb Code    16  rtx_thread.o(.text.osRtxThreadReadyPut)
    osRtxThreadRegPtr                        0x08001ead   Thumb Code    20  rtx_thread.o(.text.osRtxThreadRegPtr)
    osRtxThreadStartup                       0x08001ec1   Thumb Code    48  rtx_thread.o(.text.osRtxThreadStartup)
    osRtxThreadSwitch                        0x08001efd   Thumb Code    12  rtx_thread.o(.text.osRtxThreadSwitch)
    osRtxThreadWaitEnter                     0x08001f0d   Thumb Code    56  rtx_thread.o(.text.osRtxThreadWaitEnter)
    osRtxThreadWaitExit                      0x08001f49   Thumb Code    48  rtx_thread.o(.text.osRtxThreadWaitExit)
    osRtxTick_Handler                        0x08001f79   Thumb Code   116  rtx_system.o(.text.osRtxTick_Handler)
    osRtxTimerSetup                          0x08001ff1   Thumb Code    24  rtx_timer.o(.text.osRtxTimerSetup)
    osRtxTimerThread                         0x08002011   Thumb Code    32  rtx_timer.o(.text.osRtxTimerThread)
    osThreadExit                             0x080020a1   Thumb Code     8  rtx_thread.o(.text.osThreadExit)
    osThreadGetId                            0x080020ad   Thumb Code    32  rtx_thread.o(.text.osThreadGetId)
    osThreadNew                              0x080020d5   Thumb Code    32  rtx_thread.o(.text.osThreadNew)
    osThreadYield                            0x080020f9   Thumb Code    32  rtx_thread.o(.text.osThreadYield)
    HAL_DMA_Abort_IT                         0x08002e31   Thumb Code    40  stm32f4xx_hal_dma.o(i.HAL_DMA_Abort_IT)
    HAL_GPIO_DeInit                          0x08002e59   Thumb Code   340  stm32f4xx_hal_gpio.o(i.HAL_GPIO_DeInit)
    HAL_GPIO_Init                            0x08002fdd   Thumb Code   474  stm32f4xx_hal_gpio.o(i.HAL_GPIO_Init)
    HAL_GPIO_ReadPin                         0x080031ed   Thumb Code    16  stm32f4xx_hal_gpio.o(i.HAL_GPIO_ReadPin)
    HAL_GPIO_WritePin                        0x080031fd   Thumb Code    12  stm32f4xx_hal_gpio.o(i.HAL_GPIO_WritePin)
    HAL_GetREVID                             0x08003209   Thumb Code     8  stm32f4xx_hal.o(i.HAL_GetREVID)
    HAL_GetTick                              0x08003215   Thumb Code    70  main.o(i.HAL_GetTick)
    HAL_Init                                 0x08003265   Thumb Code    44  stm32f4xx_hal.o(i.HAL_Init)
    HAL_InitTick                             0x08003295   Thumb Code    64  stm32f4xx_hal.o(i.HAL_InitTick)
    HAL_MspInit                              0x080032e1   Thumb Code     2  stm32f4xx_hal.o(i.HAL_MspInit)
    HAL_NVIC_DisableIRQ                      0x080032e5   Thumb Code    38  stm32f4xx_hal_cortex.o(i.HAL_NVIC_DisableIRQ)
    HAL_NVIC_SetPriority                     0x08003311   Thumb Code   124  stm32f4xx_hal_cortex.o(i.HAL_NVIC_SetPriority)
    HAL_NVIC_SetPriorityGrouping             0x0800338d   Thumb Code    32  stm32f4xx_hal_cortex.o(i.HAL_NVIC_SetPriorityGrouping)
    HAL_RCC_ClockConfig                      0x080033b5   Thumb Code   368  stm32f4xx_hal_rcc.o(i.HAL_RCC_ClockConfig)
    HAL_RCC_GetHCLKFreq                      0x08003539   Thumb Code     6  stm32f4xx_hal_rcc.o(i.HAL_RCC_GetHCLKFreq)
    HAL_RCC_GetPCLK2Freq                     0x08003545   Thumb Code    22  stm32f4xx_hal_rcc.o(i.HAL_RCC_GetPCLK2Freq)
    HAL_RCC_GetSysClockFreq                  0x08003565   Thumb Code   162  stm32f4xx_hal_rcc.o(i.HAL_RCC_GetSysClockFreq)
    HAL_RCC_OscConfig                        0x08003615   Thumb Code  1172  stm32f4xx_hal_rcc.o(i.HAL_RCC_OscConfig)
    HAL_SYSTICK_Config                       0x08003ab1   Thumb Code    52  stm32f4xx_hal_cortex.o(i.HAL_SYSTICK_Config)
    ITM_SendChar                             0x08003ae5   Thumb Code    42  retarget_io.o(i.ITM_SendChar)
    SPI1_IRQHandler                          0x08003b71   Thumb Code    10  spi_stm32f4xx.o(i.SPI1_IRQHandler)
    SystemCoreClockUpdate                    0x080049c5   Thumb Code   170  system_stm32f4xx.o(i.SystemCoreClockUpdate)
    SystemInit                               0x08004a85   Thumb Code    24  system_stm32f4xx.o(i.SystemInit)
    __user_perthread_libspace                0x08004b09   Thumb Code    80  rtx_lib.o(i.__user_perthread_libspace)
    _mutex_acquire                           0x08004b61   Thumb Code    22  rtx_lib.o(i._mutex_acquire)
    _mutex_free                              0x08004b77   Thumb Code    12  rtx_lib.o(i._mutex_free)
    _mutex_initialize                        0x08004b83   Thumb Code    34  rtx_lib.o(i._mutex_initialize)
    _mutex_release                           0x08004ba5   Thumb Code    18  rtx_lib.o(i._mutex_release)
    _platform_post_stackheap_init            0x08004bb7   Thumb Code     8  rtx_lib.o(i._platform_post_stackheap_init)
    _sys_close                               0x08004bbf   Thumb Code    38  retarget_io.o(i._sys_close)
    _sys_flen                                0x08004be5   Thumb Code    36  retarget_io.o(i._sys_flen)
    _sys_istty                               0x08004c09   Thumb Code    36  retarget_io.o(i._sys_istty)
    _sys_open                                0x08004c2d   Thumb Code    80  retarget_io.o(i._sys_open)
    _sys_seek                                0x08004c95   Thumb Code    44  retarget_io.o(i._sys_seek)
    _sys_write                               0x08004cc1   Thumb Code    70  retarget_io.o(i._sys_write)
    _fputc$unlocked                          0x08004d07   Thumb Code    26  fputc.o(i.fputc)
    init_Th_keypad                           0x08004d21   Thumb Code    34  keypad.o(i.init_Th_keypad)
    main                                     0x08004d4d   Thumb Code    28  main.o(i.main)
    osRtxErrorNotify                         0x08004d69   Thumb Code    32  rtx_config.o(i.osRtxErrorNotify)
    osRtxIdleThread                          0x08004d89   Thumb Code     4  rtx_config.o(i.osRtxIdleThread)
    _fp_init                                 0x08004fdd   Thumb Code    10  fpinit.o(x$fpl$fpinit)
    __fplib_config_fpu_vfp                   0x08004fe5   Thumb Code     0  fpinit.o(x$fpl$fpinit)
    __fplib_config_pureend_doubles           0x08004fe5   Thumb Code     0  fpinit.o(x$fpl$fpinit)
    irqRtxLibRef                             0x08005048   Data           4  rtx_lib.o(.constdata)
    osRtxUserSVC                             0x0800504c   Data           4  rtx_lib.o(.constdata)
    Driver_SPI1                              0x080050b4   Data          44  spi_stm32f4xx.o(.constdata)
    EventRecorderInfo                        0x080050e0   Data          24  eventrecorder.o(.constdata)
    __stdin_name                             0x080050f8   Data           7  retarget_io.o(.constdata)
    __stdout_name                            0x080050ff   Data           8  retarget_io.o(.constdata)
    __stderr_name                            0x08005107   Data           8  retarget_io.o(.constdata)
    AHBPrescTable                            0x0800510f   Data          16  system_stm32f4xx.o(.constdata)
    APBPrescTable                            0x0800511f   Data           8  system_stm32f4xx.o(.constdata)
    osRtxConfig                              0x08005128   Data         112  rtx_lib.o(.rodata)
    os_cb_sections                           0x08005198   Data          56  rtx_lib.o(.rodata)
    irqRtxLib                                0x080051d0   Number         0  irq_armv7m.o(.rodata)
    Region$$Table$$Base                      0x080051e0   Number         0  anon$$obj.o(Region$$Table)
    Region$$Table$$Limit                     0x08005200   Number         0  anon$$obj.o(Region$$Table)
    .bss.os.msgqueue.cb$$Base                0x20008230   Number         0  rtx_lib.o(.bss.os.msgqueue.cb)
    .bss.os.msgqueue.cb$$Limit               0x20008264   Number         0  rtx_lib.o(.bss.os.msgqueue.cb)
    .bss.os.thread.cb$$Base                  0x200082b4   Number         0  rtx_lib.o(.bss.os.thread.cb)
    .bss.os.thread.cb$$Limit                 0x2000833c   Number         0  rtx_lib.o(.bss.os.thread.cb)
    uwTick                                   0x20008754   Data           4  stm32f4xx_hal.o(.data)
    uwTickPrio                               0x20008758   Data           4  stm32f4xx_hal.o(.data)
    uwTickFreq                               0x2000875c   Data           1  stm32f4xx_hal.o(.data)
    SystemCoreClock                          0x20008760   Data           4  system_stm32f4xx.o(.data)
    __aeabi_stdin                            0x20008764   Data           4  stdio_streams.o(.data)
    __aeabi_stdout                           0x20008768   Data           4  stdio_streams.o(.data)
    __aeabi_stderr                           0x2000876c   Data           4  stdio_streams.o(.data)
    _stream_list_lock                        0x20008770   Data           4  streamlock.o(.data)
    osRtxInfo                                0x20008774   Data         164  rtx_kernel.o(.data.os)
    __stdin                                  0x20008858   Data          84  stdio_streams.o(.bss)
    __stdout                                 0x200088ac   Data          84  stdio_streams.o(.bss)
    __stderr                                 0x20008900   Data          84  stdio_streams.o(.bss)
    __libspace_start                         0x20008954   Data          96  libspace.o(.bss)
    __temporary_stack_top$libspace           0x200089b4   Data           0  libspace.o(.bss)



==============================================================================

Memory Map of the image

  Image Entry point : 0x080001ad

  Load Region LR_IROM1 (Base: 0x08000000, Size: 0x0000da18, Max: 0x00200000, ABSOLUTE, COMPRESSED[0x00005324])

    Execution Region ER_IROM1 (Exec base: 0x08000000, Load base: 0x08000000, Size: 0x00005200, Max: 0x00200000, ABSOLUTE)

    Exec Addr    Load Addr    Size         Type   Attr      Idx    E Section Name        Object

    0x08000000   0x08000000   0x000001ac   Data   RO         2009    RESET               startup_stm32f429xx.o
    0x080001ac   0x080001ac   0x00000008   Code   RO         2584  * !!!main             c_w.l(__main.o)
    0x080001b4   0x080001b4   0x00000034   Code   RO         2940    !!!scatter          c_w.l(__scatter.o)
    0x080001e8   0x080001e8   0x0000003a   Code   RO         2938    !!dczerorl          c_w.l(__dczerorl.o)
    0x08000222   0x08000222   0x00000002   PAD
    0x08000224   0x08000224   0x0000001c   Code   RO         2942    !!handler_zi        c_w.l(__scatter_zi.o)
    0x08000240   0x08000240   0x00000000   Code   RO         2573    .ARM.Collect$$_printf_percent$$00000000  c_w.l(_printf_percent.o)
    0x08000240   0x08000240   0x00000006   Code   RO         2571    .ARM.Collect$$_printf_percent$$00000013  c_w.l(_printf_c.o)
    0x08000246   0x08000246   0x00000004   Code   RO         2597    .ARM.Collect$$_printf_percent$$00000017  c_w.l(_printf_percent_end.o)
    0x0800024a   0x0800024a   0x00000002   Code   RO         2725    .ARM.Collect$$libinit$$00000000  c_w.l(libinit.o)
    0x0800024c   0x0800024c   0x00000004   Code   RO         2726    .ARM.Collect$$libinit$$00000001  c_w.l(libinit2.o)
    0x08000250   0x08000250   0x00000000   Code   RO         2729    .ARM.Collect$$libinit$$00000004  c_w.l(libinit2.o)
    0x08000250   0x08000250   0x00000008   Code   RO         2730    .ARM.Collect$$libinit$$00000005  c_w.l(libinit2.o)
    0x08000258   0x08000258   0x00000000   Code   RO         2732    .ARM.Collect$$libinit$$0000000A  c_w.l(libinit2.o)
    0x08000258   0x08000258   0x00000000   Code   RO         2734    .ARM.Collect$$libinit$$0000000C  c_w.l(libinit2.o)
    0x08000258   0x08000258   0x00000000   Code   RO         2736    .ARM.Collect$$libinit$$0000000E  c_w.l(libinit2.o)
    0x08000258   0x08000258   0x00000000   Code   RO         2739    .ARM.Collect$$libinit$$00000011  c_w.l(libinit2.o)
    0x08000258   0x08000258   0x00000000   Code   RO         2741    .ARM.Collect$$libinit$$00000013  c_w.l(libinit2.o)
    0x08000258   0x08000258   0x00000000   Code   RO         2743    .ARM.Collect$$libinit$$00000015  c_w.l(libinit2.o)
    0x08000258   0x08000258   0x00000000   Code   RO         2745    .ARM.Collect$$libinit$$00000017  c_w.l(libinit2.o)
    0x08000258   0x08000258   0x00000000   Code   RO         2747    .ARM.Collect$$libinit$$00000019  c_w.l(libinit2.o)
    0x08000258   0x08000258   0x00000000   Code   RO         2749    .ARM.Collect$$libinit$$0000001B  c_w.l(libinit2.o)
    0x08000258   0x08000258   0x00000000   Code   RO         2751    .ARM.Collect$$libinit$$0000001D  c_w.l(libinit2.o)
    0x08000258   0x08000258   0x00000000   Code   RO         2753    .ARM.Collect$$libinit$$0000001F  c_w.l(libinit2.o)
    0x08000258   0x08000258   0x00000000   Code   RO         2755    .ARM.Collect$$libinit$$00000021  c_w.l(libinit2.o)
    0x08000258   0x08000258   0x00000000   Code   RO         2757    .ARM.Collect$$libinit$$00000023  c_w.l(libinit2.o)
    0x08000258   0x08000258   0x00000004   Code   RO         2758    .ARM.Collect$$libinit$$00000024  c_w.l(libinit2.o)
    0x0800025c   0x0800025c   0x00000000   Code   RO         2759    .ARM.Collect$$libinit$$00000025  c_w.l(libinit2.o)
    0x0800025c   0x0800025c   0x00000000   Code   RO         2763    .ARM.Collect$$libinit$$0000002C  c_w.l(libinit2.o)
    0x0800025c   0x0800025c   0x00000000   Code   RO         2765    .ARM.Collect$$libinit$$0000002E  c_w.l(libinit2.o)
    0x0800025c   0x0800025c   0x00000000   Code   RO         2767    .ARM.Collect$$libinit$$00000030  c_w.l(libinit2.o)
    0x0800025c   0x0800025c   0x00000000   Code   RO         2769    .ARM.Collect$$libinit$$00000032  c_w.l(libinit2.o)
    0x0800025c   0x0800025c   0x00000002   Code   RO         2770    .ARM.Collect$$libinit$$00000033  c_w.l(libinit2.o)
    0x0800025e   0x0800025e   0x00000002   Code   RO         2919    .ARM.Collect$$libshutdown$$00000000  c_w.l(libshutdown.o)
    0x08000260   0x08000260   0x00000000   Code   RO         2772    .ARM.Collect$$libshutdown$$00000002  c_w.l(libshutdown2.o)
    0x08000260   0x08000260   0x00000000   Code   RO         2774    .ARM.Collect$$libshutdown$$00000004  c_w.l(libshutdown2.o)
    0x08000260   0x08000260   0x00000004   Code   RO         2775    .ARM.Collect$$libshutdown$$00000005  c_w.l(libshutdown2.o)
    0x08000264   0x08000264   0x00000000   Code   RO         2776    .ARM.Collect$$libshutdown$$00000006  c_w.l(libshutdown2.o)
    0x08000264   0x08000264   0x00000000   Code   RO         2779    .ARM.Collect$$libshutdown$$00000009  c_w.l(libshutdown2.o)
    0x08000264   0x08000264   0x00000000   Code   RO         2782    .ARM.Collect$$libshutdown$$0000000C  c_w.l(libshutdown2.o)
    0x08000264   0x08000264   0x00000000   Code   RO         2784    .ARM.Collect$$libshutdown$$0000000E  c_w.l(libshutdown2.o)
    0x08000264   0x08000264   0x00000004   Code   RO         2785    .ARM.Collect$$libshutdown$$0000000F  c_w.l(libshutdown2.o)
    0x08000268   0x08000268   0x00000000   Code   RO         2787    .ARM.Collect$$libshutdown$$00000011  c_w.l(libshutdown2.o)
    0x08000268   0x08000268   0x00000002   Code   RO         2788    .ARM.Collect$$libshutdown$$00000012  c_w.l(libshutdown2.o)
    0x0800026a   0x0800026a   0x00000000   Code   RO         2586    .ARM.Collect$$rtentry$$00000000  c_w.l(__rtentry.o)
    0x0800026a   0x0800026a   0x00000000   Code   RO         2607    .ARM.Collect$$rtentry$$00000002  c_w.l(__rtentry2.o)
    0x0800026a   0x0800026a   0x00000006   Code   RO         2619    .ARM.Collect$$rtentry$$00000004  c_w.l(__rtentry4.o)
    0x08000270   0x08000270   0x00000008   Code   RO         2608    .ARM.Collect$$rtentry$$00000008  c_w.l(__rtentry2.o)
    0x08000278   0x08000278   0x00000004   Code   RO         2610    .ARM.Collect$$rtentry$$0000000A  c_w.l(__rtentry2.o)
    0x0800027c   0x0800027c   0x00000000   Code   RO         2612    .ARM.Collect$$rtentry$$0000000C  c_w.l(__rtentry2.o)
    0x0800027c   0x0800027c   0x00000008   Code   RO         2613    .ARM.Collect$$rtentry$$0000000D  c_w.l(__rtentry2.o)
    0x08000284   0x08000284   0x00000002   Code   RO         2794    .ARM.Collect$$rtexit$$00000000  c_w.l(rtexit.o)
    0x08000286   0x08000286   0x00000000   Code   RO         2852    .ARM.Collect$$rtexit$$00000002  c_w.l(rtexit2.o)
    0x08000286   0x08000286   0x00000004   Code   RO         2853    .ARM.Collect$$rtexit$$00000003  c_w.l(rtexit2.o)
    0x0800028a   0x0800028a   0x00000006   Code   RO         2854    .ARM.Collect$$rtexit$$00000004  c_w.l(rtexit2.o)
    0x08000290   0x08000290   0x00000000   Code   RO         2859    .emb_text           c_w.l(maybetermalloc2.o)
    0x08000290   0x08000290   0x00000040   Code   RO         2010    .text               startup_stm32f429xx.o
    0x080002d0   0x080002d0   0x000000c8   Code   RO         2423    .text               RTX_CM4F.lib(irq_armv7m.o)
    0x08000398   0x08000398   0x000000ee   Code   RO         2539    .text               c_w.l(lludivv7m.o)
    0x08000486   0x08000486   0x00000002   PAD
    0x08000488   0x08000488   0x00000018   Code   RO         2543    .text               c_w.l(noretval__2printf.o)
    0x080004a0   0x080004a0   0x00000068   Code   RO         2545    .text               c_w.l(__printf.o)
    0x08000508   0x08000508   0x00000052   Code   RO         2547    .text               c_w.l(_printf_str.o)
    0x0800055a   0x0800055a   0x0000008a   Code   RO         2574    .text               c_w.l(rt_memcpy_v6.o)
    0x080005e4   0x080005e4   0x00000044   Code   RO         2576    .text               c_w.l(rt_memclr.o)
    0x08000628   0x08000628   0x0000004e   Code   RO         2578    .text               c_w.l(rt_memclr_w.o)
    0x08000676   0x08000676   0x00000002   PAD
    0x08000678   0x08000678   0x00000080   Code   RO         2580    .text               c_w.l(strcmpv7m.o)
    0x080006f8   0x080006f8   0x00000006   Code   RO         2582    .text               c_w.l(heapauxi.o)
    0x080006fe   0x080006fe   0x0000002c   Code   RO         2593    .text               c_w.l(_printf_char.o)
    0x0800072a   0x0800072a   0x00000064   Code   RO         2604    .text               c_w.l(rt_memcpy_w.o)
    0x0800078e   0x0800078e   0x00000002   PAD
    0x08000790   0x08000790   0x00000030   Code   RO         2623    .text               c_w.l(_printf_char_common.o)
    0x080007c0   0x080007c0   0x000001c8   Code   RO         2637    .text               c_w.l(initio_locked.o)
    0x08000988   0x08000988   0x0000004a   Code   RO         2639    .text               c_w.l(sys_stackheap_outer.o)
    0x080009d2   0x080009d2   0x00000076   Code   RO         2645    .text               c_w.l(h1_free_mt.o)
    0x08000a48   0x08000a48   0x000001d6   Code   RO         2699    .text               c_w.l(flsbuf.o)
    0x08000c1e   0x08000c1e   0x0000004c   Code   RO         2706    .text               c_w.l(fclose.o)
    0x08000c6a   0x08000c6a   0x00000068   Code   RO         2708    .text               c_w.l(setvbuf_locked.o)
    0x08000cd2   0x08000cd2   0x00000002   PAD
    0x08000cd4   0x08000cd4   0x00000144   Code   RO         2710    .text               c_w.l(fopen_locked.o)
    0x08000e18   0x08000e18   0x00000012   Code   RO         2712    .text               c_w.l(exit.o)
    0x08000e2a   0x08000e2a   0x0000000e   Code   RO         2718    .text               c_w.l(defsig_rtred_outer.o)
    0x08000e38   0x08000e38   0x00000008   Code   RO         2791    .text               c_w.l(libspace.o)
    0x08000e40   0x08000e40   0x0000000a   Code   RO         2803    .text               c_w.l(rt_heap_descriptor_twolibspace.o)
    0x08000e4a   0x08000e4a   0x00000004   Code   RO         2805    .text               c_w.l(hguard.o)
    0x08000e4e   0x08000e4e   0x0000008a   Code   RO         2807    .text               c_w.l(init_alloc.o)
    0x08000ed8   0x08000ed8   0x0000009e   Code   RO         2815    .text               c_w.l(h1_alloc_mt.o)
    0x08000f76   0x08000f76   0x00000002   PAD
    0x08000f78   0x08000f78   0x00000040   Code   RO         2827    .text               c_w.l(_printf_char_file_locked.o)
    0x08000fb8   0x08000fb8   0x000000f8   Code   RO         2829    .text               c_w.l(fseek.o)
    0x080010b0   0x080010b0   0x000000f0   Code   RO         2831    .text               c_w.l(stdio.o)
    0x080011a0   0x080011a0   0x0000000a   Code   RO         2837    .text               c_w.l(defsig_exit.o)
    0x080011aa   0x080011aa   0x00000002   PAD
    0x080011ac   0x080011ac   0x00000034   Code   RO         2841    .text               c_w.l(defsig_rtred_inner.o)
    0x080011e0   0x080011e0   0x0000000c   Code   RO         2849    .text               c_w.l(sys_exit.o)
    0x080011ec   0x080011ec   0x00000012   Code   RO         2864    .text               c_w.l(h1_init_mt.o)
    0x080011fe   0x080011fe   0x0000003e   Code   RO         2866    .text               c_w.l(h1_extend_mt.o)
    0x0800123c   0x0800123c   0x00000042   Code   RO         2872    .text               c_w.l(ftell.o)
    0x0800127e   0x0800127e   0x00000032   Code   RO         2880    .text               c_w.l(defsig_general.o)
    0x080012b0   0x080012b0   0x0000000e   Code   RO         2882    .text               c_w.l(defsig_rtmem_outer.o)
    0x080012be   0x080012be   0x0000000e   Code   RO         2895    .text               c_w.l(sys_wrch.o)
    0x080012cc   0x080012cc   0x00000002   Code   RO         2899    .text               c_w.l(use_no_semi.o)
    0x080012ce   0x080012ce   0x00000000   Code   RO         2901    .text               c_w.l(indicate_semi.o)
    0x080012ce   0x080012ce   0x00000004   Code   RO         2907    .text               c_w.l(rt_errno_addr_twolibspace.o)
    0x080012d2   0x080012d2   0x00000010   Code   RO         2911    .text               c_w.l(term_alloc.o)
    0x080012e2   0x080012e2   0x00000002   PAD
    0x080012e4   0x080012e4   0x00000050   Code   RO         2913    .text               c_w.l(defsig_rtmem_inner.o)
    0x08001334   0x08001334   0x0000000a   Code   RO         2922    .text               c_w.l(h1_final_mt.o)
    0x0800133e   0x0800133e   0x00000040   Code   RO         2406    .text.MessageQueueGet  RTX_CM4F.lib(rtx_msgqueue.o)
    0x0800137e   0x0800137e   0x00000058   Code   RO         2400    .text.MessageQueuePut  RTX_CM4F.lib(rtx_msgqueue.o)
    0x080013d6   0x080013d6   0x0000001c   Code   RO         2398    .text.MessageQueueRemove  RTX_CM4F.lib(rtx_msgqueue.o)
    0x080013f2   0x080013f2   0x00000002   PAD
    0x080013f4   0x080013f4   0x0000000c   Code   RO         2517    .text.OS_Tick_AcknowledgeIRQ  RTX_CM4F.lib(os_systick.o)
    0x08001400   0x08001400   0x0000002c   Code   RO         2513    .text.OS_Tick_Enable  RTX_CM4F.lib(os_systick.o)
    0x0800142c   0x0800142c   0x00000006   Code   RO         2519    .text.OS_Tick_GetIRQn  RTX_CM4F.lib(os_systick.o)
    0x08001432   0x08001432   0x00000002   PAD
    0x08001434   0x08001434   0x00000040   Code   RO         2511    .text.OS_Tick_Setup  RTX_CM4F.lib(os_systick.o)
    0x08001474   0x08001474   0x0000000c   Code   RO         2110    .text.OUTLINED_FUNCTION_0  RTX_CM4F.lib(rtx_kernel.o)
    0x08001480   0x08001480   0x00000006   Code   RO         2252    .text.OUTLINED_FUNCTION_0  RTX_CM4F.lib(rtx_thread.o)
    0x08001486   0x08001486   0x0000000c   Code   RO         2414    .text.OUTLINED_FUNCTION_0  RTX_CM4F.lib(rtx_msgqueue.o)
    0x08001492   0x08001492   0x00000006   Code   RO         2112    .text.OUTLINED_FUNCTION_1  RTX_CM4F.lib(rtx_kernel.o)
    0x08001498   0x08001498   0x00000064   Code   RO         2204    .text.ThreadFlagsCheck  RTX_CM4F.lib(rtx_thread.o)
    0x080014fc   0x080014fc   0x00000048   Code   RO         2304    .text.TimerInsert   RTX_CM4F.lib(rtx_timer.o)
    0x08001544   0x08001544   0x00000024   Code   RO         2270    .text.osDelay       RTX_CM4F.lib(rtx_delay.o)
    0x08001568   0x08001568   0x00000030   Code   RO         2062    .text.osKernelGetState  RTX_CM4F.lib(rtx_kernel.o)
    0x08001598   0x08001598   0x00000028   Code   RO         2078    .text.osKernelGetTickCount  RTX_CM4F.lib(rtx_kernel.o)
    0x080015c0   0x080015c0   0x0000002c   Code   RO         2056    .text.osKernelInitialize  RTX_CM4F.lib(rtx_kernel.o)
    0x080015ec   0x080015ec   0x00000024   Code   RO         2066    .text.osKernelStart  RTX_CM4F.lib(rtx_kernel.o)
    0x08001610   0x08001610   0x00000070   Code   RO         2374    .text.osMessageQueueGet  RTX_CM4F.lib(rtx_msgqueue.o)
    0x08001680   0x08001680   0x00000024   Code   RO         2368    .text.osMessageQueueNew  RTX_CM4F.lib(rtx_msgqueue.o)
    0x080016a4   0x080016a4   0x00000080   Code   RO         2372    .text.osMessageQueuePut  RTX_CM4F.lib(rtx_msgqueue.o)
    0x08001724   0x08001724   0x00000024   Code   RO         2336    .text.osMutexAcquire  RTX_CM4F.lib(rtx_mutex.o)
    0x08001748   0x08001748   0x00000024   Code   RO         2342    .text.osMutexDelete  RTX_CM4F.lib(rtx_mutex.o)
    0x0800176c   0x0800176c   0x00000024   Code   RO         2332    .text.osMutexNew    RTX_CM4F.lib(rtx_mutex.o)
    0x08001790   0x08001790   0x00000024   Code   RO         2338    .text.osMutexRelease  RTX_CM4F.lib(rtx_mutex.o)
    0x080017b4   0x080017b4   0x00000004   Code   RO         2054    .text.osRtxKernelErrorNotify  RTX_CM4F.lib(rtx_kernel.o)
    0x080017b8   0x080017b8   0x00000002   Code   RO         2052    .text.osRtxKernelPreInit  RTX_CM4F.lib(rtx_kernel.o)
    0x080017ba   0x080017ba   0x0000006c   Code   RO         2433    .text.osRtxMemoryAlloc  RTX_CM4F.lib(rtx_memory.o)
    0x08001826   0x08001826   0x00000042   Code   RO         2435    .text.osRtxMemoryFree  RTX_CM4F.lib(rtx_memory.o)
    0x08001868   0x08001868   0x00000036   Code   RO         2431    .text.osRtxMemoryInit  RTX_CM4F.lib(rtx_memory.o)
    0x0800189e   0x0800189e   0x0000003a   Code   RO         2447    .text.osRtxMemoryPoolAlloc  RTX_CM4F.lib(rtx_mempool.o)
    0x080018d8   0x080018d8   0x0000004a   Code   RO         2449    .text.osRtxMemoryPoolFree  RTX_CM4F.lib(rtx_mempool.o)
    0x08001922   0x08001922   0x00000038   Code   RO         2445    .text.osRtxMemoryPoolInit  RTX_CM4F.lib(rtx_mempool.o)
    0x0800195a   0x0800195a   0x000000aa   Code   RO         2396    .text.osRtxMessageQueuePostProcess  RTX_CM4F.lib(rtx_msgqueue.o)
    0x08001a04   0x08001a04   0x00000028   Code   RO         2364    .text.osRtxMessageQueueTimerSetup  RTX_CM4F.lib(rtx_msgqueue.o)
    0x08001a2c   0x08001a2c   0x00000048   Code   RO         2328    .text.osRtxMutexOwnerRelease  RTX_CM4F.lib(rtx_mutex.o)
    0x08001a74   0x08001a74   0x00000042   Code   RO         2330    .text.osRtxMutexOwnerRestore  RTX_CM4F.lib(rtx_mutex.o)
    0x08001ab6   0x08001ab6   0x00000002   PAD
    0x08001ab8   0x08001ab8   0x0000008c   Code   RO         2499    .text.osRtxPendSV_Handler  RTX_CM4F.lib(rtx_system.o)
    0x08001b44   0x08001b44   0x00000074   Code   RO         2501    .text.osRtxPostProcess  RTX_CM4F.lib(rtx_system.o)
    0x08001bb8   0x08001bb8   0x00000038   Code   RO         2144    .text.osRtxThreadBlock  RTX_CM4F.lib(rtx_thread.o)
    0x08001bf0   0x08001bf0   0x00000080   Code   RO         2152    .text.osRtxThreadDelayInsert  RTX_CM4F.lib(rtx_thread.o)
    0x08001c70   0x08001c70   0x00000040   Code   RO         2148    .text.osRtxThreadDelayRemove  RTX_CM4F.lib(rtx_thread.o)
    0x08001cb0   0x08001cb0   0x0000004c   Code   RO         2134    .text.osRtxThreadDelayTick  RTX_CM4F.lib(rtx_thread.o)
    0x08001cfc   0x08001cfc   0x00000024   Code   RO         2236    .text.osRtxThreadDestroy  RTX_CM4F.lib(rtx_thread.o)
    0x08001d20   0x08001d20   0x00000054   Code   RO         2142    .text.osRtxThreadDispatch  RTX_CM4F.lib(rtx_thread.o)
    0x08001d74   0x08001d74   0x00000058   Code   RO         2228    .text.osRtxThreadFree  RTX_CM4F.lib(rtx_thread.o)
    0x08001dcc   0x08001dcc   0x0000001e   Code   RO         2234    .text.osRtxThreadJoinWakeup  RTX_CM4F.lib(rtx_thread.o)
    0x08001dea   0x08001dea   0x00000012   Code   RO         2126    .text.osRtxThreadListGet  RTX_CM4F.lib(rtx_thread.o)
    0x08001dfc   0x08001dfc   0x0000002c   Code   RO         2124    .text.osRtxThreadListPut  RTX_CM4F.lib(rtx_thread.o)
    0x08001e28   0x08001e28   0x00000014   Code   RO         2130    .text.osRtxThreadListRemove  RTX_CM4F.lib(rtx_thread.o)
    0x08001e3c   0x08001e3c   0x0000000c   Code   RO         2136    .text.osRtxThreadListRoot  RTX_CM4F.lib(rtx_thread.o)
    0x08001e48   0x08001e48   0x00000026   Code   RO         2128    .text.osRtxThreadListSort  RTX_CM4F.lib(rtx_thread.o)
    0x08001e6e   0x08001e6e   0x00000028   Code   RO         2202    .text.osRtxThreadPostProcess  RTX_CM4F.lib(rtx_thread.o)
    0x08001e96   0x08001e96   0x00000002   PAD
    0x08001e98   0x08001e98   0x00000014   Code   RO         2132    .text.osRtxThreadReadyPut  RTX_CM4F.lib(rtx_thread.o)
    0x08001eac   0x08001eac   0x00000014   Code   RO         2138    .text.osRtxThreadRegPtr  RTX_CM4F.lib(rtx_thread.o)
    0x08001ec0   0x08001ec0   0x0000003c   Code   RO         2154    .text.osRtxThreadStartup  RTX_CM4F.lib(rtx_thread.o)
    0x08001efc   0x08001efc   0x00000010   Code   RO         2140    .text.osRtxThreadSwitch  RTX_CM4F.lib(rtx_thread.o)
    0x08001f0c   0x08001f0c   0x0000003c   Code   RO         2150    .text.osRtxThreadWaitEnter  RTX_CM4F.lib(rtx_thread.o)
    0x08001f48   0x08001f48   0x00000030   Code   RO         2146    .text.osRtxThreadWaitExit  RTX_CM4F.lib(rtx_thread.o)
    0x08001f78   0x08001f78   0x00000078   Code   RO         2497    .text.osRtxTick_Handler  RTX_CM4F.lib(rtx_system.o)
    0x08001ff0   0x08001ff0   0x00000020   Code   RO         2286    .text.osRtxTimerSetup  RTX_CM4F.lib(rtx_timer.o)
    0x08002010   0x08002010   0x00000020   Code   RO         2290    .text.osRtxTimerThread  RTX_CM4F.lib(rtx_timer.o)
    0x08002030   0x08002030   0x00000070   Code   RO         2288    .text.osRtxTimerTick  RTX_CM4F.lib(rtx_timer.o)
    0x080020a0   0x080020a0   0x0000000c   Code   RO         2186    .text.osThreadExit  RTX_CM4F.lib(rtx_thread.o)
    0x080020ac   0x080020ac   0x00000028   Code   RO         2162    .text.osThreadGetId  RTX_CM4F.lib(rtx_thread.o)
    0x080020d4   0x080020d4   0x00000024   Code   RO         2158    .text.osThreadNew   RTX_CM4F.lib(rtx_thread.o)
    0x080020f8   0x080020f8   0x00000024   Code   RO         2176    .text.osThreadYield  RTX_CM4F.lib(rtx_thread.o)
    0x0800211c   0x0800211c   0x00000016   Code   RO         2274    .text.svcRtxDelay   RTX_CM4F.lib(rtx_delay.o)
    0x08002132   0x08002132   0x00000002   PAD
    0x08002134   0x08002134   0x0000000c   Code   RO         2064    .text.svcRtxKernelGetState  RTX_CM4F.lib(rtx_kernel.o)
    0x08002140   0x08002140   0x0000000c   Code   RO         2080    .text.svcRtxKernelGetTickCount  RTX_CM4F.lib(rtx_kernel.o)
    0x0800214c   0x0800214c   0x00000100   Code   RO         2094    .text.svcRtxKernelInitialize  RTX_CM4F.lib(rtx_kernel.o)
    0x0800224c   0x0800224c   0x00000088   Code   RO         2096    .text.svcRtxKernelStart  RTX_CM4F.lib(rtx_kernel.o)
    0x080022d4   0x080022d4   0x000000d8   Code   RO         2408    .text.svcRtxMessageQueueGet  RTX_CM4F.lib(rtx_msgqueue.o)
    0x080023ac   0x080023ac   0x00000118   Code   RO         2366    .text.svcRtxMessageQueueNew  RTX_CM4F.lib(rtx_msgqueue.o)
    0x080024c4   0x080024c4   0x000000b4   Code   RO         2404    .text.svcRtxMessageQueuePut  RTX_CM4F.lib(rtx_msgqueue.o)
    0x08002578   0x08002578   0x00000090   Code   RO         2348    .text.svcRtxMutexAcquire  RTX_CM4F.lib(rtx_mutex.o)
    0x08002608   0x08002608   0x000000b0   Code   RO         2354    .text.svcRtxMutexDelete  RTX_CM4F.lib(rtx_mutex.o)
    0x080026b8   0x080026b8   0x00000068   Code   RO         2344    .text.svcRtxMutexNew  RTX_CM4F.lib(rtx_mutex.o)
    0x08002720   0x08002720   0x000000b4   Code   RO         2350    .text.svcRtxMutexRelease  RTX_CM4F.lib(rtx_mutex.o)
    0x080027d4   0x080027d4   0x0000004c   Code   RO         2232    .text.svcRtxThreadExit  RTX_CM4F.lib(rtx_thread.o)
    0x08002820   0x08002820   0x0000000c   Code   RO         2164    .text.svcRtxThreadGetId  RTX_CM4F.lib(rtx_thread.o)
    0x0800282c   0x0800282c   0x000001ec   Code   RO         2156    .text.svcRtxThreadNew  RTX_CM4F.lib(rtx_thread.o)
    0x08002a18   0x08002a18   0x00000038   Code   RO         2218    .text.svcRtxThreadYield  RTX_CM4F.lib(rtx_thread.o)
    0x08002a50   0x08002a50   0x0000009c   Code   RO          349    i.Disable_SPI_Clock  spi_stm32f4xx.o
    0x08002aec   0x08002aec   0x000001d8   Code   RO          350    i.Enable_GPIO_Clock  spi_stm32f4xx.o
    0x08002cc4   0x08002cc4   0x0000010c   Code   RO          351    i.Enable_SPI_Clock  spi_stm32f4xx.o
    0x08002dd0   0x08002dd0   0x00000004   Code   RO            4    i.Error_Handler     main.o
    0x08002dd4   0x08002dd4   0x0000005c   Code   RO          162    i.GPIO_Init         keypad.o
    0x08002e30   0x08002e30   0x00000028   Code   RO         1099    i.HAL_DMA_Abort_IT  stm32f4xx_hal_dma.o
    0x08002e58   0x08002e58   0x00000184   Code   RO         1242    i.HAL_GPIO_DeInit   stm32f4xx_hal_gpio.o
    0x08002fdc   0x08002fdc   0x00000210   Code   RO         1245    i.HAL_GPIO_Init     stm32f4xx_hal_gpio.o
    0x080031ec   0x080031ec   0x00000010   Code   RO         1247    i.HAL_GPIO_ReadPin  stm32f4xx_hal_gpio.o
    0x080031fc   0x080031fc   0x0000000c   Code   RO         1249    i.HAL_GPIO_WritePin  stm32f4xx_hal_gpio.o
    0x08003208   0x08003208   0x0000000c   Code   RO          771    i.HAL_GetREVID      stm32f4xx_hal.o
    0x08003214   0x08003214   0x00000050   Code   RO            5    i.HAL_GetTick       main.o
    0x08003264   0x08003264   0x00000030   Code   RO          779    i.HAL_Init          stm32f4xx_hal.o
    0x08003294   0x08003294   0x0000004c   Code   RO          780    i.HAL_InitTick      stm32f4xx_hal.o
    0x080032e0   0x080032e0   0x00000002   Code   RO          782    i.HAL_MspInit       stm32f4xx_hal.o
    0x080032e2   0x080032e2   0x00000002   PAD
    0x080032e4   0x080032e4   0x0000002c   Code   RO          959    i.HAL_NVIC_DisableIRQ  stm32f4xx_hal_cortex.o
    0x08003310   0x08003310   0x0000007c   Code   RO          966    i.HAL_NVIC_SetPriority  stm32f4xx_hal_cortex.o
    0x0800338c   0x0800338c   0x00000028   Code   RO          967    i.HAL_NVIC_SetPriorityGrouping  stm32f4xx_hal_cortex.o
    0x080033b4   0x080033b4   0x00000184   Code   RO         1501    i.HAL_RCC_ClockConfig  stm32f4xx_hal_rcc.o
    0x08003538   0x08003538   0x0000000c   Code   RO         1506    i.HAL_RCC_GetHCLKFreq  stm32f4xx_hal_rcc.o
    0x08003544   0x08003544   0x00000020   Code   RO         1509    i.HAL_RCC_GetPCLK2Freq  stm32f4xx_hal_rcc.o
    0x08003564   0x08003564   0x000000b0   Code   RO         1510    i.HAL_RCC_GetSysClockFreq  stm32f4xx_hal_rcc.o
    0x08003614   0x08003614   0x0000049c   Code   RO         1513    i.HAL_RCC_OscConfig  stm32f4xx_hal_rcc.o
    0x08003ab0   0x08003ab0   0x00000034   Code   RO          971    i.HAL_SYSTICK_Config  stm32f4xx_hal_cortex.o
    0x08003ae4   0x08003ae4   0x00000030   Code   RO          673    i.ITM_SendChar      retarget_io.o
    0x08003b14   0x08003b14   0x00000024   Code   RO          163    i.Init_MsgQueue_keypad  keypad.o
    0x08003b38   0x08003b38   0x00000018   Code   RO          352    i.SPI1_Control      spi_stm32f4xx.o
    0x08003b50   0x08003b50   0x00000010   Code   RO          353    i.SPI1_GetDataCount  spi_stm32f4xx.o
    0x08003b60   0x08003b60   0x00000010   Code   RO          354    i.SPI1_GetStatus    spi_stm32f4xx.o
    0x08003b70   0x08003b70   0x00000010   Code   RO          355    i.SPI1_IRQHandler   spi_stm32f4xx.o
    0x08003b80   0x08003b80   0x00000014   Code   RO          356    i.SPI1_Initialize   spi_stm32f4xx.o
    0x08003b94   0x08003b94   0x00000014   Code   RO          357    i.SPI1_PowerControl  spi_stm32f4xx.o
    0x08003ba8   0x08003ba8   0x00000018   Code   RO          358    i.SPI1_Receive      spi_stm32f4xx.o
    0x08003bc0   0x08003bc0   0x00000018   Code   RO          359    i.SPI1_Send         spi_stm32f4xx.o
    0x08003bd8   0x08003bd8   0x0000001c   Code   RO          360    i.SPI1_Transfer     spi_stm32f4xx.o
    0x08003bf4   0x08003bf4   0x00000010   Code   RO          361    i.SPI1_Uninitialize  spi_stm32f4xx.o
    0x08003c04   0x08003c04   0x0000000c   Code   RO          362    i.SPIX_GetCapabilities  spi_stm32f4xx.o
    0x08003c10   0x08003c10   0x00000010   Code   RO          363    i.SPIX_GetVersion   spi_stm32f4xx.o
    0x08003c20   0x08003c20   0x000005de   Code   RO          364    i.SPI_Control       spi_stm32f4xx.o
    0x080041fe   0x080041fe   0x00000008   Code   RO          365    i.SPI_GetDataCount  spi_stm32f4xx.o
    0x08004206   0x08004206   0x0000002c   Code   RO          366    i.SPI_GetStatus     spi_stm32f4xx.o
    0x08004232   0x08004232   0x00000112   Code   RO          367    i.SPI_IRQHandler    spi_stm32f4xx.o
    0x08004344   0x08004344   0x000000d4   Code   RO          368    i.SPI_Initialize    spi_stm32f4xx.o
    0x08004418   0x08004418   0x00000124   Code   RO          369    i.SPI_PeripheralReset  spi_stm32f4xx.o
    0x0800453c   0x0800453c   0x0000010c   Code   RO          370    i.SPI_PowerControl  spi_stm32f4xx.o
    0x08004648   0x08004648   0x00000094   Code   RO          371    i.SPI_Receive       spi_stm32f4xx.o
    0x080046dc   0x080046dc   0x00000058   Code   RO          372    i.SPI_RxData        spi_stm32f4xx.o
    0x08004734   0x08004734   0x00000094   Code   RO          373    i.SPI_Send          spi_stm32f4xx.o
    0x080047c8   0x080047c8   0x00000082   Code   RO          374    i.SPI_Transfer      spi_stm32f4xx.o
    0x0800484a   0x0800484a   0x00000054   Code   RO          375    i.SPI_TxData        spi_stm32f4xx.o
    0x0800489e   0x0800489e   0x00000066   Code   RO          376    i.SPI_Uninitialize  spi_stm32f4xx.o
    0x08004904   0x08004904   0x000000c0   Code   RO            6    i.SystemClock_Config  main.o
    0x080049c4   0x080049c4   0x000000c0   Code   RO         2017    i.SystemCoreClockUpdate  system_stm32f4xx.o
    0x08004a84   0x08004a84   0x0000001c   Code   RO         2018    i.SystemInit        system_stm32f4xx.o
    0x08004aa0   0x08004aa0   0x00000030   Code   RO          164    i.Th_keypad         keypad.o
    0x08004ad0   0x08004ad0   0x00000010   Code   RO          973    i.__NVIC_GetPriorityGrouping  stm32f4xx_hal_cortex.o
    0x08004ae0   0x08004ae0   0x00000028   Code   RO          974    i.__NVIC_SetPriority  stm32f4xx_hal_cortex.o
    0x08004b08   0x08004b08   0x00000058   Code   RO          221    i.__user_perthread_libspace  rtx_lib.o
    0x08004b60   0x08004b60   0x00000016   Code   RO          222    i._mutex_acquire    rtx_lib.o
    0x08004b76   0x08004b76   0x0000000c   Code   RO          223    i._mutex_free       rtx_lib.o
    0x08004b82   0x08004b82   0x00000022   Code   RO          224    i._mutex_initialize  rtx_lib.o
    0x08004ba4   0x08004ba4   0x00000012   Code   RO          225    i._mutex_release    rtx_lib.o
    0x08004bb6   0x08004bb6   0x00000008   Code   RO          226    i._platform_post_stackheap_init  rtx_lib.o
    0x08004bbe   0x08004bbe   0x00000026   Code   RO          674    i._sys_close        retarget_io.o
    0x08004be4   0x08004be4   0x00000024   Code   RO          675    i._sys_flen         retarget_io.o
    0x08004c08   0x08004c08   0x00000024   Code   RO          676    i._sys_istty        retarget_io.o
    0x08004c2c   0x08004c2c   0x00000068   Code   RO          677    i._sys_open         retarget_io.o
    0x08004c94   0x08004c94   0x0000002c   Code   RO          679    i._sys_seek         retarget_io.o
    0x08004cc0   0x08004cc0   0x00000046   Code   RO          680    i._sys_write        retarget_io.o
    0x08004d06   0x08004d06   0x0000001a   Code   RO         2628    i.fputc             c_w.l(fputc.o)
    0x08004d20   0x08004d20   0x0000002c   Code   RO          166    i.init_Th_keypad    keypad.o
    0x08004d4c   0x08004d4c   0x0000001c   Code   RO            9    i.main              main.o
    0x08004d68   0x08004d68   0x00000020   Code   RO          315    i.osRtxErrorNotify  rtx_config.o
    0x08004d88   0x08004d88   0x00000004   Code   RO          316    i.osRtxIdleThread   rtx_config.o
    0x08004d8c   0x08004d8c   0x00000020   Code   RO          227    i.os_kernel_is_active  rtx_lib.o
    0x08004dac   0x08004dac   0x00000224   Code   RO          167    i.read_keypad       keypad.o
    0x08004fd0   0x08004fd0   0x0000000c   Code   RO          681    i.stdout_putchar    retarget_io.o
    0x08004fdc   0x08004fdc   0x0000000a   Code   RO         2847    x$fpl$fpinit        fz_wm.l(fpinit.o)
    0x08004fe6   0x08004fe6   0x00000002   PAD
    0x08004fe8   0x08004fe8   0x00000068   Data   RO          235    .constdata          rtx_lib.o
    0x08005050   0x08005050   0x00000090   Data   RO          378    .constdata          spi_stm32f4xx.o
    0x080050e0   0x080050e0   0x00000018   Data   RO          557    .constdata          eventrecorder.o
    0x080050f8   0x080050f8   0x00000017   Data   RO          682    .constdata          retarget_io.o
    0x0800510f   0x0800510f   0x00000018   Data   RO         2019    .constdata          system_stm32f4xx.o
    0x08005127   0x08005127   0x00000001   PAD
    0x08005128   0x08005128   0x000000a8   Data   RO          237    .rodata             rtx_lib.o
    0x080051d0   0x080051d0   0x00000001   Data   RO         2424    .rodata             RTX_CM4F.lib(irq_armv7m.o)
    0x080051d1   0x080051d1   0x00000003   PAD
    0x080051d4   0x080051d4   0x0000000b   Data   RO         2114    .rodata.str1.4      RTX_CM4F.lib(rtx_kernel.o)
    0x080051df   0x080051df   0x00000001   PAD
    0x080051e0   0x080051e0   0x00000020   Data   RO         2936    Region$$Table       anon$$obj.o


    Execution Region RW_IRAM1 (Exec base: 0x20000000, Load base: 0x08005200, Size: 0x0000a068, Max: 0x00030000, ABSOLUTE, COMPRESSED[0x00000124])

    Exec Addr    Load Addr    Size         Type   Attr      Idx    E Section Name        Object

    0x20000000   COMPRESSED   0x00008040   Data   RW          228    .bss.os             rtx_lib.o
    0x20008040   COMPRESSED   0x000001f0   Data   RW          229    .bss.os.libspace    rtx_lib.o
    0x20008230   COMPRESSED   0x00000034   Data   RW          230    .bss.os.msgqueue.cb  rtx_lib.o
    0x20008264   COMPRESSED   0x00000050   Data   RW          231    .bss.os.msgqueue.mem  rtx_lib.o
    0x200082b4   COMPRESSED   0x00000088   Data   RW          232    .bss.os.thread.cb   rtx_lib.o
    0x2000833c   COMPRESSED   0x00000004   PAD
    0x20008340   COMPRESSED   0x00000200   Data   RW          233    .bss.os.thread.idle.stack  rtx_lib.o
    0x20008540   COMPRESSED   0x00000200   Data   RW          234    .bss.os.thread.timer.stack  rtx_lib.o
    0x20008740   COMPRESSED   0x00000008   Data   RW           10    .data               main.o
    0x20008748   COMPRESSED   0x00000009   Data   RW          169    .data               keypad.o
    0x20008751   COMPRESSED   0x00000001   Data   RW          236    .data               rtx_lib.o
    0x20008752   COMPRESSED   0x00000002   PAD
    0x20008754   COMPRESSED   0x00000009   Data   RW          786    .data               stm32f4xx_hal.o
    0x2000875d   COMPRESSED   0x00000003   PAD
    0x20008760   COMPRESSED   0x00000004   Data   RW         2020    .data               system_stm32f4xx.o
    0x20008764   COMPRESSED   0x00000004   Data   RW         2601    .data               c_w.l(stdio_streams.o)
    0x20008768   COMPRESSED   0x00000004   Data   RW         2602    .data               c_w.l(stdio_streams.o)
    0x2000876c   COMPRESSED   0x00000004   Data   RW         2603    .data               c_w.l(stdio_streams.o)
    0x20008770   COMPRESSED   0x00000004   Data   RW         2703    .data               c_w.l(streamlock.o)
    0x20008774   COMPRESSED   0x000000a4   Data   RW         2115    .data.os            RTX_CM4F.lib(rtx_kernel.o)
    0x20008818        -       0x00000014   Zero   RW          168    .bss                keypad.o
    0x2000882c        -       0x0000002c   Zero   RW          377    .bss                spi_stm32f4xx.o
    0x20008858        -       0x00000054   Zero   RW         2598    .bss                c_w.l(stdio_streams.o)
    0x200088ac        -       0x00000054   Zero   RW         2599    .bss                c_w.l(stdio_streams.o)
    0x20008900        -       0x00000054   Zero   RW         2600    .bss                c_w.l(stdio_streams.o)
    0x20008954        -       0x00000060   Zero   RW         2792    .bss                c_w.l(libspace.o)
    0x200089b4   COMPRESSED   0x0000000c   PAD
    0x200089c0        -       0x000010a4   Zero   RW          556    .bss.noinit         eventrecorder.o
    0x20009a64        -       0x00000001   Zero   RW         2529    .bss.os             RTX_CM4F.lib(os_systick.o)
    0x20009a65   COMPRESSED   0x00000003   PAD
    0x20009a68        -       0x00000200   Zero   RW         2008    HEAP                startup_stm32f429xx.o
    0x20009c68        -       0x00000400   Zero   RW         2007    STACK               startup_stm32f429xx.o


==============================================================================

Image component sizes


      Code (inc. data)   RO Data    RW Data    ZI Data      Debug   Object Name

         0          0         24          0       4260       4144   eventrecorder.o
       768         52          0          9         20       7241   keypad.o
       304         24          0          8          0     716909   main.o
       388         30         23          0          0       7066   retarget_io.o
        36          6          0          0          0       1101   rtx_config.o
       214         12        272      34621          0      13854   rtx_lib.o
      4428        210        144          0         44      60535   spi_stm32f4xx.o
        64         26        428          0       1536        884   startup_stm32f429xx.o
       138         20          0          9          0       9366   stm32f4xx_hal.o
       316         28          0          0          0      35040   stm32f4xx_hal_cortex.o
        40          0          0          0          0       1383   stm32f4xx_hal_dma.o
       944        102          0          0          0       4065   stm32f4xx_hal_gpio.o
      1788         74          0          0          0       5481   stm32f4xx_hal_rcc.o
       220         26         24          4          0       2051   system_stm32f4xx.o

    ----------------------------------------------------------------------
      9650        610        948      34660       5860     869120   Object Totals
         0          0         32          0          0          0   (incl. Generated)
         2          0          1          9          0          0   (incl. Padding)

    ----------------------------------------------------------------------

      Code (inc. data)   RO Data    RW Data    ZI Data      Debug   Library Member Name

       200         12          1          0          0        634   irq_armv7m.o
       126         32          0          0          1       3200   os_systick.o
        58          4          0          0          0       2791   rtx_delay.o
       608         60         11        164          0      16501   rtx_kernel.o
       228          0          0          0          0       2537   rtx_memory.o
       188          0          0          0          0      16008   rtx_mempool.o
      1354         36          0          0          0      18657   rtx_msgqueue.o
       886         32          0          0          0       9962   rtx_mutex.o
       376         26          0          0          0       5296   rtx_system.o
      1824        104          0          0          0      31847   rtx_thread.o
       248         16          0          0          0      10397   rtx_timer.o
        58          0          0          0          0          0   __dczerorl.o
         8          0          0          0          0         68   __main.o
       104          0          0          0          0         84   __printf.o
         0          0          0          0          0          0   __rtentry.o
        20          0          0          0          0          0   __rtentry2.o
         6          0          0          0          0          0   __rtentry4.o
        52          8          0          0          0          0   __scatter.o
        28          0          0          0          0          0   __scatter_zi.o
         6          0          0          0          0          0   _printf_c.o
        44          0          0          0          0        108   _printf_char.o
        48          6          0          0          0         96   _printf_char_common.o
        64          6          0          0          0         84   _printf_char_file_locked.o
         0          0          0          0          0          0   _printf_percent.o
         4          0          0          0          0          0   _printf_percent_end.o
        82          0          0          0          0         80   _printf_str.o
        10          0          0          0          0         68   defsig_exit.o
        50          0          0          0          0         88   defsig_general.o
        80         58          0          0          0         76   defsig_rtmem_inner.o
        14          0          0          0          0         80   defsig_rtmem_outer.o
        52         38          0          0          0         76   defsig_rtred_inner.o
        14          0          0          0          0         80   defsig_rtred_outer.o
        18          0          0          0          0         80   exit.o
        76          0          0          0          0         88   fclose.o
       470          0          0          0          0         88   flsbuf.o
       324          8          0          0          0        152   fopen_locked.o
        26          0          0          0          0         68   fputc.o
       248          6          0          0          0         84   fseek.o
        66          0          0          0          0         76   ftell.o
       158          0          0          0          0        128   h1_alloc_mt.o
        62          0          0          0          0         80   h1_extend_mt.o
        10          0          0          0          0         76   h1_final_mt.o
       118          0          0          0          0        108   h1_free_mt.o
        18          0          0          0          0         84   h1_init_mt.o
         6          0          0          0          0        152   heapauxi.o
         4          0          0          0          0        136   hguard.o
         0          0          0          0          0          0   indicate_semi.o
       138          0          0          0          0        168   init_alloc.o
       456         48          0          0          0        116   initio_locked.o
         2          0          0          0          0          0   libinit.o
        18          0          0          0          0          0   libinit2.o
         2          0          0          0          0          0   libshutdown.o
        10          0          0          0          0          0   libshutdown2.o
         8          4          0          0         96         68   libspace.o
       238          0          0          0          0        100   lludivv7m.o
         0          0          0          0          0          0   maybetermalloc2.o
        24          4          0          0          0         84   noretval__2printf.o
         4          0          0          0          0         68   rt_errno_addr_twolibspace.o
        10          0          0          0          0         76   rt_heap_descriptor_twolibspace.o
        68          0          0          0          0         68   rt_memclr.o
        78          0          0          0          0         80   rt_memclr_w.o
       138          0          0          0          0         68   rt_memcpy_v6.o
       100          0          0          0          0         80   rt_memcpy_w.o
         2          0          0          0          0          0   rtexit.o
        10          0          0          0          0          0   rtexit2.o
       104          0          0          0          0         88   setvbuf_locked.o
       240          6          0          0          0        156   stdio.o
         0          0          0         12        252          0   stdio_streams.o
       128          0          0          0          0         68   strcmpv7m.o
         0          0          0          4          0          0   streamlock.o
        12          4          0          0          0         68   sys_exit.o
        74          0          0          0          0         80   sys_stackheap_outer.o
        14          0          0          0          0         76   sys_wrch.o
        16          0          0          0          0         80   term_alloc.o
         2          0          0          0          0         68   use_no_semi.o
        10          0          0          0          0        116   fpinit.o

    ----------------------------------------------------------------------
     10378        518         16        180        364     121994   Library Totals
        28          0          4          0         15          0   (incl. Padding)

    ----------------------------------------------------------------------

      Code (inc. data)   RO Data    RW Data    ZI Data      Debug   Library Name

      6096        322         12        164          1     117830   RTX_CM4F.lib
      4244        196          0         16        348       4048   c_w.l
        10          0          0          0          0        116   fz_wm.l

    ----------------------------------------------------------------------
     10378        518         16        180        364     121994   Library Totals

    ----------------------------------------------------------------------

==============================================================================


      Code (inc. data)   RO Data    RW Data    ZI Data      Debug   

     20028       1128        964      34840       6224     981686   Grand Totals
     20028       1128        964        292       6224     981686   ELF Image Totals (compressed)
     20028       1128        964        292          0          0   ROM Totals

==============================================================================

    Total RO  Size (Code + RO Data)                20992 (  20.50kB)
    Total RW  Size (RW Data + ZI Data)             41064 (  40.10kB)
    Total ROM Size (Code + RO Data + RW Data)      21284 (  20.79kB)

==============================================================================

