Component: ARM Compiler 5.06 update 7 (build 960) Tool: armlink [4d3601]

==============================================================================

Section Cross References

    camera.o(i.Camera_Read) refers to camera.o(.data) for I2C2drv
    camera.o(i.Camera_Write) refers to camera.o(.data) for I2C2drv
    camera.o(i.DCMI_DMA_init) refers to stm32f4xx_hal_gpio.o(i.HAL_GPIO_Init) for HAL_GPIO_Init
    camera.o(i.DCMI_DMA_init) refers to stm32f4xx_hal_dma.o(i.HAL_DMA_Init) for HAL_DMA_Init
    camera.o(i.DCMI_DMA_init) refers to stm32f4xx_hal_dcmi_ex.o(i.HAL_DCMI_Init) for HAL_DCMI_Init
    camera.o(i.DCMI_DMA_init) refers to camera.o(.bss) for hdma_dcmi
    camera.o(i.I2C_Init) refers to camera.o(.data) for I2C2drv
    camera.o(i.Init_MsgQueue_camera) refers to rtx_msgqueue.o(.text.osMessageQueueNew) for osMessageQueueNew
    camera.o(i.Init_MsgQueue_camera) refers to camera.o(.data) for id_MsgQueue_camera
    camera.o(i.Th_camera) refers to camera.o(i.TimerXLK_Init) for TimerXLK_Init
    camera.o(i.Th_camera) refers to camera.o(i.DCMI_DMA_init) for DCMI_DMA_init
    camera.o(i.Th_camera) refers to camera.o(i.I2C_Init) for I2C_Init
    camera.o(i.Th_camera) refers to rtx_delay.o(.text.osDelay) for osDelay
    camera.o(i.TimerXLK_Init) refers to stm32f4xx_hal_gpio.o(i.HAL_GPIO_Init) for HAL_GPIO_Init
    camera.o(i.TimerXLK_Init) refers to stm32f4xx_hal_tim.o(i.HAL_TIM_OC_Init) for HAL_TIM_OC_Init
    camera.o(i.TimerXLK_Init) refers to stm32f4xx_hal_tim.o(i.HAL_TIM_OC_ConfigChannel) for HAL_TIM_OC_ConfigChannel
    camera.o(i.TimerXLK_Init) refers to stm32f4xx_hal_tim.o(i.HAL_TIM_PWM_Start) for HAL_TIM_PWM_Start
    camera.o(i.TimerXLK_Init) refers to camera.o(.bss) for htim2
    camera.o(i.get_id_MsgQueue_camera) refers to camera.o(.data) for id_MsgQueue_camera
    camera.o(i.init_Th_camera) refers to rtx_thread.o(.text.osThreadNew) for osThreadNew
    camera.o(i.init_Th_camera) refers to camera.o(i.Init_MsgQueue_camera) for Init_MsgQueue_camera
    camera.o(i.init_Th_camera) refers to camera.o(i.Th_camera) for Th_camera
    camera.o(i.init_Th_camera) refers to camera.o(.data) for id_Th_camera
    camera.o(.data) refers to i2c_stm32f4xx.o(.constdata) for Driver_I2C2
    main.o(i.HAL_GetTick) refers to rtx_kernel.o(.text.osKernelGetState) for osKernelGetState
    main.o(i.HAL_GetTick) refers to rtx_kernel.o(.text.osKernelGetTickCount) for osKernelGetTickCount
    main.o(i.HAL_GetTick) refers to system_stm32f4xx.o(.data) for SystemCoreClock
    main.o(i.HAL_GetTick) refers to main.o(.data) for ticks
    main.o(i.SystemClock_Config) refers to stm32f4xx_hal_rcc.o(i.HAL_RCC_OscConfig) for HAL_RCC_OscConfig
    main.o(i.SystemClock_Config) refers to main.o(i.Error_Handler) for Error_Handler
    main.o(i.SystemClock_Config) refers to stm32f4xx_hal_rcc.o(i.HAL_RCC_ClockConfig) for HAL_RCC_ClockConfig
    main.o(i.SystemClock_Config) refers to stm32f4xx_hal.o(i.HAL_GetREVID) for HAL_GetREVID
    main.o(i.main) refers to stm32f4xx_hal.o(i.HAL_Init) for HAL_Init
    main.o(i.main) refers to main.o(i.SystemClock_Config) for SystemClock_Config
    main.o(i.main) refers to system_stm32f4xx.o(i.SystemCoreClockUpdate) for SystemCoreClockUpdate
    main.o(i.main) refers to rtx_kernel.o(.text.osKernelInitialize) for osKernelInitialize
    main.o(i.main) refers to camera.o(i.init_Th_camera) for init_Th_camera
    main.o(i.main) refers to rtx_kernel.o(.text.osKernelStart) for osKernelStart
    rtx_lib.o(i.__user_perthread_libspace) refers to rtx_lib.o(i.os_kernel_is_active) for os_kernel_is_active
    rtx_lib.o(i.__user_perthread_libspace) refers to rtx_thread.o(.text.osThreadGetId) for osThreadGetId
    rtx_lib.o(i.__user_perthread_libspace) refers to rtx_kernel.o(.text.osRtxKernelErrorNotify) for osRtxKernelErrorNotify
    rtx_lib.o(i.__user_perthread_libspace) refers to rtx_lib.o(.bss.os.libspace) for os_libspace_id
    rtx_lib.o(i._mutex_acquire) refers to rtx_lib.o(i.os_kernel_is_active) for os_kernel_is_active
    rtx_lib.o(i._mutex_acquire) refers to rtx_mutex.o(.text.osMutexAcquire) for osMutexAcquire
    rtx_lib.o(i._mutex_free) refers to rtx_mutex.o(.text.osMutexDelete) for osMutexDelete
    rtx_lib.o(i._mutex_initialize) refers to rtx_mutex.o(.text.osMutexNew) for osMutexNew
    rtx_lib.o(i._mutex_initialize) refers to rtx_kernel.o(.text.osRtxKernelErrorNotify) for osRtxKernelErrorNotify
    rtx_lib.o(i._mutex_release) refers to rtx_lib.o(i.os_kernel_is_active) for os_kernel_is_active
    rtx_lib.o(i._mutex_release) refers to rtx_mutex.o(.text.osMutexRelease) for osMutexRelease
    rtx_lib.o(i._platform_post_stackheap_init) refers to rtx_kernel.o(.text.osKernelInitialize) for osKernelInitialize
    rtx_lib.o(i.os_kernel_is_active) refers to rtx_kernel.o(.text.osKernelGetState) for osKernelGetState
    rtx_lib.o(i.os_kernel_is_active) refers to rtx_lib.o(.data) for os_kernel_active
    rtx_lib.o(.constdata) refers to rtx_lib.o(.bss.os.thread.cb) for os_idle_thread_cb
[...]
    i.I2C_EV_IRQHandler                      0x08003cbe   Section        0  i2c_stm32f4xx.o(i.I2C_EV_IRQHandler)
    I2C_EV_IRQHandler                        0x08003cbf   Thumb Code  1724  i2c_stm32f4xx.o(i.I2C_EV_IRQHandler)
    i.I2C_GetDataCount                       0x0800437a   Section        0  i2c_stm32f4xx.o(i.I2C_GetDataCount)
    I2C_GetDataCount                         0x0800437b   Thumb Code    52  i2c_stm32f4xx.o(i.I2C_GetDataCount)
    i.I2C_GetStatus                          0x080043ae   Section        0  i2c_stm32f4xx.o(i.I2C_GetStatus)
    I2C_GetStatus                            0x080043af   Thumb Code     8  i2c_stm32f4xx.o(i.I2C_GetStatus)
    i.I2C_Init                               0x080043b8   Section        0  camera.o(i.I2C_Init)
    I2C_Init                                 0x080043b9   Thumb Code    48  camera.o(i.I2C_Init)
    i.I2C_Initialize                         0x080043ec   Section        0  i2c_stm32f4xx.o(i.I2C_Initialize)
    I2C_Initialize                           0x080043ed   Thumb Code   444  i2c_stm32f4xx.o(i.I2C_Initialize)
    i.I2C_MasterReceive                      0x080045ac   Section        0  i2c_stm32f4xx.o(i.I2C_MasterReceive)
    I2C_MasterReceive                        0x080045ad   Thumb Code   324  i2c_stm32f4xx.o(i.I2C_MasterReceive)
    i.I2C_MasterTransmit                     0x080046f0   Section        0  i2c_stm32f4xx.o(i.I2C_MasterTransmit)
    I2C_MasterTransmit                       0x080046f1   Thumb Code   298  i2c_stm32f4xx.o(i.I2C_MasterTransmit)
    i.I2C_PowerControl                       0x0800481c   Section        0  i2c_stm32f4xx.o(i.I2C_PowerControl)
    I2C_PowerControl                         0x0800481d   Thumb Code   750  i2c_stm32f4xx.o(i.I2C_PowerControl)
    i.I2C_SlaveReceive                       0x08004b18   Section        0  i2c_stm32f4xx.o(i.I2C_SlaveReceive)
    I2C_SlaveReceive                         0x08004b19   Thumb Code   136  i2c_stm32f4xx.o(i.I2C_SlaveReceive)
    i.I2C_SlaveTransmit                      0x08004ba0   Section        0  i2c_stm32f4xx.o(i.I2C_SlaveTransmit)
    I2C_SlaveTransmit                        0x08004ba1   Thumb Code   136  i2c_stm32f4xx.o(i.I2C_SlaveTransmit)
    i.I2C_Uninitialize                       0x08004c28   Section        0  i2c_stm32f4xx.o(i.I2C_Uninitialize)
    I2C_Uninitialize                         0x08004c29   Thumb Code    52  i2c_stm32f4xx.o(i.I2C_Uninitialize)
    i.Init_MsgQueue_camera                   0x08004c5c   Section        0  camera.o(i.Init_MsgQueue_camera)
    Init_MsgQueue_camera                     0x08004c5d   Thumb Code    32  camera.o(i.Init_MsgQueue_camera)
    i.SPI1_Control                           0x08004c80   Section        0  spi_stm32f4xx.o(i.SPI1_Control)
    SPI1_Control                             0x08004c81   Thumb Code    18  spi_stm32f4xx.o(i.SPI1_Control)
    i.SPI1_GetDataCount                      0x08004c98   Section        0  spi_stm32f4xx.o(i.SPI1_GetDataCount)
    SPI1_GetDataCount                        0x08004c99   Thumb Code    10  spi_stm32f4xx.o(i.SPI1_GetDataCount)
    i.SPI1_GetStatus                         0x08004ca8   Section        0  spi_stm32f4xx.o(i.SPI1_GetStatus)
    SPI1_GetStatus                           0x08004ca9   Thumb Code    12  spi_stm32f4xx.o(i.SPI1_GetStatus)
    i.SPI1_IRQHandler                        0x08004cb8   Section        0  spi_stm32f4xx.o(i.SPI1_IRQHandler)
    i.SPI1_Initialize                        0x08004cc8   Section        0  spi_stm32f4xx.o(i.SPI1_Initialize)
    SPI1_Initialize                          0x08004cc9   Thumb Code    14  spi_stm32f4xx.o(i.SPI1_Initialize)
    i.SPI1_PowerControl                      0x08004cdc   Section        0  spi_stm32f4xx.o(i.SPI1_PowerControl)
    SPI1_PowerControl                        0x08004cdd   Thumb Code    14  spi_stm32f4xx.o(i.SPI1_PowerControl)
    i.SPI1_Receive                           0x08004cf0   Section        0  spi_stm32f4xx.o(i.SPI1_Receive)
    SPI1_Receive                             0x08004cf1   Thumb Code    18  spi_stm32f4xx.o(i.SPI1_Receive)
    i.SPI1_Send                              0x08004d08   Section        0  spi_stm32f4xx.o(i.SPI1_Send)
    SPI1_Send                                0x08004d09   Thumb Code    18  spi_stm32f4xx.o(i.SPI1_Send)
    i.SPI1_Transfer                          0x08004d20   Section        0  spi_stm32f4xx.o(i.SPI1_Transfer)
    SPI1_Transfer                            0x08004d21   Thumb Code    22  spi_stm32f4xx.o(i.SPI1_Transfer)
    i.SPI1_Uninitialize                      0x08004d3c   Section        0  spi_stm32f4xx.o(i.SPI1_Uninitialize)
    SPI1_Uninitialize                        0x08004d3d   Thumb Code    10  spi_stm32f4xx.o(i.SPI1_Uninitialize)
    i.SPIX_GetCapabilities                   0x08004d4c   Section        0  spi_stm32f4xx.o(i.SPIX_GetCapabilities)
    SPIX_GetCapabilities                     0x08004d4d   Thumb Code     6  spi_stm32f4xx.o(i.SPIX_GetCapabilities)
    i.SPIX_GetVersion                        0x08004d58   Section        0  spi_stm32f4xx.o(i.SPIX_GetVersion)
    SPIX_GetVersion                          0x08004d59   Thumb Code    10  spi_stm32f4xx.o(i.SPIX_GetVersion)
    i.SPI_Control                            0x08004d68   Section        0  spi_stm32f4xx.o(i.SPI_Control)
    SPI_Control                              0x08004d69   Thumb Code  1502  spi_stm32f4xx.o(i.SPI_Control)
    i.SPI_GetDataCount                       0x08005346   Section        0  spi_stm32f4xx.o(i.SPI_GetDataCount)
    SPI_GetDataCount                         0x08005347   Thumb Code     8  spi_stm32f4xx.o(i.SPI_GetDataCount)
    i.SPI_GetStatus                          0x0800534e   Section        0  spi_stm32f4xx.o(i.SPI_GetStatus)
    SPI_GetStatus                            0x0800534f   Thumb Code    44  spi_stm32f4xx.o(i.SPI_GetStatus)
    i.SPI_IRQHandler                         0x0800537a   Section        0  spi_stm32f4xx.o(i.SPI_IRQHandler)
    SPI_IRQHandler                           0x0800537b   Thumb Code   274  spi_stm32f4xx.o(i.SPI_IRQHandler)
    i.SPI_Initialize                         0x0800548c   Section        0  spi_stm32f4xx.o(i.SPI_Initialize)
    SPI_Initialize                           0x0800548d   Thumb Code   212  spi_stm32f4xx.o(i.SPI_Initialize)
    i.SPI_PeripheralReset                    0x08005560   Section        0  spi_stm32f4xx.o(i.SPI_PeripheralReset)
    SPI_PeripheralReset                      0x08005561   Thumb Code   262  spi_stm32f4xx.o(i.SPI_PeripheralReset)
    i.SPI_PowerControl                       0x08005684   Section        0  spi_stm32f4xx.o(i.SPI_PowerControl)
    SPI_PowerControl                         0x08005685   Thumb Code   264  spi_stm32f4xx.o(i.SPI_PowerControl)
    i.SPI_Receive                            0x08005790   Section        0  spi_stm32f4xx.o(i.SPI_Receive)
    SPI_Receive                              0x08005791   Thumb Code   148  spi_stm32f4xx.o(i.SPI_Receive)
    i.SPI_RxData                             0x08005824   Section        0  spi_stm32f4xx.o(i.SPI_RxData)
    SPI_RxData                               0x08005825   Thumb Code    88  spi_stm32f4xx.o(i.SPI_RxData)
    i.SPI_Send                               0x0800587c   Section        0  spi_stm32f4xx.o(i.SPI_Send)
    SPI_Send                                 0x0800587d   Thumb Code   148  spi_stm32f4xx.o(i.SPI_Send)
    i.SPI_Transfer                           0x08005910   Section        0  spi_stm32f4xx.o(i.SPI_Transfer)
    SPI_Transfer                             0x08005911   Thumb Code   130  spi_stm32f4xx.o(i.SPI_Transfer)
    i.SPI_TxData                             0x08005992   Section        0  spi_stm32f4xx.o(i.SPI_TxData)
    SPI_TxData                               0x08005993   Thumb Code    84  spi_stm32f4xx.o(i.SPI_TxData)
    i.SPI_Uninitialize                       0x080059e6   Section        0  spi_stm32f4xx.o(i.SPI_Uninitialize)
    SPI_Uninitialize                         0x080059e7   Thumb Code   102  spi_stm32f4xx.o(i.SPI_Uninitialize)
    i.SystemClock_Config                     0x08005a4c   Section        0  main.o(i.SystemClock_Config)
    SystemClock_Config                       0x08005a4d   Thumb Code   178  main.o(i.SystemClock_Config)
    i.SystemCoreClockUpdate                  0x08005b0c   Section        0  system_stm32f4xx.o(i.SystemCoreClockUpdate)
    i.SystemInit                             0x08005bcc   Section        0  system_stm32f4xx.o(i.SystemInit)
    i.TIM_Base_SetConfig                     0x08005be8   Section        0  stm32f4xx_hal_tim.o(i.TIM_Base_SetConfig)
    i.TIM_CCxChannelCmd                      0x08005cc0   Section        0  stm32f4xx_hal_tim.o(i.TIM_CCxChannelCmd)
    i.TIM_OC1_SetConfig                      0x08005ce4   Section        0  stm32f4xx_hal_tim.o(i.TIM_OC1_SetConfig)
    TIM_OC1_SetConfig                        0x08005ce5   Thumb Code   104  stm32f4xx_hal_tim.o(i.TIM_OC1_SetConfig)
    i.TIM_OC2_SetConfig                      0x08005d54   Section        0  stm32f4xx_hal_tim.o(i.TIM_OC2_SetConfig)
    i.TIM_OC3_SetConfig                      0x08005dd0   Section        0  stm32f4xx_hal_tim.o(i.TIM_OC3_SetConfig)
    TIM_OC3_SetConfig                        0x08005dd1   Thumb Code   112  stm32f4xx_hal_tim.o(i.TIM_OC3_SetConfig)
    i.TIM_OC4_SetConfig                      0x08005e48   Section        0  stm32f4xx_hal_tim.o(i.TIM_OC4_SetConfig)
    TIM_OC4_SetConfig                        0x08005e49   Thumb Code    74  stm32f4xx_hal_tim.o(i.TIM_OC4_SetConfig)
    i.Th_camera                              0x08005e9c   Section        0  camera.o(i.Th_camera)
    Th_camera                                0x08005e9d   Thumb Code    24  camera.o(i.Th_camera)
    i.TimerXLK_Init                          0x08005eb4   Section        0  camera.o(i.TimerXLK_Init)
    TimerXLK_Init                            0x08005eb5   Thumb Code   148  camera.o(i.TimerXLK_Init)
    i._mutex_acquire                         0x08005f58   Section        0  rtx_lib.o(i._mutex_acquire)
    __tagsym$$used                           0x08005f59   Number         0  rtx_lib.o(i._mutex_acquire)
    i._mutex_free                            0x08005f6e   Section        0  rtx_lib.o(i._mutex_free)
    __tagsym$$used                           0x08005f6f   Number         0  rtx_lib.o(i._mutex_free)
    i._mutex_initialize                      0x08005f7a   Section        0  rtx_lib.o(i._mutex_initialize)
    __tagsym$$used                           0x08005f7b   Number         0  rtx_lib.o(i._mutex_initialize)
    i._mutex_release                         0x08005f9c   Section        0  rtx_lib.o(i._mutex_release)
    __tagsym$$used                           0x08005f9d   Number         0  rtx_lib.o(i._mutex_release)
    i._platform_post_stackheap_init          0x08005fae   Section        0  rtx_lib.o(i._platform_post_stackheap_init)
    i.init_Th_camera                         0x08005fb8   Section        0  camera.o(i.init_Th_camera)
    i.main                                   0x08005fe4   Section        0  main.o(i.main)
    i.osRtxErrorNotify                       0x08006000   Section        0  rtx_config.o(i.osRtxErrorNotify)
    i.osRtxIdleThread                        0x08006020   Section        0  rtx_config.o(i.osRtxIdleThread)
    i.os_kernel_is_active                    0x08006024   Section        0  rtx_lib.o(i.os_kernel_is_active)
    os_kernel_is_active                      0x08006025   Thumb Code    28  rtx_lib.o(i.os_kernel_is_active)
    x$fpl$fpinit                             0x08006044   Section       10  fpinit.o(x$fpl$fpinit)
    $v0                                      0x08006044   Number         0  fpinit.o(x$fpl$fpinit)
    .constdata                               0x08006050   Section      104  rtx_lib.o(.constdata)
    os_idle_thread_attr                      0x08006050   Data          36  rtx_lib.o(.constdata)
    os_timer_thread_attr                     0x08006074   Data          36  rtx_lib.o(.constdata)
    os_timer_mq_attr                         0x08006098   Data          24  rtx_lib.o(.constdata)
    .constdata                               0x080060b8   Section      104  i2c_stm32f4xx.o(.constdata)
    DriverVersion                            0x080060b8   Data           4  i2c_stm32f4xx.o(.constdata)
    DriverCapabilities                       0x080060bc   Data           4  i2c_stm32f4xx.o(.constdata)
    I2C2_Resources                           0x080060c0   Data          48  i2c_stm32f4xx.o(.constdata)
    .constdata                               0x08006120   Section      144  spi_stm32f4xx.o(.constdata)
    DriverVersion                            0x08006120   Data           4  spi_stm32f4xx.o(.constdata)
    DriverCapabilities                       0x08006124   Data           4  spi_stm32f4xx.o(.constdata)
    SPI1_mosi                                0x08006128   Data          16  spi_stm32f4xx.o(.constdata)
    SPI1_miso                                0x08006138   Data          16  spi_stm32f4xx.o(.constdata)
    SPI1_sck                                 0x08006148   Data          16  spi_stm32f4xx.o(.constdata)
    SPI1_Resources                           0x08006158   Data          44  spi_stm32f4xx.o(.constdata)
    .constdata                               0x080061b0   Section       24  eventrecorder.o(.constdata)
    __tagsym$$used                           0x080061b0   Number         0  eventrecorder.o(.constdata)
    .constdata                               0x080061c8   Section        8  stm32f4xx_hal_dma.o(.constdata)
    flagBitshiftOffset                       0x080061c8   Data           8  stm32f4xx_hal_dma.o(.constdata)
    .constdata                               0x080061d0   Section       24  system_stm32f4xx.o(.constdata)
    .rodata                                  0x080061e8   Section      168  rtx_lib.o(.rodata)
    __tagsym$$used                           0x080061e8   Number         0  rtx_lib.o(.rodata)
    __tagsym$$used                           0x08006258   Number         0  rtx_lib.o(.rodata)
    [Anonymous Symbol]                       0x08006294   Section        0  rtx_kernel.o(.rodata.str1.4)
    .bss.os                                  0x20000000   Section    32832  rtx_lib.o(.bss.os)
    os_mem                                   0x20000000   Data       32768  rtx_lib.o(.bss.os)
    os_isr_queue                             0x20008000   Data          64  rtx_lib.o(.bss.os)
    .bss.os.msgqueue.cb                      0x20008040   Section       52  rtx_lib.o(.bss.os.msgqueue.cb)
    os_timer_mq_cb                           0x20008040   Data          52  rtx_lib.o(.bss.os.msgqueue.cb)
    .bss.os.msgqueue.mem                     0x20008074   Section       80  rtx_lib.o(.bss.os.msgqueue.mem)
    os_timer_mq_data                         0x20008074   Data          80  rtx_lib.o(.bss.os.msgqueue.mem)
    .bss.os.thread.cb                        0x200080c4   Section      136  rtx_lib.o(.bss.os.thread.cb)
    os_idle_thread_cb                        0x200080c4   Data          68  rtx_lib.o(.bss.os.thread.cb)
    os_timer_thread_cb                       0x20008108   Data          68  rtx_lib.o(.bss.os.thread.cb)
    .bss.os.thread.idle.stack                0x20008150   Section      512  rtx_lib.o(.bss.os.thread.idle.stack)
    os_idle_thread_stack                     0x20008150   Data         512  rtx_lib.o(.bss.os.thread.idle.stack)
    .bss.os.thread.timer.stack               0x20008350   Section      512  rtx_lib.o(.bss.os.thread.timer.stack)
    os_timer_thread_stack                    0x20008350   Data         512  rtx_lib.o(.bss.os.thread.timer.stack)
    .data                                    0x20008550   Section       12  camera.o(.data)
    I2C2drv                                  0x20008550   Data           4  camera.o(.data)
    id_Th_camera                             0x20008554   Data           4  camera.o(.data)
    id_MsgQueue_camera                       0x20008558   Data           4  camera.o(.data)
    .data                                    0x2000855c   Section        4  main.o(.data)
    ticks                                    0x2000855c   Data           4  main.o(.data)
    .data                                    0x20008560   Section        1  rtx_lib.o(.data)
    os_kernel_active                         0x20008560   Data           1  rtx_lib.o(.data)
    .data                                    0x20008564   Section        9  stm32f4xx_hal.o(.data)
    .data                                    0x20008570   Section        4  system_stm32f4xx.o(.data)
    .bss                                     0x20008618   Section      260  camera.o(.bss)
    hdcmi                                    0x20008618   Data          64  camera.o(.bss)
    hdma_dcmi                                0x20008658   Data          96  camera.o(.bss)
    .bss                                     0x2000871c   Section       40  i2c_stm32f4xx.o(.bss)
    I2C2_Info                                0x2000871c   Data          40  i2c_stm32f4xx.o(.bss)
    .bss                                     0x20008744   Section       44  spi_stm32f4xx.o(.bss)
    SPI1_Info                                0x20008744   Data          16  spi_stm32f4xx.o(.bss)
    SPI1_TransferInfo                        0x20008754   Data          28  spi_stm32f4xx.o(.bss)
    .bss                                     0x20008770   Section       96  libspace.o(.bss)
    .bss.noinit                              0x20008800   Section     4260  eventrecorder.o(.bss.noinit)
    EventBuffer                              0x20008800   Data        4096  eventrecorder.o(.bss.noinit)
    EventFilter                              0x20009800   Data         128  eventrecorder.o(.bss.noinit)
    EventStatus                              0x20009880   Data          36  eventrecorder.o(.bss.noinit)
    [Anonymous Symbol]                       0x200098a4   Section        0  os_systick.o(.bss.os)
    PendST                                   0x200098a4   Data           1  os_systick.o(.bss.os)
    HEAP                                     0x200098a8   Section      512  startup_stm32f429xx.o(HEAP)
    Heap_Mem                                 0x200098a8   Data         512  startup_stm32f429xx.o(HEAP)
    STACK                                    0x20009aa8   Section     1024  startup_stm32f429xx.o(STACK)
    Stack_Mem                                0x20009aa8   Data        1024  startup_stm32f429xx.o(STACK)
    __initial_sp                             0x20009ea8   Data           0  startup_stm32f429xx.o(STACK)
    FPCCR                                    0xe000ef34   Number         0  irq_armv7m.o ABSOLUTE

    Global Symbols

    Symbol Name                              Value     Ov Type        Size  Object(Section)

    BuildAttributes$$THM_ISAv4$E$P$D$K$B$S$7EM$VFPi3$EXTD16$VFPS$VFMA$PE$A:L22UL41UL21$X:L11$S22US41US21$IEEE1$IW$USESV6$~STKCKD$USESV7$~SHL$OSPACE$ROPI$EBA8$UX$STANDARDLIB$REQ8$PRES8$EABIv2 0x00000000   Number         0  anon$$obj.o ABSOLUTE
    __ARM_use_no_argv                        0x00000000   Number         0  main.o ABSOLUTE
    .bss.os.evflags.cb$$Base                  - Undefined Weak Reference
    .bss.os.evflags.cb$$Limit                 - Undefined Weak Reference
    .bss.os.mempool.cb$$Base                  - Undefined Weak Reference
    .bss.os.mempool.cb$$Limit                 - Undefined Weak Reference
    .bss.os.mutex.cb$$Base                    - Undefined Weak Reference
    .bss.os.mutex.cb$$Limit                   - Undefined Weak Reference
    .bss.os.semaphore.cb$$Base                - Undefined Weak Reference
    .bss.os.semaphore.cb$$Limit               - Undefined Weak Reference
    .bss.os.timer.cb$$Base                    - Undefined Weak Reference
    .bss.os.timer.cb$$Limit                   - Undefined Weak Reference
    __ARM_exceptions_init                     - Undefined Weak Reference
    __alloca_initialize                       - Undefined Weak Reference
    __arm_fini_                               - Undefined Weak Reference
    __arm_preinit_                            - Undefined Weak Reference
    __cpp_initialize__aeabi_                  - Undefined Weak Reference
    __cxa_finalize                            - Undefined Weak Reference
    __rt_locale                               - Undefined Weak Reference
    __sigvec_lookup                           - Undefined Weak Reference
    _atexit_init                              - Undefined Weak Reference
    _call_atexit_fns                          - Undefined Weak Reference
    _clock_init                               - Undefined Weak Reference
    _fp_trap_init                             - Undefined Weak Reference
    _fp_trap_shutdown                         - Undefined Weak Reference
    _get_lc_collate                           - Undefined Weak Reference
    _get_lc_ctype                             - Undefined Weak Reference
    _get_lc_monetary                          - Undefined Weak Reference
    _get_lc_numeric                           - Undefined Weak Reference
    _get_lc_time                              - Undefined Weak Reference
    _getenv_init                              - Undefined Weak Reference
    _handle_redirection                       - Undefined Weak Reference
    _init_alloc                               - Undefined Weak Reference
    _init_user_alloc                          - Undefined Weak Reference
    _initio                                   - Undefined Weak Reference
    _rand_init                                - Undefined Weak Reference
    _signal_finish                            - Undefined Weak Reference
    _signal_init                              - Undefined Weak Reference
    _terminate_alloc                          - Undefined Weak Reference
    _terminate_user_alloc                     - Undefined Weak Reference
    _terminateio                              - Undefined Weak Reference
    __Vectors_Size                           0x000001ac   Number         0  startup_stm32f429xx.o ABSOLUTE
    __Vectors                                0x08000000   Data           4  startup_stm32f429xx.o(RESET)
    __Vectors_End                            0x080001ac   Data           0  startup_stm32f429xx.o(RESET)
    __main                                   0x080001ad   Thumb Code     8  __main.o(!!!main)
    __scatterload                            0x080001b5   Thumb Code     0  __scatter.o(!!!scatter)
    __scatterload_rt2                        0x080001b5   Thumb Code    44  __scatter.o(!!!scatter)
    __scatterload_rt2_thumb_only             0x080001b5   Thumb Code     0  __scatter.o(!!!scatter)
    __scatterload_null                       0x080001c3   Thumb Code     0  __scatter.o(!!!scatter)
    __decompress                             0x080001e9   Thumb Code    90  __dczerorl2.o(!!dczerorl2)
    __decompress1                            0x080001e9   Thumb Code     0  __dczerorl2.o(!!dczerorl2)
    __scatterload_zeroinit                   0x08000245   Thumb Code    28  __scatter_zi.o(!!handler_zi)
    __rt_lib_init                            0x08000261   Thumb Code     0  libinit.o(.ARM.Collect$$libinit$$00000000)
    __rt_lib_init_fp_1                       0x08000263   Thumb Code     0  libinit2.o(.ARM.Collect$$libinit$$00000001)
    __rt_lib_init_alloca_1                   0x08000267   Thumb Code     0  libinit2.o(.ARM.Collect$$libinit$$0000002E)
    __rt_lib_init_argv_1                     0x08000267   Thumb Code     0  libinit2.o(.ARM.Collect$$libinit$$0000002C)
    __rt_lib_init_atexit_1                   0x08000267   Thumb Code     0  libinit2.o(.ARM.Collect$$libinit$$0000001B)
    __rt_lib_init_clock_1                    0x08000267   Thumb Code     0  libinit2.o(.ARM.Collect$$libinit$$00000021)
    __rt_lib_init_cpp_1                      0x08000267   Thumb Code     0  libinit2.o(.ARM.Collect$$libinit$$00000032)
    __rt_lib_init_exceptions_1               0x08000267   Thumb Code     0  libinit2.o(.ARM.Collect$$libinit$$00000030)
    __rt_lib_init_fp_trap_1                  0x08000267   Thumb Code     0  libinit2.o(.ARM.Collect$$libinit$$0000001F)
    __rt_lib_init_getenv_1                   0x08000267   Thumb Code     0  libinit2.o(.ARM.Collect$$libinit$$00000023)
    __rt_lib_init_heap_1                     0x08000267   Thumb Code     0  libinit2.o(.ARM.Collect$$libinit$$0000000A)
    __rt_lib_init_lc_collate_1               0x08000267   Thumb Code     0  libinit2.o(.ARM.Collect$$libinit$$00000011)
    __rt_lib_init_lc_ctype_1                 0x08000267   Thumb Code     0  libinit2.o(.ARM.Collect$$libinit$$00000013)
    __rt_lib_init_lc_monetary_1              0x08000267   Thumb Code     0  libinit2.o(.ARM.Collect$$libinit$$00000015)
    __rt_lib_init_lc_numeric_1               0x08000267   Thumb Code     0  libinit2.o(.ARM.Collect$$libinit$$00000017)
    __rt_lib_init_lc_time_1                  0x08000267   Thumb Code     0  libinit2.o(.ARM.Collect$$libinit$$00000019)
    __rt_lib_init_preinit_1                  0x08000267   Thumb Code     0  libinit2.o(.ARM.Collect$$libinit$$00000004)
    __rt_lib_init_rand_1                     0x08000267   Thumb Code     0  libinit2.o(.ARM.Collect$$libinit$$0000000E)
    __rt_lib_init_return                     0x08000267   Thumb Code     0  libinit2.o(.ARM.Collect$$libinit$$00000033)
    __rt_lib_init_signal_1                   0x08000267   Thumb Code     0  libinit2.o(.ARM.Collect$$libinit$$0000001D)
    __rt_lib_init_stdio_1                    0x08000267   Thumb Code     0  libinit2.o(.ARM.Collect$$libinit$$00000025)
    __rt_lib_init_user_alloc_1               0x08000267   Thumb Code     0  libinit2.o(.ARM.Collect$$libinit$$0000000C)
    __rt_lib_shutdown                        0x08000269   Thumb Code     0  libshutdown.o(.ARM.Collect$$libshutdown$$00000000)
    __rt_lib_shutdown_cpp_1                  0x0800026b   Thumb Code     0  libshutdown2.o(.ARM.Collect$$libshutdown$$00000004)
    __rt_lib_shutdown_fini_1                 0x0800026b   Thumb Code     0  libshutdown2.o(.ARM.Collect$$libshutdown$$00000002)
    __rt_lib_shutdown_fp_trap_1              0x0800026b   Thumb Code     0  libshutdown2.o(.ARM.Collect$$libshutdown$$00000009)
    __rt_lib_shutdown_heap_1                 0x0800026b   Thumb Code     0  libshutdown2.o(.ARM.Collect$$libshutdown$$00000011)
    __rt_lib_shutdown_return                 0x0800026b   Thumb Code     0  libshutdown2.o(.ARM.Collect$$libshutdown$$00000012)
    __rt_lib_shutdown_signal_1               0x0800026b   Thumb Code     0  libshutdown2.o(.ARM.Collect$$libshutdown$$0000000C)
    __rt_lib_shutdown_stdio_1                0x0800026b   Thumb Code     0  libshutdown2.o(.ARM.Collect$$libshutdown$$00000006)
    __rt_lib_shutdown_user_alloc_1           0x0800026b   Thumb Code     0  libshutdown2.o(.ARM.Collect$$libshutdown$$0000000E)
    __rt_entry                               0x0800026d   Thumb Code     0  __rtentry.o(.ARM.Collect$$rtentry$$00000000)
    __rt_entry_presh_1                       0x0800026d   Thumb Code     0  __rtentry2.o(.ARM.Collect$$rtentry$$00000002)
    __rt_entry_sh                            0x0800026d   Thumb Code     0  __rtentry4.o(.ARM.Collect$$rtentry$$00000004)
    __rt_entry_postsh_1                      0x08000273   Thumb Code     0  __rtentry2.o(.ARM.Collect$$rtentry$$00000008)
    __rt_entry_li                            0x0800027b   Thumb Code     0  __rtentry2.o(.ARM.Collect$$rtentry$$0000000A)
    __rt_entry_main                          0x0800027f   Thumb Code     0  __rtentry2.o(.ARM.Collect$$rtentry$$0000000D)
    __rt_entry_postli_1                      0x0800027f   Thumb Code     0  __rtentry2.o(.ARM.Collect$$rtentry$$0000000C)
    __rt_exit                                0x08000287   Thumb Code     0  rtexit.o(.ARM.Collect$$rtexit$$00000000)
    __rt_exit_ls                             0x08000289   Thumb Code     0  rtexit2.o(.ARM.Collect$$rtexit$$00000003)
    __rt_exit_prels_1                        0x08000289   Thumb Code     0  rtexit2.o(.ARM.Collect$$rtexit$$00000002)
    __rt_exit_exit                           0x0800028d   Thumb Code     0  rtexit2.o(.ARM.Collect$$rtexit$$00000004)
    Reset_Handler                            0x08000295   Thumb Code     8  startup_stm32f429xx.o(.text)
    NMI_Handler                              0x0800029d   Thumb Code     2  startup_stm32f429xx.o(.text)
    HardFault_Handler                        0x0800029f   Thumb Code     2  startup_stm32f429xx.o(.text)
    MemManage_Handler                        0x080002a1   Thumb Code     2  startup_stm32f429xx.o(.text)
    BusFault_Handler                         0x080002a3   Thumb Code     2  startup_stm32f429xx.o(.text)
    UsageFault_Handler                       0x080002a5   Thumb Code     2  startup_stm32f429xx.o(.text)
    DebugMon_Handler                         0x080002a9   Thumb Code     2  startup_stm32f429xx.o(.text)
    ADC_IRQHandler                           0x080002af   Thumb Code     0  startup_stm32f429xx.o(.text)
    CAN1_RX0_IRQHandler                      0x080002af   Thumb Code     0  startup_stm32f429xx.o(.text)
    CAN1_RX1_IRQHandler                      0x080002af   Thumb Code     0  startup_stm32f429xx.o(.text)
    CAN1_SCE_IRQHandler                      0x080002af   Thumb Code     0  startup_stm32f429xx.o(.text)
    CAN1_TX_IRQHandler                       0x080002af   Thumb Code     0  startup_stm32f429xx.o(.text)
    CAN2_RX0_IRQHandler                      0x080002af   Thumb Code     0  startup_stm32f429xx.o(.text)
    CAN2_RX1_IRQHandler                      0x080002af   Thumb Code     0  startup_stm32f429xx.o(.text)
    CAN2_SCE_IRQHandler                      0x080002af   Thumb Code     0  startup_stm32f429xx.o(.text)
    CAN2_TX_IRQHandler                       0x080002af   Thumb Code     0  startup_stm32f429xx.o(.text)
    DCMI_IRQHandler                          0x080002af   Thumb Code     0  startup_stm32f429xx.o(.text)
    DMA1_Stream0_IRQHandler                  0x080002af   Thumb Code     0  startup_stm32f429xx.o(.text)
    DMA1_Stream1_IRQHandler                  0x080002af   Thumb Code     0  startup_stm32f429xx.o(.text)
    DMA1_Stream2_IRQHandler                  0x080002af   Thumb Code     0  startup_stm32f429xx.o(.text)
    DMA1_Stream3_IRQHandler                  0x080002af   Thumb Code     0  startup_stm32f429xx.o(.text)
    DMA1_Stream4_IRQHandler                  0x080002af   Thumb Code     0  startup_stm32f429xx.o(.text)
    DMA1_Stream5_IRQHandler                  0x080002af   Thumb Code     0  startup_stm32f429xx.o(.text)
    DMA1_Stream6_IRQHandler                  0x080002af   Thumb Code     0  startup_stm32f429xx.o(.text)
    DMA1_Stream7_IRQHandler                  0x080002af   Thumb Code     0  startup_stm32f429xx.o(.text)
    DMA2D_IRQHandler                         0x080002af   Thumb Code     0  startup_stm32f429xx.o(.text)
    DMA2_Stream0_IRQHandler                  0x080002af   Thumb Code     0  startup_stm32f429xx.o(.text)
    DMA2_Stream1_IRQHandler                  0x080002af   Thumb Code     0  startup_stm32f429xx.o(.text)
    DMA2_Stream2_IRQHandler                  0x080002af   Thumb Code     0  startup_stm32f429xx.o(.text)
    DMA2_Stream3_IRQHandler                  0x080002af   Thumb Code     0  startup_stm32f429xx.o(.text)
    DMA2_Stream4_IRQHandler                  0x080002af   Thumb Code     0  startup_stm32f429xx.o(.text)
    DMA2_Stream5_IRQHandler                  0x080002af   Thumb Code     0  startup_stm32f429xx.o(.text)
    DMA2_Stream6_IRQHandler                  0x080002af   Thumb Code     0  startup_stm32f429xx.o(.text)
    DMA2_Stream7_IRQHandler                  0x080002af   Thumb Code     0  startup_stm32f429xx.o(.text)
    ETH_IRQHandler                           0x080002af   Thumb Code     0  startup_stm32f429xx.o(.text)
    ETH_WKUP_IRQHandler                      0x080002af   Thumb Code     0  startup_stm32f429xx.o(.text)
    EXTI0_IRQHandler                         0x080002af   Thumb Code     0  startup_stm32f429xx.o(.text)
    EXTI15_10_IRQHandler                     0x080002af   Thumb Code     0  startup_stm32f429xx.o(.text)
    EXTI1_IRQHandler                         0x080002af   Thumb Code     0  startup_stm32f429xx.o(.text)
    EXTI2_IRQHandler                         0x080002af   Thumb Code     0  startup_stm32f429xx.o(.text)
    EXTI3_IRQHandler                         0x080002af   Thumb Code     0  startup_stm32f429xx.o(.text)
    EXTI4_IRQHandler                         0x080002af   Thumb Code     0  startup_stm32f429xx.o(.text)
    EXTI9_5_IRQHandler                       0x080002af   Thumb Code     0  startup_stm32f429xx.o(.text)
    FLASH_IRQHandler                         0x080002af   Thumb Code     0  startup_stm32f429xx.o(.text)
    FMC_IRQHandler                           0x080002af   Thumb Code     0  startup_stm32f429xx.o(.text)
    FPU_IRQHandler                           0x080002af   Thumb Code     0  startup_stm32f429xx.o(.text)
    HASH_RNG_IRQHandler                      0x080002af   Thumb Code     0  startup_stm32f429xx.o(.text)
    I2C1_ER_IRQHandler                       0x080002af   Thumb Code     0  startup_stm32f429xx.o(.text)
    I2C1_EV_IRQHandler                       0x080002af   Thumb Code     0  startup_stm32f429xx.o(.text)
    I2C3_ER_IRQHandler                       0x080002af   Thumb Code     0  startup_stm32f429xx.o(.text)
    I2C3_EV_IRQHandler                       0x080002af   Thumb Code     0  startup_stm32f429xx.o(.text)
    LTDC_ER_IRQHandler                       0x080002af   Thumb Code     0  startup_stm32f429xx.o(.text)
    LTDC_IRQHandler                          0x080002af   Thumb Code     0  startup_stm32f429xx.o(.text)
    OTG_FS_IRQHandler                        0x080002af   Thumb Code     0  startup_stm32f429xx.o(.text)
    OTG_FS_WKUP_IRQHandler                   0x080002af   Thumb Code     0  startup_stm32f429xx.o(.text)
    OTG_HS_EP1_IN_IRQHandler                 0x080002af   Thumb Code     0  startup_stm32f429xx.o(.text)
    OTG_HS_EP1_OUT_IRQHandler                0x080002af   Thumb Code     0  startup_stm32f429xx.o(.text)
    OTG_HS_IRQHandler                        0x080002af   Thumb Code     0  startup_stm32f429xx.o(.text)
    OTG_HS_WKUP_IRQHandler                   0x080002af   Thumb Code     0  startup_stm32f429xx.o(.text)
    PVD_IRQHandler                           0x080002af   Thumb Code     0  startup_stm32f429xx.o(.text)
    RCC_IRQHandler                           0x080002af   Thumb Code     0  startup_stm32f429xx.o(.text)
    RTC_Alarm_IRQHandler                     0x080002af   Thumb Code     0  startup_stm32f429xx.o(.text)
    RTC_WKUP_IRQHandler                      0x080002af   Thumb Code     0  startup_stm32f429xx.o(.text)
    SAI1_IRQHandler                          0x080002af   Thumb Code     0  startup_stm32f429xx.o(.text)
    SDIO_IRQHandler                          0x080002af   Thumb Code     0  startup_stm32f429xx.o(.text)
    SPI2_IRQHandler                          0x080002af   Thumb Code     0  startup_stm32f429xx.o(.text)
    SPI3_IRQHandler                          0x080002af   Thumb Code     0  startup_stm32f429xx.o(.text)
    SPI4_IRQHandler                          0x080002af   Thumb Code     0  startup_stm32f429xx.o(.text)
    SPI5_IRQHandler                          0x080002af   Thumb Code     0  startup_stm32f429xx.o(.text)
    SPI6_IRQHandler                          0x080002af   Thumb Code     0  startup_stm32f429xx.o(.text)
    TAMP_STAMP_IRQHandler                    0x080002af   Thumb Code     0  startup_stm32f429xx.o(.text)
    TIM1_BRK_TIM9_IRQHandler                 0x080002af   Thumb Code     0  startup_stm32f429xx.o(.text)
    TIM1_CC_IRQHandler                       0x080002af   Thumb Code     0  startup_stm32f429xx.o(.text)
    TIM1_TRG_COM_TIM11_IRQHandler            0x080002af   Thumb Code     0  startup_stm32f429xx.o(.text)
    TIM1_UP_TIM10_IRQHandler                 0x080002af   Thumb Code     0  startup_stm32f429xx.o(.text)
    TIM2_IRQHandler                          0x080002af   Thumb Code     0  startup_stm32f429xx.o(.text)
    TIM3_IRQHandler                          0x080002af   Thumb Code     0  startup_stm32f429xx.o(.text)
    TIM4_IRQHandler                          0x080002af   Thumb Code     0  startup_stm32f429xx.o(.text)
    TIM5_IRQHandler                          0x080002af   Thumb Code     0  startup_stm32f429xx.o(.text)
    TIM6_DAC_IRQHandler                      0x080002af   Thumb Code     0  startup_stm32f429xx.o(.text)
    TIM7_IRQHandler                          0x080002af   Thumb Code     0  startup_stm32f429xx.o(.text)
    TIM8_BRK_TIM12_IRQHandler                0x080002af   Thumb Code     0  startup_stm32f429xx.o(.text)
    TIM8_CC_IRQHandler                       0x080002af   Thumb Code     0  startup_stm32f429xx.o(.text)
    TIM8_TRG_COM_TIM14_IRQHandler            0x080002af   Thumb Code     0  startup_stm32f429xx.o(.text)
    TIM8_UP_TIM13_IRQHandler                 0x080002af   Thumb Code     0  startup_stm32f429xx.o(.text)
    UART4_IRQHandler                         0x080002af   Thumb Code     0  startup_stm32f429xx.o(.text)
    UART5_IRQHandler                         0x080002af   Thumb Code     0  startup_stm32f429xx.o(.text)
    UART7_IRQHandler                         0x080002af   Thumb Code     0  startup_stm32f429xx.o(.text)
    UART8_IRQHandler                         0x080002af   Thumb Code     0  startup_stm32f429xx.o(.text)
    USART1_IRQHandler                        0x080002af   Thumb Code     0  startup_stm32f429xx.o(.text)
    USART2_IRQHandler                        0x080002af   Thumb Code     0  startup_stm32f429xx.o(.text)
    USART3_IRQHandler                        0x080002af   Thumb Code     0  startup_stm32f429xx.o(.text)
    USART6_IRQHandler                        0x080002af   Thumb Code     0  startup_stm32f429xx.o(.text)
    WWDG_IRQHandler                          0x080002af   Thumb Code     0  startup_stm32f429xx.o(.text)
    __user_initial_stackheap                 0x080002b1   Thumb Code     0  startup_stm32f429xx.o(.text)
    SVC_Handler                              0x080002d5   Thumb Code   154  irq_armv7m.o(.text)
    PendSV_Handler                           0x0800036f   Thumb Code    16  irq_armv7m.o(.text)
    SysTick_Handler                          0x0800037f   Thumb Code    16  irq_armv7m.o(.text)
    __aeabi_uldivmod                         0x0800039d   Thumb Code     0  lludivv7m.o(.text)
    _ll_udiv                                 0x0800039d   Thumb Code   238  lludivv7m.o(.text)
    __aeabi_memcpy                           0x0800048b   Thumb Code     0  rt_memcpy_v6.o(.text)
    __rt_memcpy                              0x0800048b   Thumb Code   138  rt_memcpy_v6.o(.text)
    _memcpy_lastbytes                        0x080004f1   Thumb Code     0  rt_memcpy_v6.o(.text)
    __aeabi_memclr                           0x08000515   Thumb Code     0  rt_memclr.o(.text)
    __rt_memclr                              0x08000515   Thumb Code    68  rt_memclr.o(.text)
    _memset                                  0x08000519   Thumb Code     0  rt_memclr.o(.text)
    __aeabi_memclr4                          0x08000559   Thumb Code     0  rt_memclr_w.o(.text)
    __aeabi_memclr8                          0x08000559   Thumb Code     0  rt_memclr_w.o(.text)
    __rt_memclr_w                            0x08000559   Thumb Code    78  rt_memclr_w.o(.text)
    _memset_w                                0x0800055d   Thumb Code     0  rt_memclr_w.o(.text)
    __use_two_region_memory                  0x080005a7   Thumb Code     2  heapauxi.o(.text)
    __rt_heap_escrow$2region                 0x080005a9   Thumb Code     2  heapauxi.o(.text)
    __rt_heap_expand$2region                 0x080005ab   Thumb Code     2  heapauxi.o(.text)
    __aeabi_memcpy4                          0x080005ad   Thumb Code     0  rt_memcpy_w.o(.text)
    __aeabi_memcpy8                          0x080005ad   Thumb Code     0  rt_memcpy_w.o(.text)
    __rt_memcpy_w                            0x080005ad   Thumb Code   100  rt_memcpy_w.o(.text)
    _memcpy_lastbytes_aligned                0x080005f5   Thumb Code     0  rt_memcpy_w.o(.text)
    __user_setup_stackheap                   0x08000611   Thumb Code    74  sys_stackheap_outer.o(.text)
    exit                                     0x0800065b   Thumb Code    18  exit.o(.text)
    __user_libspace                          0x0800066d   Thumb Code     8  libspace.o(.text)
    __user_perproc_libspace                  0x0800066d   Thumb Code     0  libspace.o(.text)
    _sys_exit                                0x08000675   Thumb Code     8  sys_exit.o(.text)
    __I$use$semihosting                      0x08000681   Thumb Code     0  use_no_semi.o(.text)
    __use_no_semihosting_swi                 0x08000681   Thumb Code     2  use_no_semi.o(.text)
    __semihosting_library_function           0x08000683   Thumb Code     0  indicate_semi.o(.text)
    OS_Tick_AcknowledgeIRQ                   0x08000739   Thumb Code     8  os_systick.o(.text.OS_Tick_AcknowledgeIRQ)
    OS_Tick_Enable                           0x08000745   Thumb Code    32  os_systick.o(.text.OS_Tick_Enable)
    OS_Tick_GetIRQn                          0x08000771   Thumb Code     6  os_systick.o(.text.OS_Tick_GetIRQn)
    OS_Tick_Setup                            0x08000779   Thumb Code    48  os_systick.o(.text.OS_Tick_Setup)
    osDelay                                  0x08000885   Thumb Code    32  rtx_delay.o(.text.osDelay)
    osKernelGetState                         0x080008a9   Thumb Code    40  rtx_kernel.o(.text.osKernelGetState)
    osKernelGetTickCount                     0x080008d9   Thumb Code    32  rtx_kernel.o(.text.osKernelGetTickCount)
    osKernelInitialize                       0x08000901   Thumb Code    40  rtx_kernel.o(.text.osKernelInitialize)
    osKernelStart                            0x0800092d   Thumb Code    32  rtx_kernel.o(.text.osKernelStart)
    osMessageQueueGet                        0x08000951   Thumb Code   108  rtx_msgqueue.o(.text.osMessageQueueGet)
    osMessageQueueNew                        0x080009c1   Thumb Code    32  rtx_msgqueue.o(.text.osMessageQueueNew)
    osMessageQueuePut                        0x080009e5   Thumb Code   124  rtx_msgqueue.o(.text.osMessageQueuePut)
    osMutexAcquire                           0x08000a65   Thumb Code    32  rtx_mutex.o(.text.osMutexAcquire)
    osMutexDelete                            0x08000a89   Thumb Code    32  rtx_mutex.o(.text.osMutexDelete)
    osMutexNew                               0x08000aad   Thumb Code    32  rtx_mutex.o(.text.osMutexNew)
    osMutexRelease                           0x08000ad1   Thumb Code    32  rtx_mutex.o(.text.osMutexRelease)
    osRtxKernelErrorNotify                   0x08000af5   Thumb Code     4  rtx_kernel.o(.text.osRtxKernelErrorNotify)
    osRtxKernelPreInit                       0x08000af9   Thumb Code     2  rtx_kernel.o(.text.osRtxKernelPreInit)
    osRtxMemoryAlloc                         0x08000afb   Thumb Code   108  rtx_memory.o(.text.osRtxMemoryAlloc)
    osRtxMemoryFree                          0x08000b67   Thumb Code    66  rtx_memory.o(.text.osRtxMemoryFree)
    osRtxMemoryInit                          0x08000ba9   Thumb Code    54  rtx_memory.o(.text.osRtxMemoryInit)
    osRtxMemoryPoolAlloc                     0x08000bdf   Thumb Code    58  rtx_mempool.o(.text.osRtxMemoryPoolAlloc)
    osRtxMemoryPoolFree                      0x08000c19   Thumb Code    74  rtx_mempool.o(.text.osRtxMemoryPoolFree)
    osRtxMemoryPoolInit                      0x08000c63   Thumb Code    56  rtx_mempool.o(.text.osRtxMemoryPoolInit)
    osRtxMessageQueueTimerSetup              0x08000d45   Thumb Code    32  rtx_msgqueue.o(.text.osRtxMessageQueueTimerSetup)
    osRtxMutexOwnerRelease                   0x08000d6d   Thumb Code    72  rtx_mutex.o(.text.osRtxMutexOwnerRelease)
    osRtxMutexOwnerRestore                   0x08000db5   Thumb Code    66  rtx_mutex.o(.text.osRtxMutexOwnerRestore)
    osRtxPendSV_Handler                      0x08000df9   Thumb Code   136  rtx_system.o(.text.osRtxPendSV_Handler)
    osRtxPostProcess                         0x08000e85   Thumb Code   108  rtx_system.o(.text.osRtxPostProcess)
    osRtxThreadDelayTick                     0x08000ff1   Thumb Code    72  rtx_thread.o(.text.osRtxThreadDelayTick)
    osRtxThreadDispatch                      0x08001061   Thumb Code    80  rtx_thread.o(.text.osRtxThreadDispatch)
    osRtxThreadListGet                       0x0800112b   Thumb Code    18  rtx_thread.o(.text.osRtxThreadListGet)
    osRtxThreadListPut                       0x0800113d   Thumb Code    44  rtx_thread.o(.text.osRtxThreadListPut)
    osRtxThreadListRemove                    0x08001169   Thumb Code    20  rtx_thread.o(.text.osRtxThreadListRemove)
    osRtxThreadListSort                      0x08001189   Thumb Code    38  rtx_thread.o(.text.osRtxThreadListSort)
    osRtxThreadReadyPut                      0x080011d9   Thumb Code    16  rtx_thread.o(.text.osRtxThreadReadyPut)
    osRtxThreadRegPtr                        0x080011ed   Thumb Code    20  rtx_thread.o(.text.osRtxThreadRegPtr)
    osRtxThreadStartup                       0x08001201   Thumb Code    48  rtx_thread.o(.text.osRtxThreadStartup)
    osRtxThreadSwitch                        0x0800123d   Thumb Code    12  rtx_thread.o(.text.osRtxThreadSwitch)
    osRtxThreadWaitEnter                     0x0800124d   Thumb Code    56  rtx_thread.o(.text.osRtxThreadWaitEnter)
    osRtxThreadWaitExit                      0x08001289   Thumb Code    48  rtx_thread.o(.text.osRtxThreadWaitExit)
    osRtxTick_Handler                        0x080012b9   Thumb Code   116  rtx_system.o(.text.osRtxTick_Handler)
    osRtxTimerSetup                          0x08001331   Thumb Code    24  rtx_timer.o(.text.osRtxTimerSetup)
    osRtxTimerThread                         0x08001351   Thumb Code    32  rtx_timer.o(.text.osRtxTimerThread)
    osThreadExit                             0x080013e1   Thumb Code     8  rtx_thread.o(.text.osThreadExit)
    osThreadNew                              0x080013ed   Thumb Code    32  rtx_thread.o(.text.osThreadNew)
    HAL_DCMI_Init                            0x08002561   Thumb Code   146  stm32f4xx_hal_dcmi_ex.o(i.HAL_DCMI_Init)
    HAL_DCMI_MspInit                         0x080025f3   Thumb Code     2  stm32f4xx_hal_dcmi.o(i.HAL_DCMI_MspInit)
    HAL_DMA_Abort                            0x080025f5   Thumb Code   172  stm32f4xx_hal_dma.o(i.HAL_DMA_Abort)
    HAL_DMA_Abort_IT                         0x080026a1   Thumb Code    40  stm32f4xx_hal_dma.o(i.HAL_DMA_Abort_IT)
    HAL_DMA_Init                             0x080026c9   Thumb Code   232  stm32f4xx_hal_dma.o(i.HAL_DMA_Init)
    HAL_DMA_Start_IT                         0x080027b5   Thumb Code   146  stm32f4xx_hal_dma.o(i.HAL_DMA_Start_IT)
    HAL_Delay                                0x08002849   Thumb Code    36  stm32f4xx_hal.o(i.HAL_Delay)
    HAL_GPIO_DeInit                          0x08002871   Thumb Code   340  stm32f4xx_hal_gpio.o(i.HAL_GPIO_DeInit)
    HAL_GPIO_Init                            0x080029f5   Thumb Code   474  stm32f4xx_hal_gpio.o(i.HAL_GPIO_Init)
    HAL_GPIO_ReadPin                         0x08002c05   Thumb Code    16  stm32f4xx_hal_gpio.o(i.HAL_GPIO_ReadPin)
    HAL_GPIO_WritePin                        0x08002c15   Thumb Code    12  stm32f4xx_hal_gpio.o(i.HAL_GPIO_WritePin)
    HAL_GetREVID                             0x08002c21   Thumb Code     8  stm32f4xx_hal.o(i.HAL_GetREVID)
    HAL_GetTick                              0x08002c2d   Thumb Code    66  main.o(i.HAL_GetTick)
    HAL_Init                                 0x08002c79   Thumb Code    44  stm32f4xx_hal.o(i.HAL_Init)
    HAL_InitTick                             0x08002ca9   Thumb Code     6  main.o(i.HAL_InitTick)
    HAL_MspInit                              0x08002caf   Thumb Code     2  stm32f4xx_hal.o(i.HAL_MspInit)
    HAL_NVIC_ClearPendingIRQ                 0x08002cb1   Thumb Code    30  stm32f4xx_hal_cortex.o(i.HAL_NVIC_ClearPendingIRQ)
    HAL_NVIC_DisableIRQ                      0x08002cd5   Thumb Code    38  stm32f4xx_hal_cortex.o(i.HAL_NVIC_DisableIRQ)
    HAL_NVIC_EnableIRQ                       0x08002d01   Thumb Code    40  stm32f4xx_hal_cortex.o(i.HAL_NVIC_EnableIRQ)
    HAL_NVIC_SetPriorityGrouping             0x08002d29   Thumb Code    32  stm32f4xx_hal_cortex.o(i.HAL_NVIC_SetPriorityGrouping)
    HAL_RCC_ClockConfig                      0x08002d51   Thumb Code   368  stm32f4xx_hal_rcc.o(i.HAL_RCC_ClockConfig)
    HAL_RCC_GetHCLKFreq                      0x08002ed5   Thumb Code     6  stm32f4xx_hal_rcc.o(i.HAL_RCC_GetHCLKFreq)
    HAL_RCC_GetPCLK1Freq                     0x08002ee1   Thumb Code    22  stm32f4xx_hal_rcc.o(i.HAL_RCC_GetPCLK1Freq)
    HAL_RCC_GetPCLK2Freq                     0x08002f01   Thumb Code    22  stm32f4xx_hal_rcc.o(i.HAL_RCC_GetPCLK2Freq)
    HAL_RCC_GetSysClockFreq                  0x08002f21   Thumb Code   162  stm32f4xx_hal_rcc.o(i.HAL_RCC_GetSysClockFreq)
    HAL_RCC_OscConfig                        0x08002fd1   Thumb Code  1172  stm32f4xx_hal_rcc.o(i.HAL_RCC_OscConfig)
    HAL_TIM_OC_ConfigChannel                 0x0800346d   Thumb Code   112  stm32f4xx_hal_tim.o(i.HAL_TIM_OC_ConfigChannel)
    HAL_TIM_OC_Init                          0x080034dd   Thumb Code   102  stm32f4xx_hal_tim.o(i.HAL_TIM_OC_Init)
    HAL_TIM_OC_MspInit                       0x08003543   Thumb Code     2  stm32f4xx_hal_tim.o(i.HAL_TIM_OC_MspInit)
    HAL_TIM_PWM_Start                        0x08003545   Thumb Code   238  stm32f4xx_hal_tim.o(i.HAL_TIM_PWM_Start)
    I2C2_ER_IRQHandler                       0x08003669   Thumb Code    10  i2c_stm32f4xx.o(i.I2C2_ER_IRQHandler)
    I2C2_EV_IRQHandler                       0x08003679   Thumb Code    10  i2c_stm32f4xx.o(i.I2C2_EV_IRQHandler)
    SPI1_IRQHandler                          0x08004cb9   Thumb Code    10  spi_stm32f4xx.o(i.SPI1_IRQHandler)
    SystemCoreClockUpdate                    0x08005b0d   Thumb Code   170  system_stm32f4xx.o(i.SystemCoreClockUpdate)
    SystemInit                               0x08005bcd   Thumb Code    24  system_stm32f4xx.o(i.SystemInit)
    TIM_Base_SetConfig                       0x08005be9   Thumb Code   170  stm32f4xx_hal_tim.o(i.TIM_Base_SetConfig)
    TIM_CCxChannelCmd                        0x08005cc1   Thumb Code    34  stm32f4xx_hal_tim.o(i.TIM_CCxChannelCmd)
    TIM_OC2_SetConfig                        0x08005d55   Thumb Code   114  stm32f4xx_hal_tim.o(i.TIM_OC2_SetConfig)
    _mutex_acquire                           0x08005f59   Thumb Code    22  rtx_lib.o(i._mutex_acquire)
    _mutex_free                              0x08005f6f   Thumb Code    12  rtx_lib.o(i._mutex_free)
    _mutex_initialize                        0x08005f7b   Thumb Code    34  rtx_lib.o(i._mutex_initialize)
    _mutex_release                           0x08005f9d   Thumb Code    18  rtx_lib.o(i._mutex_release)
    _platform_post_stackheap_init            0x08005faf   Thumb Code     8  rtx_lib.o(i._platform_post_stackheap_init)
    init_Th_camera                           0x08005fb9   Thumb Code    34  camera.o(i.init_Th_camera)
    main                                     0x08005fe5   Thumb Code    28  main.o(i.main)
    osRtxErrorNotify                         0x08006001   Thumb Code    32  rtx_config.o(i.osRtxErrorNotify)
    osRtxIdleThread                          0x08006021   Thumb Code     4  rtx_config.o(i.osRtxIdleThread)
    _fp_init                                 0x08006045   Thumb Code    10  fpinit.o(x$fpl$fpinit)
    __fplib_config_fpu_vfp                   0x0800604d   Thumb Code     0  fpinit.o(x$fpl$fpinit)
    __fplib_config_pureend_doubles           0x0800604d   Thumb Code     0  fpinit.o(x$fpl$fpinit)
    irqRtxLibRef                             0x080060b0   Data           4  rtx_lib.o(.constdata)
    osRtxUserSVC                             0x080060b4   Data           4  rtx_lib.o(.constdata)
    Driver_I2C2                              0x080060f0   Data          48  i2c_stm32f4xx.o(.constdata)
    Driver_SPI1                              0x08006184   Data          44  spi_stm32f4xx.o(.constdata)
    EventRecorderInfo                        0x080061b0   Data          24  eventrecorder.o(.constdata)
    AHBPrescTable                            0x080061d0   Data          16  system_stm32f4xx.o(.constdata)
    APBPrescTable                            0x080061e0   Data           8  system_stm32f4xx.o(.constdata)
    osRtxConfig                              0x080061e8   Data         112  rtx_lib.o(.rodata)
    os_cb_sections                           0x08006258   Data          56  rtx_lib.o(.rodata)
    irqRtxLib                                0x08006290   Number         0  irq_armv7m.o(.rodata)
    Region$$Table$$Base                      0x080062a0   Number         0  anon$$obj.o(Region$$Table)
    Region$$Table$$Limit                     0x080062c0   Number         0  anon$$obj.o(Region$$Table)
    .bss.os.msgqueue.cb$$Base                0x20008040   Number         0  rtx_lib.o(.bss.os.msgqueue.cb)
    .bss.os.msgqueue.cb$$Limit               0x20008074   Number         0  rtx_lib.o(.bss.os.msgqueue.cb)
    .bss.os.thread.cb$$Base                  0x200080c4   Number         0  rtx_lib.o(.bss.os.thread.cb)
    .bss.os.thread.cb$$Limit                 0x2000814c   Number         0  rtx_lib.o(.bss.os.thread.cb)
    uwTick                                   0x20008564   Data           4  stm32f4xx_hal.o(.data)
    uwTickPrio                               0x20008568   Data           4  stm32f4xx_hal.o(.data)
    uwTickFreq                               0x2000856c   Data           1  stm32f4xx_hal.o(.data)
    SystemCoreClock                          0x20008570   Data           4  system_stm32f4xx.o(.data)
    osRtxInfo                                0x20008574   Data         164  rtx_kernel.o(.data.os)
    htim2                                    0x200086b8   Data          72  camera.o(.bss)
    sConfig                                  0x20008700   Data          28  camera.o(.bss)
    __libspace_start                         0x20008770   Data          96  libspace.o(.bss)
    __temporary_stack_top$libspace           0x200087d0   Data           0  libspace.o(.bss)



==============================================================================

Memory Map of the image

  Image Entry point : 0x080001ad

  Load Region LR_IROM1 (Base: 0x08000000, Size: 0x0000e8d8, Max: 0x00200000, ABSOLUTE, COMPRESSED[0x000063e4])

    Execution Region ER_IROM1 (Exec base: 0x08000000, Load base: 0x08000000, Size: 0x000062c0, Max: 0x00200000, ABSOLUTE)

    Exec Addr    Load Addr    Size         Type   Attr      Idx    E Section Name        Object

    0x08000000   0x08000000   0x000001ac   Data   RO         3856    RESET               startup_stm32f429xx.o
    0x080001ac   0x080001ac   0x00000008   Code   RO         4398  * !!!main             c_w.l(__main.o)
    0x080001b4   0x080001b4   0x00000034   Code   RO         4569    !!!scatter          c_w.l(__scatter.o)
    0x080001e8   0x080001e8   0x0000005a   Code   RO         4567    !!dczerorl2         c_w.l(__dczerorl2.o)
    0x08000242   0x08000242   0x00000002   PAD
    0x08000244   0x08000244   0x0000001c   Code   RO         4571    !!handler_zi        c_w.l(__scatter_zi.o)
    0x08000260   0x08000260   0x00000002   Code   RO         4435    .ARM.Collect$$libinit$$00000000  c_w.l(libinit.o)
    0x08000262   0x08000262   0x00000004   Code   RO         4447    .ARM.Collect$$libinit$$00000001  c_w.l(libinit2.o)
    0x08000266   0x08000266   0x00000000   Code   RO         4450    .ARM.Collect$$libinit$$00000004  c_w.l(libinit2.o)
    0x08000266   0x08000266   0x00000000   Code   RO         4453    .ARM.Collect$$libinit$$0000000A  c_w.l(libinit2.o)
    0x08000266   0x08000266   0x00000000   Code   RO         4455    .ARM.Collect$$libinit$$0000000C  c_w.l(libinit2.o)
    0x08000266   0x08000266   0x00000000   Code   RO         4457    .ARM.Collect$$libinit$$0000000E  c_w.l(libinit2.o)
    0x08000266   0x08000266   0x00000000   Code   RO         4460    .ARM.Collect$$libinit$$00000011  c_w.l(libinit2.o)
    0x08000266   0x08000266   0x00000000   Code   RO         4462    .ARM.Collect$$libinit$$00000013  c_w.l(libinit2.o)
    0x08000266   0x08000266   0x00000000   Code   RO         4464    .ARM.Collect$$libinit$$00000015  c_w.l(libinit2.o)
    0x08000266   0x08000266   0x00000000   Code   RO         4466    .ARM.Collect$$libinit$$00000017  c_w.l(libinit2.o)
    0x08000266   0x08000266   0x00000000   Code   RO         4468    .ARM.Collect$$libinit$$00000019  c_w.l(libinit2.o)
    0x08000266   0x08000266   0x00000000   Code   RO         4470    .ARM.Collect$$libinit$$0000001B  c_w.l(libinit2.o)
    0x08000266   0x08000266   0x00000000   Code   RO         4472    .ARM.Collect$$libinit$$0000001D  c_w.l(libinit2.o)
    0x08000266   0x08000266   0x00000000   Code   RO         4474    .ARM.Collect$$libinit$$0000001F  c_w.l(libinit2.o)
    0x08000266   0x08000266   0x00000000   Code   RO         4476    .ARM.Collect$$libinit$$00000021  c_w.l(libinit2.o)
    0x08000266   0x08000266   0x00000000   Code   RO         4478    .ARM.Collect$$libinit$$00000023  c_w.l(libinit2.o)
    0x08000266   0x08000266   0x00000000   Code   RO         4480    .ARM.Collect$$libinit$$00000025  c_w.l(libinit2.o)
    0x08000266   0x08000266   0x00000000   Code   RO         4484    .ARM.Collect$$libinit$$0000002C  c_w.l(libinit2.o)
    0x08000266   0x08000266   0x00000000   Code   RO         4486    .ARM.Collect$$libinit$$0000002E  c_w.l(libinit2.o)
    0x08000266   0x08000266   0x00000000   Code   RO         4488    .ARM.Collect$$libinit$$00000030  c_w.l(libinit2.o)
    0x08000266   0x08000266   0x00000000   Code   RO         4490    .ARM.Collect$$libinit$$00000032  c_w.l(libinit2.o)
    0x08000266   0x08000266   0x00000002   Code   RO         4491    .ARM.Collect$$libinit$$00000033  c_w.l(libinit2.o)
    0x08000268   0x08000268   0x00000002   Code   RO         4522    .ARM.Collect$$libshutdown$$00000000  c_w.l(libshutdown.o)
    0x0800026a   0x0800026a   0x00000000   Code   RO         4548    .ARM.Collect$$libshutdown$$00000002  c_w.l(libshutdown2.o)
    0x0800026a   0x0800026a   0x00000000   Code   RO         4550    .ARM.Collect$$libshutdown$$00000004  c_w.l(libshutdown2.o)
    0x0800026a   0x0800026a   0x00000000   Code   RO         4552    .ARM.Collect$$libshutdown$$00000006  c_w.l(libshutdown2.o)
    0x0800026a   0x0800026a   0x00000000   Code   RO         4555    .ARM.Collect$$libshutdown$$00000009  c_w.l(libshutdown2.o)
    0x0800026a   0x0800026a   0x00000000   Code   RO         4558    .ARM.Collect$$libshutdown$$0000000C  c_w.l(libshutdown2.o)
    0x0800026a   0x0800026a   0x00000000   Code   RO         4560    .ARM.Collect$$libshutdown$$0000000E  c_w.l(libshutdown2.o)
    0x0800026a   0x0800026a   0x00000000   Code   RO         4563    .ARM.Collect$$libshutdown$$00000011  c_w.l(libshutdown2.o)
    0x0800026a   0x0800026a   0x00000002   Code   RO         4564    .ARM.Collect$$libshutdown$$00000012  c_w.l(libshutdown2.o)
    0x0800026c   0x0800026c   0x00000000   Code   RO         4400    .ARM.Collect$$rtentry$$00000000  c_w.l(__rtentry.o)
    0x0800026c   0x0800026c   0x00000000   Code   RO         4408    .ARM.Collect$$rtentry$$00000002  c_w.l(__rtentry2.o)
    0x0800026c   0x0800026c   0x00000006   Code   RO         4420    .ARM.Collect$$rtentry$$00000004  c_w.l(__rtentry4.o)
    0x08000272   0x08000272   0x00000008   Code   RO         4409    .ARM.Collect$$rtentry$$00000008  c_w.l(__rtentry2.o)
    0x0800027a   0x0800027a   0x00000004   Code   RO         4411    .ARM.Collect$$rtentry$$0000000A  c_w.l(__rtentry2.o)
    0x0800027e   0x0800027e   0x00000000   Code   RO         4413    .ARM.Collect$$rtentry$$0000000C  c_w.l(__rtentry2.o)
    0x0800027e   0x0800027e   0x00000008   Code   RO         4414    .ARM.Collect$$rtentry$$0000000D  c_w.l(__rtentry2.o)
    0x08000286   0x08000286   0x00000002   Code   RO         4439    .ARM.Collect$$rtexit$$00000000  c_w.l(rtexit.o)
    0x08000288   0x08000288   0x00000000   Code   RO         4495    .ARM.Collect$$rtexit$$00000002  c_w.l(rtexit2.o)
    0x08000288   0x08000288   0x00000004   Code   RO         4496    .ARM.Collect$$rtexit$$00000003  c_w.l(rtexit2.o)
    0x0800028c   0x0800028c   0x00000006   Code   RO         4497    .ARM.Collect$$rtexit$$00000004  c_w.l(rtexit2.o)
    0x08000292   0x08000292   0x00000002   PAD
    0x08000294   0x08000294   0x00000040   Code   RO         3857    .text               startup_stm32f429xx.o
    0x080002d4   0x080002d4   0x000000c8   Code   RO         4270    .text               RTX_CM4F.lib(irq_armv7m.o)
    0x0800039c   0x0800039c   0x000000ee   Code   RO         4386    .text               c_w.l(lludivv7m.o)
    0x0800048a   0x0800048a   0x0000008a   Code   RO         4388    .text               c_w.l(rt_memcpy_v6.o)
    0x08000514   0x08000514   0x00000044   Code   RO         4390    .text               c_w.l(rt_memclr.o)
    0x08000558   0x08000558   0x0000004e   Code   RO         4392    .text               c_w.l(rt_memclr_w.o)
    0x080005a6   0x080005a6   0x00000006   Code   RO         4396    .text               c_w.l(heapauxi.o)
    0x080005ac   0x080005ac   0x00000064   Code   RO         4405    .text               c_w.l(rt_memcpy_w.o)
    0x08000610   0x08000610   0x0000004a   Code   RO         4424    .text               c_w.l(sys_stackheap_outer.o)
    0x0800065a   0x0800065a   0x00000012   Code   RO         4426    .text               c_w.l(exit.o)
    0x0800066c   0x0800066c   0x00000008   Code   RO         4436    .text               c_w.l(libspace.o)
    0x08000674   0x08000674   0x0000000c   Code   RO         4492    .text               c_w.l(sys_exit.o)
    0x08000680   0x08000680   0x00000002   Code   RO         4511    .text               c_w.l(use_no_semi.o)
    0x08000682   0x08000682   0x00000000   Code   RO         4513    .text               c_w.l(indicate_semi.o)
    0x08000682   0x08000682   0x00000040   Code   RO         4253    .text.MessageQueueGet  RTX_CM4F.lib(rtx_msgqueue.o)
    0x080006c2   0x080006c2   0x00000058   Code   RO         4247    .text.MessageQueuePut  RTX_CM4F.lib(rtx_msgqueue.o)
    0x0800071a   0x0800071a   0x0000001c   Code   RO         4245    .text.MessageQueueRemove  RTX_CM4F.lib(rtx_msgqueue.o)
    0x08000736   0x08000736   0x00000002   PAD
    0x08000738   0x08000738   0x0000000c   Code   RO         4364    .text.OS_Tick_AcknowledgeIRQ  RTX_CM4F.lib(os_systick.o)
    0x08000744   0x08000744   0x0000002c   Code   RO         4360    .text.OS_Tick_Enable  RTX_CM4F.lib(os_systick.o)
    0x08000770   0x08000770   0x00000006   Code   RO         4366    .text.OS_Tick_GetIRQn  RTX_CM4F.lib(os_systick.o)
    0x08000776   0x08000776   0x00000002   PAD
    0x08000778   0x08000778   0x00000040   Code   RO         4358    .text.OS_Tick_Setup  RTX_CM4F.lib(os_systick.o)
    0x080007b8   0x080007b8   0x0000000c   Code   RO         3957    .text.OUTLINED_FUNCTION_0  RTX_CM4F.lib(rtx_kernel.o)
    0x080007c4   0x080007c4   0x0000000c   Code   RO         4261    .text.OUTLINED_FUNCTION_0  RTX_CM4F.lib(rtx_msgqueue.o)
    0x080007d0   0x080007d0   0x00000006   Code   RO         3959    .text.OUTLINED_FUNCTION_1  RTX_CM4F.lib(rtx_kernel.o)
    0x080007d6   0x080007d6   0x00000064   Code   RO         4051    .text.ThreadFlagsCheck  RTX_CM4F.lib(rtx_thread.o)
    0x0800083a   0x0800083a   0x00000002   PAD
    0x0800083c   0x0800083c   0x00000048   Code   RO         4151    .text.TimerInsert   RTX_CM4F.lib(rtx_timer.o)
    0x08000884   0x08000884   0x00000024   Code   RO         4117    .text.osDelay       RTX_CM4F.lib(rtx_delay.o)
    0x080008a8   0x080008a8   0x00000030   Code   RO         3909    .text.osKernelGetState  RTX_CM4F.lib(rtx_kernel.o)
    0x080008d8   0x080008d8   0x00000028   Code   RO         3925    .text.osKernelGetTickCount  RTX_CM4F.lib(rtx_kernel.o)
    0x08000900   0x08000900   0x0000002c   Code   RO         3903    .text.osKernelInitialize  RTX_CM4F.lib(rtx_kernel.o)
    0x0800092c   0x0800092c   0x00000024   Code   RO         3913    .text.osKernelStart  RTX_CM4F.lib(rtx_kernel.o)
    0x08000950   0x08000950   0x00000070   Code   RO         4221    .text.osMessageQueueGet  RTX_CM4F.lib(rtx_msgqueue.o)
    0x080009c0   0x080009c0   0x00000024   Code   RO         4215    .text.osMessageQueueNew  RTX_CM4F.lib(rtx_msgqueue.o)
    0x080009e4   0x080009e4   0x00000080   Code   RO         4219    .text.osMessageQueuePut  RTX_CM4F.lib(rtx_msgqueue.o)
    0x08000a64   0x08000a64   0x00000024   Code   RO         4183    .text.osMutexAcquire  RTX_CM4F.lib(rtx_mutex.o)
    0x08000a88   0x08000a88   0x00000024   Code   RO         4189    .text.osMutexDelete  RTX_CM4F.lib(rtx_mutex.o)
    0x08000aac   0x08000aac   0x00000024   Code   RO         4179    .text.osMutexNew    RTX_CM4F.lib(rtx_mutex.o)
    0x08000ad0   0x08000ad0   0x00000024   Code   RO         4185    .text.osMutexRelease  RTX_CM4F.lib(rtx_mutex.o)
    0x08000af4   0x08000af4   0x00000004   Code   RO         3901    .text.osRtxKernelErrorNotify  RTX_CM4F.lib(rtx_kernel.o)
    0x08000af8   0x08000af8   0x00000002   Code   RO         3899    .text.osRtxKernelPreInit  RTX_CM4F.lib(rtx_kernel.o)
    0x08000afa   0x08000afa   0x0000006c   Code   RO         4280    .text.osRtxMemoryAlloc  RTX_CM4F.lib(rtx_memory.o)
    0x08000b66   0x08000b66   0x00000042   Code   RO         4282    .text.osRtxMemoryFree  RTX_CM4F.lib(rtx_memory.o)
    0x08000ba8   0x08000ba8   0x00000036   Code   RO         4278    .text.osRtxMemoryInit  RTX_CM4F.lib(rtx_memory.o)
    0x08000bde   0x08000bde   0x0000003a   Code   RO         4294    .text.osRtxMemoryPoolAlloc  RTX_CM4F.lib(rtx_mempool.o)
    0x08000c18   0x08000c18   0x0000004a   Code   RO         4296    .text.osRtxMemoryPoolFree  RTX_CM4F.lib(rtx_mempool.o)
    0x08000c62   0x08000c62   0x00000038   Code   RO         4292    .text.osRtxMemoryPoolInit  RTX_CM4F.lib(rtx_mempool.o)
    0x08000c9a   0x08000c9a   0x000000aa   Code   RO         4243    .text.osRtxMessageQueuePostProcess  RTX_CM4F.lib(rtx_msgqueue.o)
    0x08000d44   0x08000d44   0x00000028   Code   RO         4211    .text.osRtxMessageQueueTimerSetup  RTX_CM4F.lib(rtx_msgqueue.o)
    0x08000d6c   0x08000d6c   0x00000048   Code   RO         4175    .text.osRtxMutexOwnerRelease  RTX_CM4F.lib(rtx_mutex.o)
    0x08000db4   0x08000db4   0x00000042   Code   RO         4177    .text.osRtxMutexOwnerRestore  RTX_CM4F.lib(rtx_mutex.o)
    0x08000df6   0x08000df6   0x00000002   PAD
    0x08000df8   0x08000df8   0x0000008c   Code   RO         4346    .text.osRtxPendSV_Handler  RTX_CM4F.lib(rtx_system.o)
    0x08000e84   0x08000e84   0x00000074   Code   RO         4348    .text.osRtxPostProcess  RTX_CM4F.lib(rtx_system.o)
    0x08000ef8   0x08000ef8   0x00000038   Code   RO         3991    .text.osRtxThreadBlock  RTX_CM4F.lib(rtx_thread.o)
    0x08000f30   0x08000f30   0x00000080   Code   RO         3999    .text.osRtxThreadDelayInsert  RTX_CM4F.lib(rtx_thread.o)
    0x08000fb0   0x08000fb0   0x00000040   Code   RO         3995    .text.osRtxThreadDelayRemove  RTX_CM4F.lib(rtx_thread.o)
    0x08000ff0   0x08000ff0   0x0000004c   Code   RO         3981    .text.osRtxThreadDelayTick  RTX_CM4F.lib(rtx_thread.o)
    0x0800103c   0x0800103c   0x00000024   Code   RO         4083    .text.osRtxThreadDestroy  RTX_CM4F.lib(rtx_thread.o)
    0x08001060   0x08001060   0x00000054   Code   RO         3989    .text.osRtxThreadDispatch  RTX_CM4F.lib(rtx_thread.o)
    0x080010b4   0x080010b4   0x00000058   Code   RO         4075    .text.osRtxThreadFree  RTX_CM4F.lib(rtx_thread.o)
    0x0800110c   0x0800110c   0x0000001e   Code   RO         4081    .text.osRtxThreadJoinWakeup  RTX_CM4F.lib(rtx_thread.o)
    0x0800112a   0x0800112a   0x00000012   Code   RO         3973    .text.osRtxThreadListGet  RTX_CM4F.lib(rtx_thread.o)
    0x0800113c   0x0800113c   0x0000002c   Code   RO         3971    .text.osRtxThreadListPut  RTX_CM4F.lib(rtx_thread.o)
    0x08001168   0x08001168   0x00000014   Code   RO         3977    .text.osRtxThreadListRemove  RTX_CM4F.lib(rtx_thread.o)
    0x0800117c   0x0800117c   0x0000000c   Code   RO         3983    .text.osRtxThreadListRoot  RTX_CM4F.lib(rtx_thread.o)
    0x08001188   0x08001188   0x00000026   Code   RO         3975    .text.osRtxThreadListSort  RTX_CM4F.lib(rtx_thread.o)
    0x080011ae   0x080011ae   0x00000028   Code   RO         4049    .text.osRtxThreadPostProcess  RTX_CM4F.lib(rtx_thread.o)
    0x080011d6   0x080011d6   0x00000002   PAD
    0x080011d8   0x080011d8   0x00000014   Code   RO         3979    .text.osRtxThreadReadyPut  RTX_CM4F.lib(rtx_thread.o)
    0x080011ec   0x080011ec   0x00000014   Code   RO         3985    .text.osRtxThreadRegPtr  RTX_CM4F.lib(rtx_thread.o)
    0x08001200   0x08001200   0x0000003c   Code   RO         4001    .text.osRtxThreadStartup  RTX_CM4F.lib(rtx_thread.o)
    0x0800123c   0x0800123c   0x00000010   Code   RO         3987    .text.osRtxThreadSwitch  RTX_CM4F.lib(rtx_thread.o)
    0x0800124c   0x0800124c   0x0000003c   Code   RO         3997    .text.osRtxThreadWaitEnter  RTX_CM4F.lib(rtx_thread.o)
    0x08001288   0x08001288   0x00000030   Code   RO         3993    .text.osRtxThreadWaitExit  RTX_CM4F.lib(rtx_thread.o)
    0x080012b8   0x080012b8   0x00000078   Code   RO         4344    .text.osRtxTick_Handler  RTX_CM4F.lib(rtx_system.o)
    0x08001330   0x08001330   0x00000020   Code   RO         4133    .text.osRtxTimerSetup  RTX_CM4F.lib(rtx_timer.o)
    0x08001350   0x08001350   0x00000020   Code   RO         4137    .text.osRtxTimerThread  RTX_CM4F.lib(rtx_timer.o)
    0x08001370   0x08001370   0x00000070   Code   RO         4135    .text.osRtxTimerTick  RTX_CM4F.lib(rtx_timer.o)
    0x080013e0   0x080013e0   0x0000000c   Code   RO         4033    .text.osThreadExit  RTX_CM4F.lib(rtx_thread.o)
    0x080013ec   0x080013ec   0x00000024   Code   RO         4005    .text.osThreadNew   RTX_CM4F.lib(rtx_thread.o)
    0x08001410   0x08001410   0x00000016   Code   RO         4121    .text.svcRtxDelay   RTX_CM4F.lib(rtx_delay.o)
    0x08001426   0x08001426   0x00000002   PAD
    0x08001428   0x08001428   0x0000000c   Code   RO         3911    .text.svcRtxKernelGetState  RTX_CM4F.lib(rtx_kernel.o)
    0x08001434   0x08001434   0x0000000c   Code   RO         3927    .text.svcRtxKernelGetTickCount  RTX_CM4F.lib(rtx_kernel.o)
    0x08001440   0x08001440   0x00000100   Code   RO         3941    .text.svcRtxKernelInitialize  RTX_CM4F.lib(rtx_kernel.o)
    0x08001540   0x08001540   0x00000088   Code   RO         3943    .text.svcRtxKernelStart  RTX_CM4F.lib(rtx_kernel.o)
    0x080015c8   0x080015c8   0x000000d8   Code   RO         4255    .text.svcRtxMessageQueueGet  RTX_CM4F.lib(rtx_msgqueue.o)
    0x080016a0   0x080016a0   0x00000118   Code   RO         4213    .text.svcRtxMessageQueueNew  RTX_CM4F.lib(rtx_msgqueue.o)
    0x080017b8   0x080017b8   0x000000b4   Code   RO         4251    .text.svcRtxMessageQueuePut  RTX_CM4F.lib(rtx_msgqueue.o)
    0x0800186c   0x0800186c   0x00000090   Code   RO         4195    .text.svcRtxMutexAcquire  RTX_CM4F.lib(rtx_mutex.o)
    0x080018fc   0x080018fc   0x000000b0   Code   RO         4201    .text.svcRtxMutexDelete  RTX_CM4F.lib(rtx_mutex.o)
    0x080019ac   0x080019ac   0x00000068   Code   RO         4191    .text.svcRtxMutexNew  RTX_CM4F.lib(rtx_mutex.o)
    0x08001a14   0x08001a14   0x000000b4   Code   RO         4197    .text.svcRtxMutexRelease  RTX_CM4F.lib(rtx_mutex.o)
    0x08001ac8   0x08001ac8   0x0000004c   Code   RO         4079    .text.svcRtxThreadExit  RTX_CM4F.lib(rtx_thread.o)
    0x08001b14   0x08001b14   0x000001ec   Code   RO         4003    .text.svcRtxThreadNew  RTX_CM4F.lib(rtx_thread.o)
    0x08001d00   0x08001d00   0x000001f8   Code   RO            6    i.DCMI_DMA_init     camera.o
    0x08001ef8   0x08001ef8   0x00000034   Code   RO         1456    i.DMA_CalcBaseAndBitshift  stm32f4xx_hal_dma.o
    0x08001f2c   0x08001f2c   0x000000aa   Code   RO         1457    i.DMA_CheckFifoParam  stm32f4xx_hal_dma.o
    0x08001fd6   0x08001fd6   0x0000002c   Code   RO         1458    i.DMA_SetConfig     stm32f4xx_hal_dma.o
    0x08002002   0x08002002   0x00000002   PAD
    0x08002004   0x08002004   0x0000009c   Code   RO          559    i.Disable_SPI_Clock  spi_stm32f4xx.o
    0x080020a0   0x080020a0   0x000001d8   Code   RO          388    i.Enable_GPIO_Clock  i2c_stm32f4xx.o
    0x08002278   0x08002278   0x000001d8   Code   RO          560    i.Enable_GPIO_Clock  spi_stm32f4xx.o
    0x08002450   0x08002450   0x0000010c   Code   RO          561    i.Enable_SPI_Clock  spi_stm32f4xx.o
    0x0800255c   0x0800255c   0x00000004   Code   RO          204    i.Error_Handler     main.o
    0x08002560   0x08002560   0x00000092   Code   RO         1432    i.HAL_DCMI_Init     stm32f4xx_hal_dcmi_ex.o
    0x080025f2   0x080025f2   0x00000002   Code   RO         1305    i.HAL_DCMI_MspInit  stm32f4xx_hal_dcmi.o
    0x080025f4   0x080025f4   0x000000ac   Code   RO         1459    i.HAL_DMA_Abort     stm32f4xx_hal_dma.o
    0x080026a0   0x080026a0   0x00000028   Code   RO         1460    i.HAL_DMA_Abort_IT  stm32f4xx_hal_dma.o
    0x080026c8   0x080026c8   0x000000ec   Code   RO         1465    i.HAL_DMA_Init      stm32f4xx_hal_dma.o
    0x080027b4   0x080027b4   0x00000092   Code   RO         1469    i.HAL_DMA_Start_IT  stm32f4xx_hal_dma.o
    0x08002846   0x08002846   0x00000002   PAD
    0x08002848   0x08002848   0x00000028   Code   RO          959    i.HAL_Delay         stm32f4xx_hal.o
    0x08002870   0x08002870   0x00000184   Code   RO         1603    i.HAL_GPIO_DeInit   stm32f4xx_hal_gpio.o
    0x080029f4   0x080029f4   0x00000210   Code   RO         1606    i.HAL_GPIO_Init     stm32f4xx_hal_gpio.o
    0x08002c04   0x08002c04   0x00000010   Code   RO         1608    i.HAL_GPIO_ReadPin  stm32f4xx_hal_gpio.o
    0x08002c14   0x08002c14   0x0000000c   Code   RO         1610    i.HAL_GPIO_WritePin  stm32f4xx_hal_gpio.o
    0x08002c20   0x08002c20   0x0000000c   Code   RO          966    i.HAL_GetREVID      stm32f4xx_hal.o
    0x08002c2c   0x08002c2c   0x0000004c   Code   RO          205    i.HAL_GetTick       main.o
    0x08002c78   0x08002c78   0x00000030   Code   RO          974    i.HAL_Init          stm32f4xx_hal.o
    0x08002ca8   0x08002ca8   0x00000006   Code   RO          206    i.HAL_InitTick      main.o
    0x08002cae   0x08002cae   0x00000002   Code   RO          977    i.HAL_MspInit       stm32f4xx_hal.o
    0x08002cb0   0x08002cb0   0x00000024   Code   RO         1153    i.HAL_NVIC_ClearPendingIRQ  stm32f4xx_hal_cortex.o
    0x08002cd4   0x08002cd4   0x0000002c   Code   RO         1154    i.HAL_NVIC_DisableIRQ  stm32f4xx_hal_cortex.o
    0x08002d00   0x08002d00   0x00000028   Code   RO         1155    i.HAL_NVIC_EnableIRQ  stm32f4xx_hal_cortex.o
    0x08002d28   0x08002d28   0x00000028   Code   RO         1162    i.HAL_NVIC_SetPriorityGrouping  stm32f4xx_hal_cortex.o
    0x08002d50   0x08002d50   0x00000184   Code   RO         2364    i.HAL_RCC_ClockConfig  stm32f4xx_hal_rcc.o
    0x08002ed4   0x08002ed4   0x0000000c   Code   RO         2369    i.HAL_RCC_GetHCLKFreq  stm32f4xx_hal_rcc.o
    0x08002ee0   0x08002ee0   0x00000020   Code   RO         2371    i.HAL_RCC_GetPCLK1Freq  stm32f4xx_hal_rcc.o
    0x08002f00   0x08002f00   0x00000020   Code   RO         2372    i.HAL_RCC_GetPCLK2Freq  stm32f4xx_hal_rcc.o
    0x08002f20   0x08002f20   0x000000b0   Code   RO         2373    i.HAL_RCC_GetSysClockFreq  stm32f4xx_hal_rcc.o
    0x08002fd0   0x08002fd0   0x0000049c   Code   RO         2376    i.HAL_RCC_OscConfig  stm32f4xx_hal_rcc.o
    0x0800346c   0x0800346c   0x00000070   Code   RO         2924    i.HAL_TIM_OC_ConfigChannel  stm32f4xx_hal_tim.o
    0x080034dc   0x080034dc   0x00000066   Code   RO         2928    i.HAL_TIM_OC_Init   stm32f4xx_hal_tim.o
    0x08003542   0x08003542   0x00000002   Code   RO         2930    i.HAL_TIM_OC_MspInit  stm32f4xx_hal_tim.o
    0x08003544   0x08003544   0x0000010c   Code   RO         2955    i.HAL_TIM_PWM_Start  stm32f4xx_hal_tim.o
    0x08003650   0x08003650   0x00000018   Code   RO          389    i.I2C2_Control      i2c_stm32f4xx.o
    0x08003668   0x08003668   0x00000010   Code   RO          390    i.I2C2_ER_IRQHandler  i2c_stm32f4xx.o
    0x08003678   0x08003678   0x00000010   Code   RO          391    i.I2C2_EV_IRQHandler  i2c_stm32f4xx.o
    0x08003688   0x08003688   0x00000010   Code   RO          392    i.I2C2_GetDataCount  i2c_stm32f4xx.o
    0x08003698   0x08003698   0x00000010   Code   RO          393    i.I2C2_GetStatus    i2c_stm32f4xx.o
    0x080036a8   0x080036a8   0x00000014   Code   RO          394    i.I2C2_Initialize   i2c_stm32f4xx.o
    0x080036bc   0x080036bc   0x00000020   Code   RO          395    i.I2C2_MasterReceive  i2c_stm32f4xx.o
    0x080036dc   0x080036dc   0x00000020   Code   RO          396    i.I2C2_MasterTransmit  i2c_stm32f4xx.o
    0x080036fc   0x080036fc   0x00000014   Code   RO          397    i.I2C2_PowerControl  i2c_stm32f4xx.o
    0x08003710   0x08003710   0x00000018   Code   RO          398    i.I2C2_SlaveReceive  i2c_stm32f4xx.o
    0x08003728   0x08003728   0x00000018   Code   RO          399    i.I2C2_SlaveTransmit  i2c_stm32f4xx.o
    0x08003740   0x08003740   0x00000010   Code   RO          400    i.I2C2_Uninitialize  i2c_stm32f4xx.o
    0x08003750   0x08003750   0x0000000c   Code   RO          401    i.I2CX_GetCapabilities  i2c_stm32f4xx.o
    0x0800375c   0x0800375c   0x00000010   Code   RO          402    i.I2CX_GetVersion   i2c_stm32f4xx.o
    0x0800376c   0x0800376c   0x0000034c   Code   RO          403    i.I2C_Control       i2c_stm32f4xx.o
    0x08003ab8   0x08003ab8   0x00000206   Code   RO          404    i.I2C_ER_IRQHandler  i2c_stm32f4xx.o
    0x08003cbe   0x08003cbe   0x000006bc   Code   RO          405    i.I2C_EV_IRQHandler  i2c_stm32f4xx.o
    0x0800437a   0x0800437a   0x00000034   Code   RO          406    i.I2C_GetDataCount  i2c_stm32f4xx.o
    0x080043ae   0x080043ae   0x00000008   Code   RO          407    i.I2C_GetStatus     i2c_stm32f4xx.o
    0x080043b6   0x080043b6   0x00000002   PAD
    0x080043b8   0x080043b8   0x00000034   Code   RO            7    i.I2C_Init          camera.o
    0x080043ec   0x080043ec   0x000001c0   Code   RO          408    i.I2C_Initialize    i2c_stm32f4xx.o
    0x080045ac   0x080045ac   0x00000144   Code   RO          409    i.I2C_MasterReceive  i2c_stm32f4xx.o
    0x080046f0   0x080046f0   0x0000012a   Code   RO          410    i.I2C_MasterTransmit  i2c_stm32f4xx.o
    0x0800481a   0x0800481a   0x00000002   PAD
    0x0800481c   0x0800481c   0x000002fc   Code   RO          411    i.I2C_PowerControl  i2c_stm32f4xx.o
    0x08004b18   0x08004b18   0x00000088   Code   RO          412    i.I2C_SlaveReceive  i2c_stm32f4xx.o
    0x08004ba0   0x08004ba0   0x00000088   Code   RO          413    i.I2C_SlaveTransmit  i2c_stm32f4xx.o
    0x08004c28   0x08004c28   0x00000034   Code   RO          414    i.I2C_Uninitialize  i2c_stm32f4xx.o
    0x08004c5c   0x08004c5c   0x00000024   Code   RO            8    i.Init_MsgQueue_camera  camera.o
    0x08004c80   0x08004c80   0x00000018   Code   RO          562    i.SPI1_Control      spi_stm32f4xx.o
    0x08004c98   0x08004c98   0x00000010   Code   RO          563    i.SPI1_GetDataCount  spi_stm32f4xx.o
    0x08004ca8   0x08004ca8   0x00000010   Code   RO          564    i.SPI1_GetStatus    spi_stm32f4xx.o
    0x08004cb8   0x08004cb8   0x00000010   Code   RO          565    i.SPI1_IRQHandler   spi_stm32f4xx.o
    0x08004cc8   0x08004cc8   0x00000014   Code   RO          566    i.SPI1_Initialize   spi_stm32f4xx.o
    0x08004cdc   0x08004cdc   0x00000014   Code   RO          567    i.SPI1_PowerControl  spi_stm32f4xx.o
    0x08004cf0   0x08004cf0   0x00000018   Code   RO          568    i.SPI1_Receive      spi_stm32f4xx.o
    0x08004d08   0x08004d08   0x00000018   Code   RO          569    i.SPI1_Send         spi_stm32f4xx.o
    0x08004d20   0x08004d20   0x0000001c   Code   RO          570    i.SPI1_Transfer     spi_stm32f4xx.o
    0x08004d3c   0x08004d3c   0x00000010   Code   RO          571    i.SPI1_Uninitialize  spi_stm32f4xx.o
    0x08004d4c   0x08004d4c   0x0000000c   Code   RO          572    i.SPIX_GetCapabilities  spi_stm32f4xx.o
    0x08004d58   0x08004d58   0x00000010   Code   RO          573    i.SPIX_GetVersion   spi_stm32f4xx.o
    0x08004d68   0x08004d68   0x000005de   Code   RO          574    i.SPI_Control       spi_stm32f4xx.o
    0x08005346   0x08005346   0x00000008   Code   RO          575    i.SPI_GetDataCount  spi_stm32f4xx.o
    0x0800534e   0x0800534e   0x0000002c   Code   RO          576    i.SPI_GetStatus     spi_stm32f4xx.o
    0x0800537a   0x0800537a   0x00000112   Code   RO          577    i.SPI_IRQHandler    spi_stm32f4xx.o
    0x0800548c   0x0800548c   0x000000d4   Code   RO          578    i.SPI_Initialize    spi_stm32f4xx.o
    0x08005560   0x08005560   0x00000124   Code   RO          579    i.SPI_PeripheralReset  spi_stm32f4xx.o
    0x08005684   0x08005684   0x0000010c   Code   RO          580    i.SPI_PowerControl  spi_stm32f4xx.o
    0x08005790   0x08005790   0x00000094   Code   RO          581    i.SPI_Receive       spi_stm32f4xx.o
    0x08005824   0x08005824   0x00000058   Code   RO          582    i.SPI_RxData        spi_stm32f4xx.o
    0x0800587c   0x0800587c   0x00000094   Code   RO          583    i.SPI_Send          spi_stm32f4xx.o
    0x08005910   0x08005910   0x00000082   Code   RO          584    i.SPI_Transfer      spi_stm32f4xx.o
    0x08005992   0x08005992   0x00000054   Code   RO          585    i.SPI_TxData        spi_stm32f4xx.o
    0x080059e6   0x080059e6   0x00000066   Code   RO          586    i.SPI_Uninitialize  spi_stm32f4xx.o
    0x08005a4c   0x08005a4c   0x000000c0   Code   RO          207    i.SystemClock_Config  main.o
    0x08005b0c   0x08005b0c   0x000000c0   Code   RO         3864    i.SystemCoreClockUpdate  system_stm32f4xx.o
    0x08005bcc   0x08005bcc   0x0000001c   Code   RO         3865    i.SystemInit        system_stm32f4xx.o
    0x08005be8   0x08005be8   0x000000d8   Code   RO         2968    i.TIM_Base_SetConfig  stm32f4xx_hal_tim.o
    0x08005cc0   0x08005cc0   0x00000022   Code   RO         2969    i.TIM_CCxChannelCmd  stm32f4xx_hal_tim.o
    0x08005ce2   0x08005ce2   0x00000002   PAD
    0x08005ce4   0x08005ce4   0x00000070   Code   RO         2981    i.TIM_OC1_SetConfig  stm32f4xx_hal_tim.o
    0x08005d54   0x08005d54   0x0000007c   Code   RO         2982    i.TIM_OC2_SetConfig  stm32f4xx_hal_tim.o
    0x08005dd0   0x08005dd0   0x00000078   Code   RO         2983    i.TIM_OC3_SetConfig  stm32f4xx_hal_tim.o
    0x08005e48   0x08005e48   0x00000054   Code   RO         2984    i.TIM_OC4_SetConfig  stm32f4xx_hal_tim.o
    0x08005e9c   0x08005e9c   0x00000018   Code   RO            9    i.Th_camera         camera.o
    0x08005eb4   0x08005eb4   0x000000a4   Code   RO           10    i.TimerXLK_Init     camera.o
    0x08005f58   0x08005f58   0x00000016   Code   RO          261    i._mutex_acquire    rtx_lib.o
    0x08005f6e   0x08005f6e   0x0000000c   Code   RO          262    i._mutex_free       rtx_lib.o
    0x08005f7a   0x08005f7a   0x00000022   Code   RO          263    i._mutex_initialize  rtx_lib.o
    0x08005f9c   0x08005f9c   0x00000012   Code   RO          264    i._mutex_release    rtx_lib.o
    0x08005fae   0x08005fae   0x00000008   Code   RO          265    i._platform_post_stackheap_init  rtx_lib.o
    0x08005fb6   0x08005fb6   0x00000002   PAD
    0x08005fb8   0x08005fb8   0x0000002c   Code   RO           12    i.init_Th_camera    camera.o
    0x08005fe4   0x08005fe4   0x0000001c   Code   RO          208    i.main              main.o
    0x08006000   0x08006000   0x00000020   Code   RO          354    i.osRtxErrorNotify  rtx_config.o
    0x08006020   0x08006020   0x00000004   Code   RO          355    i.osRtxIdleThread   rtx_config.o
    0x08006024   0x08006024   0x00000020   Code   RO          266    i.os_kernel_is_active  rtx_lib.o
    0x08006044   0x08006044   0x0000000a   Code   RO         4507    x$fpl$fpinit        fz_wm.l(fpinit.o)
    0x0800604e   0x0800604e   0x00000002   PAD
    0x08006050   0x08006050   0x00000068   Data   RO          274    .constdata          rtx_lib.o
    0x080060b8   0x080060b8   0x00000068   Data   RO          416    .constdata          i2c_stm32f4xx.o
    0x08006120   0x08006120   0x00000090   Data   RO          588    .constdata          spi_stm32f4xx.o
    0x080061b0   0x080061b0   0x00000018   Data   RO          752    .constdata          eventrecorder.o
    0x080061c8   0x080061c8   0x00000008   Data   RO         1471    .constdata          stm32f4xx_hal_dma.o
    0x080061d0   0x080061d0   0x00000018   Data   RO         3866    .constdata          system_stm32f4xx.o
    0x080061e8   0x080061e8   0x000000a8   Data   RO          276    .rodata             rtx_lib.o
    0x08006290   0x08006290   0x00000001   Data   RO         4271    .rodata             RTX_CM4F.lib(irq_armv7m.o)
    0x08006291   0x08006291   0x00000003   PAD
    0x08006294   0x08006294   0x0000000b   Data   RO         3961    .rodata.str1.4      RTX_CM4F.lib(rtx_kernel.o)
    0x0800629f   0x0800629f   0x00000001   PAD
    0x080062a0   0x080062a0   0x00000020   Data   RO         4565    Region$$Table       anon$$obj.o


    Execution Region RW_IRAM1 (Exec base: 0x20000000, Load base: 0x080062c0, Size: 0x00009ea8, Max: 0x00030000, ABSOLUTE, COMPRESSED[0x00000124])

    Exec Addr    Load Addr    Size         Type   Attr      Idx    E Section Name        Object

    0x20000000   COMPRESSED   0x00008040   Data   RW          267    .bss.os             rtx_lib.o
    0x20008040   COMPRESSED   0x00000034   Data   RW          269    .bss.os.msgqueue.cb  rtx_lib.o
    0x20008074   COMPRESSED   0x00000050   Data   RW          270    .bss.os.msgqueue.mem  rtx_lib.o
    0x200080c4   COMPRESSED   0x00000088   Data   RW          271    .bss.os.thread.cb   rtx_lib.o
    0x2000814c   COMPRESSED   0x00000004   PAD
    0x20008150   COMPRESSED   0x00000200   Data   RW          272    .bss.os.thread.idle.stack  rtx_lib.o
    0x20008350   COMPRESSED   0x00000200   Data   RW          273    .bss.os.thread.timer.stack  rtx_lib.o
    0x20008550   COMPRESSED   0x0000000c   Data   RW           14    .data               camera.o
    0x2000855c   COMPRESSED   0x00000004   Data   RW          209    .data               main.o
    0x20008560   COMPRESSED   0x00000001   Data   RW          275    .data               rtx_lib.o
    0x20008561   COMPRESSED   0x00000003   PAD
    0x20008564   COMPRESSED   0x00000009   Data   RW          981    .data               stm32f4xx_hal.o
    0x2000856d   COMPRESSED   0x00000003   PAD
    0x20008570   COMPRESSED   0x00000004   Data   RW         3867    .data               system_stm32f4xx.o
    0x20008574   COMPRESSED   0x000000a4   Data   RW         3962    .data.os            RTX_CM4F.lib(rtx_kernel.o)
    0x20008618        -       0x00000104   Zero   RW           13    .bss                camera.o
    0x2000871c        -       0x00000028   Zero   RW          415    .bss                i2c_stm32f4xx.o
    0x20008744        -       0x0000002c   Zero   RW          587    .bss                spi_stm32f4xx.o
    0x20008770        -       0x00000060   Zero   RW         4437    .bss                c_w.l(libspace.o)
    0x200087d0   COMPRESSED   0x00000030   PAD
    0x20008800        -       0x000010a4   Zero   RW          751    .bss.noinit         eventrecorder.o
    0x200098a4        -       0x00000001   Zero   RW         4376    .bss.os             RTX_CM4F.lib(os_systick.o)
    0x200098a5   COMPRESSED   0x00000003   PAD
    0x200098a8        -       0x00000200   Zero   RW         3855    HEAP                startup_stm32f429xx.o
    0x20009aa8        -       0x00000400   Zero   RW         3854    STACK               startup_stm32f429xx.o


==============================================================================

Image component sizes


      Code (inc. data)   RO Data    RW Data    ZI Data      Debug   Object Name

       824         74          0         12        260     759727   camera.o
         0          0         24          0       4260       4144   eventrecorder.o
      6060        174        104          0         40      26256   i2c_stm32f4xx.o
       306         24          0          4          0       6792   main.o
        36          6          0          0          0       1093   rtx_config.o
       126          4        272      34125          0      13142   rtx_lib.o
      4428        210        144          0         44      59667   spi_stm32f4xx.o
        64         26        428          0       1536        880   startup_stm32f429xx.o
       102         12          0          9          0       9331   stm32f4xx_hal.o
       160         20          0          0          0      33460   stm32f4xx_hal_cortex.o
         2          0          0          0          0       1111   stm32f4xx_hal_dcmi.o
       146          0          0          0          0       1228   stm32f4xx_hal_dcmi_ex.o
       860         10          8          0          0       6625   stm32f4xx_hal_dma.o
       944        102          0          0          0       4065   stm32f4xx_hal_gpio.o
      1820         84          0          0          0       6144   stm32f4xx_hal_rcc.o
      1174        112          0          0          0       8715   stm32f4xx_hal_tim.o
       220         26         24          4          0       2043   system_stm32f4xx.o

    ----------------------------------------------------------------------
     17284        884       1036      34164       6140     944423   Object Totals
         0          0         32          0          0          0   (incl. Generated)
        12          0          0         10          0          0   (incl. Padding)

    ----------------------------------------------------------------------

      Code (inc. data)   RO Data    RW Data    ZI Data      Debug   Library Member Name

       200         12          1          0          0        634   irq_armv7m.o
       126         32          0          0          1       3200   os_systick.o
        58          4          0          0          0       2791   rtx_delay.o
       608         60         11        164          0      16501   rtx_kernel.o
       228          0          0          0          0       2537   rtx_memory.o
       188          0          0          0          0      16008   rtx_mempool.o
      1354         36          0          0          0      18657   rtx_msgqueue.o
       886         32          0          0          0       9962   rtx_mutex.o
       376         26          0          0          0       5296   rtx_system.o
      1674         84          0          0          0      31847   rtx_thread.o
       248         16          0          0          0      10397   rtx_timer.o
        90          0          0          0          0          0   __dczerorl2.o
         8          0          0          0          0         68   __main.o
         0          0          0          0          0          0   __rtentry.o
        20          0          0          0          0          0   __rtentry2.o
         6          0          0          0          0          0   __rtentry4.o
        52          8          0          0          0          0   __scatter.o
        28          0          0          0          0          0   __scatter_zi.o
        18          0          0          0          0         80   exit.o
         6          0          0          0          0        152   heapauxi.o
         0          0          0          0          0          0   indicate_semi.o
         2          0          0          0          0          0   libinit.o
         6          0          0          0          0          0   libinit2.o
         2          0          0          0          0          0   libshutdown.o
         2          0          0          0          0          0   libshutdown2.o
         8          4          0          0         96         68   libspace.o
       238          0          0          0          0        100   lludivv7m.o
        68          0          0          0          0         68   rt_memclr.o
        78          0          0          0          0         80   rt_memclr_w.o
       138          0          0          0          0         68   rt_memcpy_v6.o
       100          0          0          0          0         80   rt_memcpy_w.o
         2          0          0          0          0          0   rtexit.o
        10          0          0          0          0          0   rtexit2.o
        12          4          0          0          0         68   sys_exit.o
        74          0          0          0          0         80   sys_stackheap_outer.o
         2          0          0          0          0         68   use_no_semi.o
        10          0          0          0          0        116   fpinit.o

    ----------------------------------------------------------------------
      6944        318         16        164        148     118926   Library Totals
        18          0          4          0         51          0   (incl. Padding)

    ----------------------------------------------------------------------

      Code (inc. data)   RO Data    RW Data    ZI Data      Debug   Library Name

      5946        302         12        164          1     117830   RTX_CM4F.lib
       970         16          0          0         96        980   c_w.l
        10          0          0          0          0        116   fz_wm.l

    ----------------------------------------------------------------------
      6944        318         16        164        148     118926   Library Totals

    ----------------------------------------------------------------------

==============================================================================


      Code (inc. data)   RO Data    RW Data    ZI Data      Debug   

     24228       1202       1052      34328       6288    1051989   Grand Totals
     24228       1202       1052        292       6288    1051989   ELF Image Totals (compressed)
     24228       1202       1052        292          0          0   ROM Totals

==============================================================================

    Total RO  Size (Code + RO Data)                25280 (  24.69kB)
    Total RW  Size (RW Data + ZI Data)             40616 (  39.66kB)
    Total ROM Size (Code + RO Data + RW Data)      25572 (  24.97kB)

==============================================================================

