Component: ARM Compiler 5.06 update 7 (build 960) Tool: armlink [4d3601]

==============================================================================

Section Cross References

    camera.o(i.Camera_Read) refers to camera.o(.data) for I2C2drv
    camera.o(i.I2C_Init) refers to camera.o(.data) for I2C2drv
    camera.o(i.I2C_Init) refers to camera.o(i.I2C_callback) for I2C_callback
    camera.o(i.I2C_callback) refers to rtx_thread.o(.text.osThreadFlagsSet) for osThreadFlagsSet
    camera.o(i.I2C_callback) refers to camera.o(.data) for id_Th_camera
    camera.o(i.Init_MsgQueue_camera) refers to rtx_msgqueue.o(.text.osMessageQueueNew) for osMessageQueueNew
    camera.o(i.Init_MsgQueue_camera) refers to camera.o(.data) for id_MsgQueue_camera
    camera.o(i.Th_camera) refers to camera.o(i.I2C_Init) for I2C_Init
    camera.o(i.Th_camera) refers to rtx_delay.o(.text.osDelay) for osDelay
    camera.o(i.Th_camera) refers to camera.o(i.test_dir) for test_dir
    camera.o(i.get_id_MsgQueue_camera) refers to camera.o(.data) for id_MsgQueue_camera
    camera.o(i.init_Th_camera) refers to rtx_thread.o(.text.osThreadNew) for osThreadNew
    camera.o(i.init_Th_camera) refers to camera.o(i.Init_MsgQueue_camera) for Init_MsgQueue_camera
    camera.o(i.init_Th_camera) refers to camera.o(i.Th_camera) for Th_camera
    camera.o(i.init_Th_camera) refers to camera.o(.data) for id_Th_camera
    camera.o(i.test_dir) refers to _printf_pad.o(.text) for _printf_pre_padding
    camera.o(i.test_dir) refers to _printf_percent.o(.ARM.Collect$$_printf_percent$$00000000) for _printf_percent
    camera.o(i.test_dir) refers to _printf_d.o(.ARM.Collect$$_printf_percent$$00000009) for _printf_d
    camera.o(i.test_dir) refers to _printf_x.o(.ARM.Collect$$_printf_percent$$0000000C) for _printf_x
    camera.o(i.test_dir) refers to _printf_dec.o(.text) for _printf_int_dec
    camera.o(i.test_dir) refers to _printf_hex_int.o(.text) for _printf_longlong_hex
    camera.o(i.test_dir) refers to rtx_thread.o(.text.osThreadFlagsWait) for osThreadFlagsWait
    camera.o(i.test_dir) refers to noretval__2printf.o(.text) for __2printf
    camera.o(i.test_dir) refers to rtx_delay.o(.text.osDelay) for osDelay
    camera.o(i.test_dir) refers to camera.o(.data) for I2C2drv
    camera.o(.data) refers to i2c_stm32f4xx.o(.constdata) for Driver_I2C2
    main.o(i.HAL_GetTick) refers to rtx_kernel.o(.text.osKernelGetState) for osKernelGetState
    main.o(i.HAL_GetTick) refers to rtx_kernel.o(.text.osKernelGetTickCount) for osKernelGetTickCount
    main.o(i.HAL_GetTick) refers to system_stm32f4xx.o(.data) for SystemCoreClock
    main.o(i.HAL_GetTick) refers to main.o(.data) for ticks
    main.o(i.SystemClock_Config) refers to stm32f4xx_hal_rcc.o(i.HAL_RCC_OscConfig) for HAL_RCC_OscConfig
    main.o(i.SystemClock_Config) refers to main.o(i.Error_Handler) for Error_Handler
    main.o(i.SystemClock_Config) refers to stm32f4xx_hal_rcc.o(i.HAL_RCC_ClockConfig) for HAL_RCC_ClockConfig
    main.o(i.SystemClock_Config) refers to stm32f4xx_hal.o(i.HAL_GetREVID) for HAL_GetREVID
    main.o(i.Th_test) refers to rtx_delay.o(.text.osDelay) for osDelay
    main.o(i.init_Th_test) refers to rtx_thread.o(.text.osThreadNew) for osThreadNew
    main.o(i.init_Th_test) refers to main.o(i.Th_test) for Th_test
    main.o(i.init_Th_test) refers to main.o(.data) for id_Th_test
    main.o(i.main) refers to stm32f4xx_hal.o(i.HAL_Init) for HAL_Init
    main.o(i.main) refers to main.o(i.SystemClock_Config) for SystemClock_Config
    main.o(i.main) refers to system_stm32f4xx.o(i.SystemCoreClockUpdate) for SystemCoreClockUpdate
    main.o(i.main) refers to rtx_kernel.o(.text.osKernelInitialize) for osKernelInitialize
    main.o(i.main) refers to camera.o(i.init_Th_camera) for init_Th_camera
    main.o(i.main) refers to rtx_kernel.o(.text.osKernelStart) for osKernelStart
    rtx_lib.o(i.__user_perthread_libspace) refers to rtx_lib.o(i.os_kernel_is_active) for os_kernel_is_active
    rtx_lib.o(i.__user_perthread_libspace) refers to rtx_thread.o(.text.osThreadGetId) for osThreadGetId
    rtx_lib.o(i.__user_perthread_libspace) refers to rtx_kernel.o(.text.osRtxKernelErrorNotify) for osRtxKernelErrorNotify
    rtx_lib.o(i.__user_perthread_libspace) refers to rtx_lib.o(.bss.os.libspace) for os_libspace_id
    rtx_lib.o(i._mutex_acquire) refers to rtx_lib.o(i.os_kernel_is_active) for os_kernel_is_active
    rtx_lib.o(i._mutex_acquire) refers to rtx_mutex.o(.text.osMutexAcquire) for osMutexAcquire
    rtx_lib.o(i._mutex_free) refers to rtx_mutex.o(.text.osMutexDelete) for osMutexDelete
    rtx_lib.o(i._mutex_initialize) refers to rtx_mutex.o(.text.osMutexNew) for osMutexNew
    rtx_lib.o(i._mutex_initialize) refers to rtx_kernel.o(.text.osRtxKernelErrorNotify) for osRtxKernelErrorNotify
    rtx_lib.o(i._mutex_release) refers to rtx_lib.o(i.os_kernel_is_active) for os_kernel_is_active
    rtx_lib.o(i._mutex_release) refers to rtx_mutex.o(.text.osMutexRelease) for osMutexRelease
[...]
    os_idle_thread_cb                        0x200082b4   Data          68  rtx_lib.o(.bss.os.thread.cb)
    os_timer_thread_cb                       0x200082f8   Data          68  rtx_lib.o(.bss.os.thread.cb)
    .bss.os.thread.idle.stack                0x20008340   Section      512  rtx_lib.o(.bss.os.thread.idle.stack)
    os_idle_thread_stack                     0x20008340   Data         512  rtx_lib.o(.bss.os.thread.idle.stack)
    .bss.os.thread.timer.stack               0x20008540   Section      512  rtx_lib.o(.bss.os.thread.timer.stack)
    os_timer_thread_stack                    0x20008540   Data         512  rtx_lib.o(.bss.os.thread.timer.stack)
    .data                                    0x20008740   Section       12  camera.o(.data)
    I2C2drv                                  0x20008740   Data           4  camera.o(.data)
    id_Th_camera                             0x20008744   Data           4  camera.o(.data)
    id_MsgQueue_camera                       0x20008748   Data           4  camera.o(.data)
    .data                                    0x2000874c   Section        8  main.o(.data)
    id_Th_test                               0x2000874c   Data           4  main.o(.data)
    ticks                                    0x20008750   Data           4  main.o(.data)
    .data                                    0x20008754   Section        1  rtx_lib.o(.data)
    os_kernel_active                         0x20008754   Data           1  rtx_lib.o(.data)
    .data                                    0x20008758   Section        9  stm32f4xx_hal.o(.data)
    .data                                    0x20008764   Section        4  system_stm32f4xx.o(.data)
    .data                                    0x20008768   Section        4  stdio_streams.o(.data)
    .data                                    0x2000876c   Section        4  stdio_streams.o(.data)
    .data                                    0x20008770   Section        4  stdio_streams.o(.data)
    .data                                    0x20008774   Section        4  streamlock.o(.data)
    .bss                                     0x2000881c   Section       40  i2c_stm32f4xx.o(.bss)
    I2C2_Info                                0x2000881c   Data          40  i2c_stm32f4xx.o(.bss)
    .bss                                     0x20008844   Section       84  stdio_streams.o(.bss)
    .bss                                     0x20008898   Section       84  stdio_streams.o(.bss)
    .bss                                     0x200088ec   Section       84  stdio_streams.o(.bss)
    .bss                                     0x20008940   Section       96  libspace.o(.bss)
    .bss.noinit                              0x200089c0   Section     4260  eventrecorder.o(.bss.noinit)
    EventBuffer                              0x200089c0   Data        4096  eventrecorder.o(.bss.noinit)
    EventFilter                              0x200099c0   Data         128  eventrecorder.o(.bss.noinit)
    EventStatus                              0x20009a40   Data          36  eventrecorder.o(.bss.noinit)
    [Anonymous Symbol]                       0x20009a64   Section        0  os_systick.o(.bss.os)
    PendST                                   0x20009a64   Data           1  os_systick.o(.bss.os)
    HEAP                                     0x20009a68   Section      512  startup_stm32f429xx.o(HEAP)
    Heap_Mem                                 0x20009a68   Data         512  startup_stm32f429xx.o(HEAP)
    STACK                                    0x20009c68   Section     1024  startup_stm32f429xx.o(STACK)
    Stack_Mem                                0x20009c68   Data        1024  startup_stm32f429xx.o(STACK)
    __initial_sp                             0x2000a068   Data           0  startup_stm32f429xx.o(STACK)
    FPCCR                                    0xe000ef34   Number         0  irq_armv7m.o ABSOLUTE

    Global Symbols

    Symbol Name                              Value     Ov Type        Size  Object(Section)

    BuildAttributes$$THM_ISAv4$E$P$D$K$B$S$7EM$PE$A:L22UL41UL21$X:L11$S22US41US21$IEEE1$IW$USESV6$~STKCKD$USESV7$~SHL$OTIME$ROPI$EBA8$UX$STANDARDLIB$REQ8$PRES8$EABIv2 0x00000000   Number         0  anon$$obj.o ABSOLUTE
    __ARM_use_no_argv                        0x00000000   Number         0  main.o ABSOLUTE
    _printf_flags                            0x00000000   Number         0  printf_stubs.o ABSOLUTE
    _printf_return_value                     0x00000000   Number         0  printf_stubs.o ABSOLUTE
    _printf_sizespec                         0x00000000   Number         0  printf_stubs.o ABSOLUTE
    _printf_widthprec                        0x00000000   Number         0  printf_stubs.o ABSOLUTE
    .bss.os.evflags.cb$$Base                  - Undefined Weak Reference
    .bss.os.evflags.cb$$Limit                 - Undefined Weak Reference
    .bss.os.mempool.cb$$Base                  - Undefined Weak Reference
    .bss.os.mempool.cb$$Limit                 - Undefined Weak Reference
    .bss.os.mutex.cb$$Base                    - Undefined Weak Reference
    .bss.os.mutex.cb$$Limit                   - Undefined Weak Reference
    .bss.os.semaphore.cb$$Base                - Undefined Weak Reference
    .bss.os.semaphore.cb$$Limit               - Undefined Weak Reference
    .bss.os.timer.cb$$Base                    - Undefined Weak Reference
    .bss.os.timer.cb$$Limit                   - Undefined Weak Reference
    __ARM_exceptions_init                     - Undefined Weak Reference
    __alloca_initialize                       - Undefined Weak Reference
    __arm_fini_                               - Undefined Weak Reference
    __arm_preinit_                            - Undefined Weak Reference
    __cpp_initialize__aeabi_                  - Undefined Weak Reference
    __cxa_finalize                            - Undefined Weak Reference
    __rt_locale                               - Undefined Weak Reference
    __sigvec_lookup                           - Undefined Weak Reference
    __user_heap_extent                        - Undefined Weak Reference
    _atexit_init                              - Undefined Weak Reference
    _call_atexit_fns                          - Undefined Weak Reference
    _clock_init                               - Undefined Weak Reference
    _fp_trap_init                             - Undefined Weak Reference
    _fp_trap_shutdown                         - Undefined Weak Reference
    _get_lc_collate                           - Undefined Weak Reference
    _get_lc_ctype                             - Undefined Weak Reference
    _get_lc_monetary                          - Undefined Weak Reference
    _get_lc_numeric                           - Undefined Weak Reference
    _get_lc_time                              - Undefined Weak Reference
    _getenv_init                              - Undefined Weak Reference
    _handle_redirection                       - Undefined Weak Reference
    _printf_truncate_signed                   - Undefined Weak Reference
    _printf_truncate_unsigned                 - Undefined Weak Reference
    _rand_init                                - Undefined Weak Reference
    _signal_finish                            - Undefined Weak Reference
    _signal_init                              - Undefined Weak Reference
    __Vectors_Size                           0x000001ac   Number         0  startup_stm32f429xx.o ABSOLUTE
    __Vectors                                0x08000000   Data           4  startup_stm32f429xx.o(RESET)
    __Vectors_End                            0x080001ac   Data           0  startup_stm32f429xx.o(RESET)
    __main                                   0x080001ad   Thumb Code     8  __main.o(!!!main)
    __scatterload                            0x080001b5   Thumb Code     0  __scatter.o(!!!scatter)
    __scatterload_rt2                        0x080001b5   Thumb Code    44  __scatter.o(!!!scatter)
    __scatterload_rt2_thumb_only             0x080001b5   Thumb Code     0  __scatter.o(!!!scatter)
    __scatterload_null                       0x080001c3   Thumb Code     0  __scatter.o(!!!scatter)
    __decompress                             0x080001e9   Thumb Code    90  __dczerorl2.o(!!dczerorl2)
    __decompress1                            0x080001e9   Thumb Code     0  __dczerorl2.o(!!dczerorl2)
    __scatterload_zeroinit                   0x08000245   Thumb Code    28  __scatter_zi.o(!!handler_zi)
    _printf_d                                0x08000261   Thumb Code     0  _printf_d.o(.ARM.Collect$$_printf_percent$$00000009)
    _printf_percent                          0x08000261   Thumb Code     0  _printf_percent.o(.ARM.Collect$$_printf_percent$$00000000)
    _printf_x                                0x08000267   Thumb Code     0  _printf_x.o(.ARM.Collect$$_printf_percent$$0000000C)
    _printf_percent_end                      0x0800026d   Thumb Code     0  _printf_percent_end.o(.ARM.Collect$$_printf_percent$$00000017)
    __rt_lib_init                            0x08000271   Thumb Code     0  libinit.o(.ARM.Collect$$libinit$$00000000)
    __rt_lib_init_fp_1                       0x08000273   Thumb Code     0  libinit2.o(.ARM.Collect$$libinit$$00000002)
    __rt_lib_init_heap_2                     0x08000273   Thumb Code     0  libinit2.o(.ARM.Collect$$libinit$$00000005)
    __rt_lib_init_preinit_1                  0x08000273   Thumb Code     0  libinit2.o(.ARM.Collect$$libinit$$00000004)
    __rt_lib_init_atexit_1                   0x0800027b   Thumb Code     0  libinit2.o(.ARM.Collect$$libinit$$0000001B)
    __rt_lib_init_clock_1                    0x0800027b   Thumb Code     0  libinit2.o(.ARM.Collect$$libinit$$00000021)
    __rt_lib_init_fp_trap_1                  0x0800027b   Thumb Code     0  libinit2.o(.ARM.Collect$$libinit$$0000001F)
    __rt_lib_init_getenv_1                   0x0800027b   Thumb Code     0  libinit2.o(.ARM.Collect$$libinit$$00000023)
    __rt_lib_init_heap_1                     0x0800027b   Thumb Code     0  libinit2.o(.ARM.Collect$$libinit$$0000000A)
    __rt_lib_init_lc_collate_1               0x0800027b   Thumb Code     0  libinit2.o(.ARM.Collect$$libinit$$00000011)
    __rt_lib_init_lc_ctype_1                 0x0800027b   Thumb Code     0  libinit2.o(.ARM.Collect$$libinit$$00000013)
    __rt_lib_init_lc_monetary_1              0x0800027b   Thumb Code     0  libinit2.o(.ARM.Collect$$libinit$$00000015)
    __rt_lib_init_lc_numeric_1               0x0800027b   Thumb Code     0  libinit2.o(.ARM.Collect$$libinit$$00000017)
    __rt_lib_init_lc_time_1                  0x0800027b   Thumb Code     0  libinit2.o(.ARM.Collect$$libinit$$00000019)
    __rt_lib_init_rand_1                     0x0800027b   Thumb Code     0  libinit2.o(.ARM.Collect$$libinit$$0000000E)
    __rt_lib_init_signal_1                   0x0800027b   Thumb Code     0  libinit2.o(.ARM.Collect$$libinit$$0000001D)
    __rt_lib_init_stdio_2                    0x0800027b   Thumb Code     0  libinit2.o(.ARM.Collect$$libinit$$00000024)
    __rt_lib_init_user_alloc_1               0x0800027b   Thumb Code     0  libinit2.o(.ARM.Collect$$libinit$$0000000C)
    __rt_lib_init_alloca_1                   0x0800027f   Thumb Code     0  libinit2.o(.ARM.Collect$$libinit$$0000002E)
    __rt_lib_init_argv_1                     0x0800027f   Thumb Code     0  libinit2.o(.ARM.Collect$$libinit$$0000002C)
    __rt_lib_init_cpp_1                      0x0800027f   Thumb Code     0  libinit2.o(.ARM.Collect$$libinit$$00000032)
    __rt_lib_init_exceptions_1               0x0800027f   Thumb Code     0  libinit2.o(.ARM.Collect$$libinit$$00000030)
    __rt_lib_init_return                     0x0800027f   Thumb Code     0  libinit2.o(.ARM.Collect$$libinit$$00000033)
    __rt_lib_init_stdio_1                    0x0800027f   Thumb Code     0  libinit2.o(.ARM.Collect$$libinit$$00000025)
    __rt_lib_shutdown                        0x08000281   Thumb Code     0  libshutdown.o(.ARM.Collect$$libshutdown$$00000000)
    __rt_lib_shutdown_cpp_1                  0x08000283   Thumb Code     0  libshutdown2.o(.ARM.Collect$$libshutdown$$00000004)
    __rt_lib_shutdown_fini_1                 0x08000283   Thumb Code     0  libshutdown2.o(.ARM.Collect$$libshutdown$$00000002)
    __rt_lib_shutdown_stdio_2                0x08000283   Thumb Code     0  libshutdown2.o(.ARM.Collect$$libshutdown$$00000005)
    __rt_lib_shutdown_fp_trap_1              0x08000287   Thumb Code     0  libshutdown2.o(.ARM.Collect$$libshutdown$$00000009)
    __rt_lib_shutdown_heap_2                 0x08000287   Thumb Code     0  libshutdown2.o(.ARM.Collect$$libshutdown$$0000000F)
    __rt_lib_shutdown_signal_1               0x08000287   Thumb Code     0  libshutdown2.o(.ARM.Collect$$libshutdown$$0000000C)
    __rt_lib_shutdown_stdio_1                0x08000287   Thumb Code     0  libshutdown2.o(.ARM.Collect$$libshutdown$$00000006)
    __rt_lib_shutdown_user_alloc_1           0x08000287   Thumb Code     0  libshutdown2.o(.ARM.Collect$$libshutdown$$0000000E)
    __rt_lib_shutdown_heap_1                 0x0800028b   Thumb Code     0  libshutdown2.o(.ARM.Collect$$libshutdown$$00000011)
    __rt_lib_shutdown_return                 0x0800028b   Thumb Code     0  libshutdown2.o(.ARM.Collect$$libshutdown$$00000012)
    __rt_entry                               0x0800028d   Thumb Code     0  __rtentry.o(.ARM.Collect$$rtentry$$00000000)
    __rt_entry_presh_1                       0x0800028d   Thumb Code     0  __rtentry2.o(.ARM.Collect$$rtentry$$00000002)
    __rt_entry_sh                            0x0800028d   Thumb Code     0  __rtentry4.o(.ARM.Collect$$rtentry$$00000004)
    __rt_entry_postsh_1                      0x08000293   Thumb Code     0  __rtentry2.o(.ARM.Collect$$rtentry$$00000008)
    __rt_entry_li                            0x0800029b   Thumb Code     0  __rtentry2.o(.ARM.Collect$$rtentry$$0000000A)
    __rt_entry_main                          0x0800029f   Thumb Code     0  __rtentry2.o(.ARM.Collect$$rtentry$$0000000D)
    __rt_entry_postli_1                      0x0800029f   Thumb Code     0  __rtentry2.o(.ARM.Collect$$rtentry$$0000000C)
    __rt_exit                                0x080002a7   Thumb Code     0  rtexit.o(.ARM.Collect$$rtexit$$00000000)
    __rt_exit_ls                             0x080002a9   Thumb Code     0  rtexit2.o(.ARM.Collect$$rtexit$$00000003)
    __rt_exit_prels_1                        0x080002a9   Thumb Code     0  rtexit2.o(.ARM.Collect$$rtexit$$00000002)
    __rt_exit_exit                           0x080002ad   Thumb Code     0  rtexit2.o(.ARM.Collect$$rtexit$$00000004)
    Reset_Handler                            0x080002b5   Thumb Code     8  startup_stm32f429xx.o(.text)
    _maybe_terminate_alloc                   0x080002b5   Thumb Code     0  maybetermalloc2.o(.emb_text)
    NMI_Handler                              0x080002bd   Thumb Code     2  startup_stm32f429xx.o(.text)
    HardFault_Handler                        0x080002bf   Thumb Code     2  startup_stm32f429xx.o(.text)
    MemManage_Handler                        0x080002c1   Thumb Code     2  startup_stm32f429xx.o(.text)
    BusFault_Handler                         0x080002c3   Thumb Code     2  startup_stm32f429xx.o(.text)
    UsageFault_Handler                       0x080002c5   Thumb Code     2  startup_stm32f429xx.o(.text)
    DebugMon_Handler                         0x080002c9   Thumb Code     2  startup_stm32f429xx.o(.text)
    ADC_IRQHandler                           0x080002cf   Thumb Code     0  startup_stm32f429xx.o(.text)
    CAN1_RX0_IRQHandler                      0x080002cf   Thumb Code     0  startup_stm32f429xx.o(.text)
    CAN1_RX1_IRQHandler                      0x080002cf   Thumb Code     0  startup_stm32f429xx.o(.text)
    CAN1_SCE_IRQHandler                      0x080002cf   Thumb Code     0  startup_stm32f429xx.o(.text)
    CAN1_TX_IRQHandler                       0x080002cf   Thumb Code     0  startup_stm32f429xx.o(.text)
    CAN2_RX0_IRQHandler                      0x080002cf   Thumb Code     0  startup_stm32f429xx.o(.text)
    CAN2_RX1_IRQHandler                      0x080002cf   Thumb Code     0  startup_stm32f429xx.o(.text)
    CAN2_SCE_IRQHandler                      0x080002cf   Thumb Code     0  startup_stm32f429xx.o(.text)
    CAN2_TX_IRQHandler                       0x080002cf   Thumb Code     0  startup_stm32f429xx.o(.text)
    DCMI_IRQHandler                          0x080002cf   Thumb Code     0  startup_stm32f429xx.o(.text)
    DMA1_Stream0_IRQHandler                  0x080002cf   Thumb Code     0  startup_stm32f429xx.o(.text)
    DMA1_Stream1_IRQHandler                  0x080002cf   Thumb Code     0  startup_stm32f429xx.o(.text)
    DMA1_Stream2_IRQHandler                  0x080002cf   Thumb Code     0  startup_stm32f429xx.o(.text)
    DMA1_Stream3_IRQHandler                  0x080002cf   Thumb Code     0  startup_stm32f429xx.o(.text)
    DMA1_Stream4_IRQHandler                  0x080002cf   Thumb Code     0  startup_stm32f429xx.o(.text)
    DMA1_Stream5_IRQHandler                  0x080002cf   Thumb Code     0  startup_stm32f429xx.o(.text)
    DMA1_Stream6_IRQHandler                  0x080002cf   Thumb Code     0  startup_stm32f429xx.o(.text)
    DMA1_Stream7_IRQHandler                  0x080002cf   Thumb Code     0  startup_stm32f429xx.o(.text)
    DMA2D_IRQHandler                         0x080002cf   Thumb Code     0  startup_stm32f429xx.o(.text)
    DMA2_Stream0_IRQHandler                  0x080002cf   Thumb Code     0  startup_stm32f429xx.o(.text)
    DMA2_Stream1_IRQHandler                  0x080002cf   Thumb Code     0  startup_stm32f429xx.o(.text)
    DMA2_Stream2_IRQHandler                  0x080002cf   Thumb Code     0  startup_stm32f429xx.o(.text)
    DMA2_Stream3_IRQHandler                  0x080002cf   Thumb Code     0  startup_stm32f429xx.o(.text)
    DMA2_Stream4_IRQHandler                  0x080002cf   Thumb Code     0  startup_stm32f429xx.o(.text)
    DMA2_Stream5_IRQHandler                  0x080002cf   Thumb Code     0  startup_stm32f429xx.o(.text)
    DMA2_Stream6_IRQHandler                  0x080002cf   Thumb Code     0  startup_stm32f429xx.o(.text)
    DMA2_Stream7_IRQHandler                  0x080002cf   Thumb Code     0  startup_stm32f429xx.o(.text)
    ETH_IRQHandler                           0x080002cf   Thumb Code     0  startup_stm32f429xx.o(.text)
    ETH_WKUP_IRQHandler                      0x080002cf   Thumb Code     0  startup_stm32f429xx.o(.text)
    EXTI0_IRQHandler                         0x080002cf   Thumb Code     0  startup_stm32f429xx.o(.text)
    EXTI15_10_IRQHandler                     0x080002cf   Thumb Code     0  startup_stm32f429xx.o(.text)
    EXTI1_IRQHandler                         0x080002cf   Thumb Code     0  startup_stm32f429xx.o(.text)
    EXTI2_IRQHandler                         0x080002cf   Thumb Code     0  startup_stm32f429xx.o(.text)
    EXTI3_IRQHandler                         0x080002cf   Thumb Code     0  startup_stm32f429xx.o(.text)
    EXTI4_IRQHandler                         0x080002cf   Thumb Code     0  startup_stm32f429xx.o(.text)
    EXTI9_5_IRQHandler                       0x080002cf   Thumb Code     0  startup_stm32f429xx.o(.text)
    FLASH_IRQHandler                         0x080002cf   Thumb Code     0  startup_stm32f429xx.o(.text)
    FMC_IRQHandler                           0x080002cf   Thumb Code     0  startup_stm32f429xx.o(.text)
    FPU_IRQHandler                           0x080002cf   Thumb Code     0  startup_stm32f429xx.o(.text)
    HASH_RNG_IRQHandler                      0x080002cf   Thumb Code     0  startup_stm32f429xx.o(.text)
    I2C1_ER_IRQHandler                       0x080002cf   Thumb Code     0  startup_stm32f429xx.o(.text)
    I2C1_EV_IRQHandler                       0x080002cf   Thumb Code     0  startup_stm32f429xx.o(.text)
    I2C3_ER_IRQHandler                       0x080002cf   Thumb Code     0  startup_stm32f429xx.o(.text)
    I2C3_EV_IRQHandler                       0x080002cf   Thumb Code     0  startup_stm32f429xx.o(.text)
    LTDC_ER_IRQHandler                       0x080002cf   Thumb Code     0  startup_stm32f429xx.o(.text)
    LTDC_IRQHandler                          0x080002cf   Thumb Code     0  startup_stm32f429xx.o(.text)
    OTG_FS_IRQHandler                        0x080002cf   Thumb Code     0  startup_stm32f429xx.o(.text)
    OTG_FS_WKUP_IRQHandler                   0x080002cf   Thumb Code     0  startup_stm32f429xx.o(.text)
    OTG_HS_EP1_IN_IRQHandler                 0x080002cf   Thumb Code     0  startup_stm32f429xx.o(.text)
    OTG_HS_EP1_OUT_IRQHandler                0x080002cf   Thumb Code     0  startup_stm32f429xx.o(.text)
    OTG_HS_IRQHandler                        0x080002cf   Thumb Code     0  startup_stm32f429xx.o(.text)
    OTG_HS_WKUP_IRQHandler                   0x080002cf   Thumb Code     0  startup_stm32f429xx.o(.text)
    PVD_IRQHandler                           0x080002cf   Thumb Code     0  startup_stm32f429xx.o(.text)
    RCC_IRQHandler                           0x080002cf   Thumb Code     0  startup_stm32f429xx.o(.text)
    RTC_Alarm_IRQHandler                     0x080002cf   Thumb Code     0  startup_stm32f429xx.o(.text)
    RTC_WKUP_IRQHandler                      0x080002cf   Thumb Code     0  startup_stm32f429xx.o(.text)
    SAI1_IRQHandler                          0x080002cf   Thumb Code     0  startup_stm32f429xx.o(.text)
    SDIO_IRQHandler                          0x080002cf   Thumb Code     0  startup_stm32f429xx.o(.text)
    SPI1_IRQHandler                          0x080002cf   Thumb Code     0  startup_stm32f429xx.o(.text)
    SPI2_IRQHandler                          0x080002cf   Thumb Code     0  startup_stm32f429xx.o(.text)
    SPI3_IRQHandler                          0x080002cf   Thumb Code     0  startup_stm32f429xx.o(.text)
    SPI4_IRQHandler                          0x080002cf   Thumb Code     0  startup_stm32f429xx.o(.text)
    SPI5_IRQHandler                          0x080002cf   Thumb Code     0  startup_stm32f429xx.o(.text)
    SPI6_IRQHandler                          0x080002cf   Thumb Code     0  startup_stm32f429xx.o(.text)
    TAMP_STAMP_IRQHandler                    0x080002cf   Thumb Code     0  startup_stm32f429xx.o(.text)
    TIM1_BRK_TIM9_IRQHandler                 0x080002cf   Thumb Code     0  startup_stm32f429xx.o(.text)
    TIM1_CC_IRQHandler                       0x080002cf   Thumb Code     0  startup_stm32f429xx.o(.text)
    TIM1_TRG_COM_TIM11_IRQHandler            0x080002cf   Thumb Code     0  startup_stm32f429xx.o(.text)
    TIM1_UP_TIM10_IRQHandler                 0x080002cf   Thumb Code     0  startup_stm32f429xx.o(.text)
    TIM2_IRQHandler                          0x080002cf   Thumb Code     0  startup_stm32f429xx.o(.text)
    TIM3_IRQHandler                          0x080002cf   Thumb Code     0  startup_stm32f429xx.o(.text)
    TIM4_IRQHandler                          0x080002cf   Thumb Code     0  startup_stm32f429xx.o(.text)
    TIM5_IRQHandler                          0x080002cf   Thumb Code     0  startup_stm32f429xx.o(.text)
    TIM6_DAC_IRQHandler                      0x080002cf   Thumb Code     0  startup_stm32f429xx.o(.text)
    TIM7_IRQHandler                          0x080002cf   Thumb Code     0  startup_stm32f429xx.o(.text)
    TIM8_BRK_TIM12_IRQHandler                0x080002cf   Thumb Code     0  startup_stm32f429xx.o(.text)
    TIM8_CC_IRQHandler                       0x080002cf   Thumb Code     0  startup_stm32f429xx.o(.text)
    TIM8_TRG_COM_TIM14_IRQHandler            0x080002cf   Thumb Code     0  startup_stm32f429xx.o(.text)
    TIM8_UP_TIM13_IRQHandler                 0x080002cf   Thumb Code     0  startup_stm32f429xx.o(.text)
    UART4_IRQHandler                         0x080002cf   Thumb Code     0  startup_stm32f429xx.o(.text)
    UART5_IRQHandler                         0x080002cf   Thumb Code     0  startup_stm32f429xx.o(.text)
    UART7_IRQHandler                         0x080002cf   Thumb Code     0  startup_stm32f429xx.o(.text)
    UART8_IRQHandler                         0x080002cf   Thumb Code     0  startup_stm32f429xx.o(.text)
    USART1_IRQHandler                        0x080002cf   Thumb Code     0  startup_stm32f429xx.o(.text)
    USART2_IRQHandler                        0x080002cf   Thumb Code     0  startup_stm32f429xx.o(.text)
    USART3_IRQHandler                        0x080002cf   Thumb Code     0  startup_stm32f429xx.o(.text)
    USART6_IRQHandler                        0x080002cf   Thumb Code     0  startup_stm32f429xx.o(.text)
    WWDG_IRQHandler                          0x080002cf   Thumb Code     0  startup_stm32f429xx.o(.text)
    __user_initial_stackheap                 0x080002d1   Thumb Code     0  startup_stm32f429xx.o(.text)
    SVC_Handler                              0x080002f5   Thumb Code   108  irq_armv7m.o(.text)
    PendSV_Handler                           0x08000361   Thumb Code    16  irq_armv7m.o(.text)
    SysTick_Handler                          0x08000371   Thumb Code    16  irq_armv7m.o(.text)
    __aeabi_uldivmod                         0x08000389   Thumb Code     0  lludivv7m.o(.text)
    _ll_udiv                                 0x08000389   Thumb Code   238  lludivv7m.o(.text)
    __2printf                                0x08000479   Thumb Code    20  noretval__2printf.o(.text)
    _printf_pre_padding                      0x08000491   Thumb Code    44  _printf_pad.o(.text)
    _printf_post_padding                     0x080004bd   Thumb Code    34  _printf_pad.o(.text)
    _printf_int_dec                          0x080004e1   Thumb Code   104  _printf_dec.o(.text)
    _printf_int_hex                          0x08000559   Thumb Code    84  _printf_hex_int.o(.text)
    _printf_longlong_hex                     0x08000559   Thumb Code     0  _printf_hex_int.o(.text)
    __printf                                 0x080005b1   Thumb Code   308  __printf_flags_wp.o(.text)
    __aeabi_memcpy                           0x080006e9   Thumb Code     0  rt_memcpy_v6.o(.text)
    __rt_memcpy                              0x080006e9   Thumb Code   138  rt_memcpy_v6.o(.text)
    _memcpy_lastbytes                        0x0800074f   Thumb Code     0  rt_memcpy_v6.o(.text)
    __aeabi_memclr                           0x08000773   Thumb Code     0  rt_memclr.o(.text)
    __rt_memclr                              0x08000773   Thumb Code    68  rt_memclr.o(.text)
    _memset                                  0x08000777   Thumb Code     0  rt_memclr.o(.text)
    __aeabi_memclr4                          0x080007b7   Thumb Code     0  rt_memclr_w.o(.text)
    __aeabi_memclr8                          0x080007b7   Thumb Code     0  rt_memclr_w.o(.text)
    __rt_memclr_w                            0x080007b7   Thumb Code    78  rt_memclr_w.o(.text)
    _memset_w                                0x080007bb   Thumb Code     0  rt_memclr_w.o(.text)
    strcmp                                   0x08000805   Thumb Code   128  strcmpv7m.o(.text)
    __use_two_region_memory                  0x08000885   Thumb Code     2  heapauxi.o(.text)
    __rt_heap_escrow                         0x08000887   Thumb Code     2  heapauxi.o(.text)
    __rt_heap_expand                         0x08000889   Thumb Code     2  heapauxi.o(.text)
    _printf_int_common                       0x0800088b   Thumb Code   178  _printf_intcommon.o(.text)
    __aeabi_memcpy4                          0x0800093d   Thumb Code     0  rt_memcpy_w.o(.text)
    __aeabi_memcpy8                          0x0800093d   Thumb Code     0  rt_memcpy_w.o(.text)
    __rt_memcpy_w                            0x0800093d   Thumb Code   100  rt_memcpy_w.o(.text)
    _memcpy_lastbytes_aligned                0x08000985   Thumb Code     0  rt_memcpy_w.o(.text)
    _printf_char_common                      0x080009ab   Thumb Code    32  _printf_char_common.o(.text)
    _initio                                  0x080009d1   Thumb Code   240  initio_locked.o(.text)
    _terminateio                             0x08000ac1   Thumb Code   168  initio_locked.o(.text)
    __user_setup_stackheap                   0x08000b99   Thumb Code    74  sys_stackheap_outer.o(.text)
    _free_internal                           0x08000be3   Thumb Code    98  h1_free_mt.o(.text)
    free                                     0x08000c45   Thumb Code    20  h1_free_mt.o(.text)
    __flsbuf                                 0x08000c59   Thumb Code   470  flsbuf.o(.text)
    __flsbuf_byte                            0x08000c59   Thumb Code     0  flsbuf.o(.text)
    __flsbuf_wide                            0x08000c59   Thumb Code     0  flsbuf.o(.text)
    _fclose_internal                         0x08000e2f   Thumb Code    76  fclose.o(.text)
    fclose                                   0x08000e2f   Thumb Code     0  fclose.o(.text)
    setvbuf                                  0x08000e7b   Thumb Code   104  setvbuf_locked.o(.text)
    freopen                                  0x08000f93   Thumb Code    42  fopen_locked.o(.text)
    _fopen$locked                            0x08000fbd   Thumb Code   100  fopen_locked.o(.text)
    exit                                     0x08001029   Thumb Code    18  exit.o(.text)
    __rt_SIGRTRED                            0x0800103b   Thumb Code    14  defsig_rtred_outer.o(.text)
    __user_libspace                          0x08001049   Thumb Code     8  libspace.o(.text)
    __user_perproc_libspace                  0x08001049   Thumb Code     0  libspace.o(.text)
    __rt_heap_descriptor                     0x08001051   Thumb Code    10  rt_heap_descriptor_twolibspace.o(.text)
    __use_no_heap                            0x0800105b   Thumb Code     2  hguard.o(.text)
    __heap$guard                             0x0800105d   Thumb Code     2  hguard.o(.text)
    _terminate_user_alloc                    0x0800105f   Thumb Code     2  init_alloc.o(.text)
    _init_user_alloc                         0x08001061   Thumb Code     2  init_alloc.o(.text)
    __Heap_Full                              0x08001063   Thumb Code    34  init_alloc.o(.text)
    __Heap_Broken                            0x08001085   Thumb Code     6  init_alloc.o(.text)
    _init_alloc                              0x0800108b   Thumb Code    94  init_alloc.o(.text)
    _malloc_internal                         0x080010f1   Thumb Code   130  h1_alloc_mt.o(.text)
    malloc                                   0x08001173   Thumb Code    20  h1_alloc_mt.o(.text)
    _printf_char_file                        0x08001189   Thumb Code    58  _printf_char_file_locked.o(.text)
    _fseek                                   0x080011c9   Thumb Code   242  fseek.o(.text)
    fseek                                    0x080011c9   Thumb Code     0  fseek.o(.text)
    _seterr                                  0x080012c1   Thumb Code    20  stdio.o(.text)
    _writebuf                                0x080012d5   Thumb Code    84  stdio.o(.text)
    _fflush                                  0x08001329   Thumb Code    70  stdio.o(.text)
    _deferredlazyseek                        0x0800136f   Thumb Code    60  stdio.o(.text)
    __sig_exit                               0x080013b1   Thumb Code    10  defsig_exit.o(.text)
    __rt_SIGRTRED_inner                      0x080013bd   Thumb Code    14  defsig_rtred_inner.o(.text)
    _sys_exit                                0x080013f1   Thumb Code     8  sys_exit.o(.text)
    __Heap_Initialize                        0x080013fd   Thumb Code    14  h1_init_mt.o(.text)
    __Heap_DescSize                          0x0800140b   Thumb Code     4  h1_init_mt.o(.text)
    __Heap_ProvideMemory                     0x0800140f   Thumb Code    62  h1_extend_mt.o(.text)
    _ftell_internal                          0x0800144d   Thumb Code    66  ftell.o(.text)
    ftell                                    0x0800144d   Thumb Code     0  ftell.o(.text)
    __default_signal_display                 0x0800148f   Thumb Code    50  defsig_general.o(.text)
    __rt_SIGRTMEM                            0x080014c1   Thumb Code    14  defsig_rtmem_outer.o(.text)
    _ttywrch                                 0x080014cf   Thumb Code    14  sys_wrch.o(.text)
    __I$use$semihosting                      0x080014dd   Thumb Code     0  use_no_semi.o(.text)
    __use_no_semihosting_swi                 0x080014dd   Thumb Code     2  use_no_semi.o(.text)
    __aeabi_errno_addr                       0x080014df   Thumb Code     4  rt_errno_addr_twolibspace.o(.text)
    __errno$twolibspace                      0x080014df   Thumb Code     0  rt_errno_addr_twolibspace.o(.text)
    __rt_errno_addr$twolibspace              0x080014df   Thumb Code     0  rt_errno_addr_twolibspace.o(.text)
    __semihosting_library_function           0x080014df   Thumb Code     0  indicate_semi.o(.text)
    _terminate_alloc                         0x080014e3   Thumb Code    16  term_alloc.o(.text)
    __rt_SIGRTMEM_inner                      0x080014f5   Thumb Code    22  defsig_rtmem_inner.o(.text)
    __Heap_Finalize                          0x08001545   Thumb Code    10  h1_final_mt.o(.text)
    OS_Tick_AcknowledgeIRQ                   0x08001605   Thumb Code     8  os_systick.o(.text.OS_Tick_AcknowledgeIRQ)
    OS_Tick_Enable                           0x08001611   Thumb Code    32  os_systick.o(.text.OS_Tick_Enable)
    OS_Tick_GetIRQn                          0x0800163d   Thumb Code     6  os_systick.o(.text.OS_Tick_GetIRQn)
    OS_Tick_Setup                            0x08001645   Thumb Code    48  os_systick.o(.text.OS_Tick_Setup)
    osDelay                                  0x0800175d   Thumb Code    32  rtx_delay.o(.text.osDelay)
    osKernelGetState                         0x08001781   Thumb Code    40  rtx_kernel.o(.text.osKernelGetState)
    osKernelGetTickCount                     0x080017b1   Thumb Code    32  rtx_kernel.o(.text.osKernelGetTickCount)
    osKernelInitialize                       0x080017d9   Thumb Code    40  rtx_kernel.o(.text.osKernelInitialize)
    osKernelStart                            0x08001805   Thumb Code    32  rtx_kernel.o(.text.osKernelStart)
    osMessageQueueGet                        0x08001829   Thumb Code   108  rtx_msgqueue.o(.text.osMessageQueueGet)
    osMessageQueueNew                        0x08001899   Thumb Code    32  rtx_msgqueue.o(.text.osMessageQueueNew)
    osMessageQueuePut                        0x080018bd   Thumb Code   124  rtx_msgqueue.o(.text.osMessageQueuePut)
    osMutexAcquire                           0x0800193d   Thumb Code    32  rtx_mutex.o(.text.osMutexAcquire)
    osMutexDelete                            0x08001961   Thumb Code    32  rtx_mutex.o(.text.osMutexDelete)
    osMutexNew                               0x08001985   Thumb Code    32  rtx_mutex.o(.text.osMutexNew)
    osMutexRelease                           0x080019a9   Thumb Code    32  rtx_mutex.o(.text.osMutexRelease)
    osRtxKernelErrorNotify                   0x080019cd   Thumb Code     4  rtx_kernel.o(.text.osRtxKernelErrorNotify)
    osRtxKernelPreInit                       0x080019d1   Thumb Code     2  rtx_kernel.o(.text.osRtxKernelPreInit)
    osRtxMemoryAlloc                         0x080019d3   Thumb Code   108  rtx_memory.o(.text.osRtxMemoryAlloc)
    osRtxMemoryFree                          0x08001a3f   Thumb Code    66  rtx_memory.o(.text.osRtxMemoryFree)
    osRtxMemoryInit                          0x08001a81   Thumb Code    54  rtx_memory.o(.text.osRtxMemoryInit)
    osRtxMemoryPoolAlloc                     0x08001ab7   Thumb Code    58  rtx_mempool.o(.text.osRtxMemoryPoolAlloc)
    osRtxMemoryPoolFree                      0x08001af1   Thumb Code    74  rtx_mempool.o(.text.osRtxMemoryPoolFree)
    osRtxMemoryPoolInit                      0x08001b3b   Thumb Code    56  rtx_mempool.o(.text.osRtxMemoryPoolInit)
    osRtxMessageQueueTimerSetup              0x08001c1d   Thumb Code    32  rtx_msgqueue.o(.text.osRtxMessageQueueTimerSetup)
    osRtxMutexOwnerRelease                   0x08001c45   Thumb Code    72  rtx_mutex.o(.text.osRtxMutexOwnerRelease)
    osRtxMutexOwnerRestore                   0x08001c8d   Thumb Code    72  rtx_mutex.o(.text.osRtxMutexOwnerRestore)
    osRtxPendSV_Handler                      0x08001cd5   Thumb Code   136  rtx_system.o(.text.osRtxPendSV_Handler)
    osRtxPostProcess                         0x08001d61   Thumb Code   108  rtx_system.o(.text.osRtxPostProcess)
    osRtxThreadDelayTick                     0x08001ecd   Thumb Code    80  rtx_thread.o(.text.osRtxThreadDelayTick)
    osRtxThreadDispatch                      0x08001f45   Thumb Code    80  rtx_thread.o(.text.osRtxThreadDispatch)
    osRtxThreadListGet                       0x0800200f   Thumb Code    18  rtx_thread.o(.text.osRtxThreadListGet)
    osRtxThreadListPut                       0x08002021   Thumb Code    44  rtx_thread.o(.text.osRtxThreadListPut)
    osRtxThreadListRemove                    0x0800204d   Thumb Code    20  rtx_thread.o(.text.osRtxThreadListRemove)
    osRtxThreadListSort                      0x08002061   Thumb Code    38  rtx_thread.o(.text.osRtxThreadListSort)
    osRtxThreadReadyPut                      0x080020b1   Thumb Code    16  rtx_thread.o(.text.osRtxThreadReadyPut)
    osRtxThreadRegPtr                        0x080020c5   Thumb Code     6  rtx_thread.o(.text.osRtxThreadRegPtr)
    osRtxThreadStartup                       0x080020cd   Thumb Code    48  rtx_thread.o(.text.osRtxThreadStartup)
    osRtxThreadSwitch                        0x08002109   Thumb Code    12  rtx_thread.o(.text.osRtxThreadSwitch)
    osRtxThreadWaitEnter                     0x08002119   Thumb Code    56  rtx_thread.o(.text.osRtxThreadWaitEnter)
    osRtxThreadWaitExit                      0x08002155   Thumb Code    34  rtx_thread.o(.text.osRtxThreadWaitExit)
    osRtxTick_Handler                        0x08002179   Thumb Code   116  rtx_system.o(.text.osRtxTick_Handler)
    osRtxTimerSetup                          0x080021f1   Thumb Code    24  rtx_timer.o(.text.osRtxTimerSetup)
    osRtxTimerThread                         0x08002211   Thumb Code    32  rtx_timer.o(.text.osRtxTimerThread)
    osThreadExit                             0x080022a1   Thumb Code     8  rtx_thread.o(.text.osThreadExit)
    osThreadFlagsSet                         0x080022ad   Thumb Code    84  rtx_thread.o(.text.osThreadFlagsSet)
    osThreadFlagsWait                        0x08002305   Thumb Code    32  rtx_thread.o(.text.osThreadFlagsWait)
    osThreadGetId                            0x08002329   Thumb Code    32  rtx_thread.o(.text.osThreadGetId)
    osThreadNew                              0x08002351   Thumb Code    32  rtx_thread.o(.text.osThreadNew)
    HAL_DMA_Abort                            0x08002ffd   Thumb Code   172  stm32f4xx_hal_dma.o(i.HAL_DMA_Abort)
    HAL_DMA_Init                             0x080030a9   Thumb Code   232  stm32f4xx_hal_dma.o(i.HAL_DMA_Init)
    HAL_DMA_Start_IT                         0x08003195   Thumb Code   146  stm32f4xx_hal_dma.o(i.HAL_DMA_Start_IT)
    HAL_Delay                                0x08003229   Thumb Code    36  stm32f4xx_hal.o(i.HAL_Delay)
    HAL_GPIO_DeInit                          0x08003251   Thumb Code   340  stm32f4xx_hal_gpio.o(i.HAL_GPIO_DeInit)
    HAL_GPIO_Init                            0x080033d5   Thumb Code   474  stm32f4xx_hal_gpio.o(i.HAL_GPIO_Init)
    HAL_GPIO_ReadPin                         0x080035e5   Thumb Code    16  stm32f4xx_hal_gpio.o(i.HAL_GPIO_ReadPin)
    HAL_GPIO_WritePin                        0x080035f5   Thumb Code    12  stm32f4xx_hal_gpio.o(i.HAL_GPIO_WritePin)
    HAL_GetREVID                             0x08003601   Thumb Code     8  stm32f4xx_hal.o(i.HAL_GetREVID)
    HAL_GetTick                              0x0800360d   Thumb Code    70  main.o(i.HAL_GetTick)
    HAL_Init                                 0x0800365d   Thumb Code    44  stm32f4xx_hal.o(i.HAL_Init)
    HAL_InitTick                             0x0800368d   Thumb Code    64  stm32f4xx_hal.o(i.HAL_InitTick)
    HAL_MspInit                              0x080036d9   Thumb Code     2  stm32f4xx_hal.o(i.HAL_MspInit)
    HAL_NVIC_ClearPendingIRQ                 0x080036dd   Thumb Code    30  stm32f4xx_hal_cortex.o(i.HAL_NVIC_ClearPendingIRQ)
    HAL_NVIC_DisableIRQ                      0x08003701   Thumb Code    38  stm32f4xx_hal_cortex.o(i.HAL_NVIC_DisableIRQ)
    HAL_NVIC_EnableIRQ                       0x0800372d   Thumb Code    40  stm32f4xx_hal_cortex.o(i.HAL_NVIC_EnableIRQ)
    HAL_NVIC_SetPriority                     0x08003755   Thumb Code   124  stm32f4xx_hal_cortex.o(i.HAL_NVIC_SetPriority)
    HAL_NVIC_SetPriorityGrouping             0x080037d1   Thumb Code    32  stm32f4xx_hal_cortex.o(i.HAL_NVIC_SetPriorityGrouping)
    HAL_RCC_ClockConfig                      0x080037f9   Thumb Code   368  stm32f4xx_hal_rcc.o(i.HAL_RCC_ClockConfig)
    HAL_RCC_GetHCLKFreq                      0x0800397d   Thumb Code     6  stm32f4xx_hal_rcc.o(i.HAL_RCC_GetHCLKFreq)
    HAL_RCC_GetPCLK1Freq                     0x08003989   Thumb Code    22  stm32f4xx_hal_rcc.o(i.HAL_RCC_GetPCLK1Freq)
    HAL_RCC_GetSysClockFreq                  0x080039a9   Thumb Code   162  stm32f4xx_hal_rcc.o(i.HAL_RCC_GetSysClockFreq)
    HAL_RCC_OscConfig                        0x08003a59   Thumb Code  1172  stm32f4xx_hal_rcc.o(i.HAL_RCC_OscConfig)
    HAL_SYSTICK_Config                       0x08003ef5   Thumb Code    52  stm32f4xx_hal_cortex.o(i.HAL_SYSTICK_Config)
    I2C2_ER_IRQHandler                       0x08003f41   Thumb Code    10  i2c_stm32f4xx.o(i.I2C2_ER_IRQHandler)
    I2C2_EV_IRQHandler                       0x08003f51   Thumb Code    10  i2c_stm32f4xx.o(i.I2C2_EV_IRQHandler)
    ITM_SendChar                             0x0800554d   Thumb Code    42  retarget_io.o(i.ITM_SendChar)
    SystemCoreClockUpdate                    0x08005661   Thumb Code   170  system_stm32f4xx.o(i.SystemCoreClockUpdate)
    SystemInit                               0x08005721   Thumb Code    10  system_stm32f4xx.o(i.SystemInit)
    __user_perthread_libspace                0x08005781   Thumb Code    80  rtx_lib.o(i.__user_perthread_libspace)
    _is_digit                                0x080057d9   Thumb Code    14  __printf_wp.o(i._is_digit)
    _mutex_acquire                           0x080057e7   Thumb Code    22  rtx_lib.o(i._mutex_acquire)
    _mutex_free                              0x080057fd   Thumb Code    12  rtx_lib.o(i._mutex_free)
    _mutex_initialize                        0x08005809   Thumb Code    34  rtx_lib.o(i._mutex_initialize)
    _mutex_release                           0x0800582b   Thumb Code    18  rtx_lib.o(i._mutex_release)
    _platform_post_stackheap_init            0x0800583d   Thumb Code     8  rtx_lib.o(i._platform_post_stackheap_init)
    _sys_close                               0x08005845   Thumb Code    38  retarget_io.o(i._sys_close)
    _sys_flen                                0x0800586b   Thumb Code    36  retarget_io.o(i._sys_flen)
    _sys_istty                               0x0800588f   Thumb Code    36  retarget_io.o(i._sys_istty)
    _sys_open                                0x080058b5   Thumb Code    80  retarget_io.o(i._sys_open)
    _sys_seek                                0x0800591d   Thumb Code    44  retarget_io.o(i._sys_seek)
    _sys_write                               0x08005949   Thumb Code    70  retarget_io.o(i._sys_write)
    _fputc$unlocked                          0x0800598f   Thumb Code    26  fputc.o(i.fputc)
    init_Th_camera                           0x080059a9   Thumb Code    34  camera.o(i.init_Th_camera)
    main                                     0x080059d5   Thumb Code    28  main.o(i.main)
    osRtxErrorNotify                         0x080059f1   Thumb Code    32  rtx_config.o(i.osRtxErrorNotify)
    osRtxIdleThread                          0x08005a11   Thumb Code     4  rtx_config.o(i.osRtxIdleThread)
    test_dir                                 0x08005a41   Thumb Code    72  camera.o(i.test_dir)
    irqRtxLibRef                             0x08005b0c   Data           4  rtx_lib.o(.constdata)
    osRtxUserSVC                             0x08005b10   Data           4  rtx_lib.o(.constdata)
    Driver_I2C2                              0x08005b4c   Data          48  i2c_stm32f4xx.o(.constdata)
    EventRecorderInfo                        0x08005b7c   Data          24  eventrecorder.o(.constdata)
    __stdin_name                             0x08005b94   Data           7  retarget_io.o(.constdata)
    __stdout_name                            0x08005b9b   Data           8  retarget_io.o(.constdata)
    __stderr_name                            0x08005ba3   Data           8  retarget_io.o(.constdata)
    AHBPrescTable                            0x08005bb3   Data          16  system_stm32f4xx.o(.constdata)
    APBPrescTable                            0x08005bc3   Data           8  system_stm32f4xx.o(.constdata)
    osRtxConfig                              0x08005c04   Data         112  rtx_lib.o(.rodata)
    os_cb_sections                           0x08005c74   Data          56  rtx_lib.o(.rodata)
    irqRtxLib                                0x08005cac   Number         0  irq_armv7m.o(.rodata)
    Region$$Table$$Base                      0x08005cbc   Number         0  anon$$obj.o(Region$$Table)
    Region$$Table$$Limit                     0x08005cdc   Number         0  anon$$obj.o(Region$$Table)
    .bss.os.msgqueue.cb$$Base                0x20008230   Number         0  rtx_lib.o(.bss.os.msgqueue.cb)
    .bss.os.msgqueue.cb$$Limit               0x20008264   Number         0  rtx_lib.o(.bss.os.msgqueue.cb)
    .bss.os.thread.cb$$Base                  0x200082b4   Number         0  rtx_lib.o(.bss.os.thread.cb)
    .bss.os.thread.cb$$Limit                 0x2000833c   Number         0  rtx_lib.o(.bss.os.thread.cb)
    uwTick                                   0x20008758   Data           4  stm32f4xx_hal.o(.data)
    uwTickPrio                               0x2000875c   Data           4  stm32f4xx_hal.o(.data)
    uwTickFreq                               0x20008760   Data           1  stm32f4xx_hal.o(.data)
    SystemCoreClock                          0x20008764   Data           4  system_stm32f4xx.o(.data)
    __aeabi_stdin                            0x20008768   Data           4  stdio_streams.o(.data)
    __aeabi_stdout                           0x2000876c   Data           4  stdio_streams.o(.data)
    __aeabi_stderr                           0x20008770   Data           4  stdio_streams.o(.data)
    _stream_list_lock                        0x20008774   Data           4  streamlock.o(.data)
    osRtxInfo                                0x20008778   Data         164  rtx_kernel.o(.data.os)
    __stdin                                  0x20008844   Data          84  stdio_streams.o(.bss)
    __stdout                                 0x20008898   Data          84  stdio_streams.o(.bss)
    __stderr                                 0x200088ec   Data          84  stdio_streams.o(.bss)
    __libspace_start                         0x20008940   Data          96  libspace.o(.bss)
    __temporary_stack_top$libspace           0x200089a0   Data           0  libspace.o(.bss)



==============================================================================

Memory Map of the image

  Image Entry point : 0x080001ad

  Load Region LR_IROM1 (Base: 0x08000000, Size: 0x0000e4f8, Max: 0x00200000, ABSOLUTE, COMPRESSED[0x00005e04])

    Execution Region ER_IROM1 (Exec base: 0x08000000, Load base: 0x08000000, Size: 0x00005cdc, Max: 0x00200000, ABSOLUTE)

    Exec Addr    Load Addr    Size         Type   Attr      Idx    E Section Name        Object

    0x08000000   0x08000000   0x000001ac   Data   RO         3681    RESET               startup_stm32f429xx.o
    0x080001ac   0x080001ac   0x00000008   Code   RO         4277  * !!!main             c_w.l(__main.o)
    0x080001b4   0x080001b4   0x00000034   Code   RO         4631    !!!scatter          c_w.l(__scatter.o)
    0x080001e8   0x080001e8   0x0000005a   Code   RO         4629    !!dczerorl2         c_w.l(__dczerorl2.o)
    0x08000242   0x08000242   0x00000002   PAD
    0x08000244   0x08000244   0x0000001c   Code   RO         4633    !!handler_zi        c_w.l(__scatter_zi.o)
    0x08000260   0x08000260   0x00000000   Code   RO         4266    .ARM.Collect$$_printf_percent$$00000000  c_w.l(_printf_percent.o)
    0x08000260   0x08000260   0x00000006   Code   RO         4265    .ARM.Collect$$_printf_percent$$00000009  c_w.l(_printf_d.o)
    0x08000266   0x08000266   0x00000006   Code   RO         4264    .ARM.Collect$$_printf_percent$$0000000C  c_w.l(_printf_x.o)
    0x0800026c   0x0800026c   0x00000004   Code   RO         4288    .ARM.Collect$$_printf_percent$$00000017  c_w.l(_printf_percent_end.o)
    0x08000270   0x08000270   0x00000002   Code   RO         4416    .ARM.Collect$$libinit$$00000000  c_w.l(libinit.o)
    0x08000272   0x08000272   0x00000000   Code   RO         4418    .ARM.Collect$$libinit$$00000002  c_w.l(libinit2.o)
    0x08000272   0x08000272   0x00000000   Code   RO         4420    .ARM.Collect$$libinit$$00000004  c_w.l(libinit2.o)
    0x08000272   0x08000272   0x00000008   Code   RO         4421    .ARM.Collect$$libinit$$00000005  c_w.l(libinit2.o)
    0x0800027a   0x0800027a   0x00000000   Code   RO         4423    .ARM.Collect$$libinit$$0000000A  c_w.l(libinit2.o)
    0x0800027a   0x0800027a   0x00000000   Code   RO         4425    .ARM.Collect$$libinit$$0000000C  c_w.l(libinit2.o)
    0x0800027a   0x0800027a   0x00000000   Code   RO         4427    .ARM.Collect$$libinit$$0000000E  c_w.l(libinit2.o)
    0x0800027a   0x0800027a   0x00000000   Code   RO         4430    .ARM.Collect$$libinit$$00000011  c_w.l(libinit2.o)
    0x0800027a   0x0800027a   0x00000000   Code   RO         4432    .ARM.Collect$$libinit$$00000013  c_w.l(libinit2.o)
    0x0800027a   0x0800027a   0x00000000   Code   RO         4434    .ARM.Collect$$libinit$$00000015  c_w.l(libinit2.o)
    0x0800027a   0x0800027a   0x00000000   Code   RO         4436    .ARM.Collect$$libinit$$00000017  c_w.l(libinit2.o)
    0x0800027a   0x0800027a   0x00000000   Code   RO         4438    .ARM.Collect$$libinit$$00000019  c_w.l(libinit2.o)
    0x0800027a   0x0800027a   0x00000000   Code   RO         4440    .ARM.Collect$$libinit$$0000001B  c_w.l(libinit2.o)
    0x0800027a   0x0800027a   0x00000000   Code   RO         4442    .ARM.Collect$$libinit$$0000001D  c_w.l(libinit2.o)
    0x0800027a   0x0800027a   0x00000000   Code   RO         4444    .ARM.Collect$$libinit$$0000001F  c_w.l(libinit2.o)
    0x0800027a   0x0800027a   0x00000000   Code   RO         4446    .ARM.Collect$$libinit$$00000021  c_w.l(libinit2.o)
    0x0800027a   0x0800027a   0x00000000   Code   RO         4448    .ARM.Collect$$libinit$$00000023  c_w.l(libinit2.o)
    0x0800027a   0x0800027a   0x00000004   Code   RO         4449    .ARM.Collect$$libinit$$00000024  c_w.l(libinit2.o)
    0x0800027e   0x0800027e   0x00000000   Code   RO         4450    .ARM.Collect$$libinit$$00000025  c_w.l(libinit2.o)
    0x0800027e   0x0800027e   0x00000000   Code   RO         4454    .ARM.Collect$$libinit$$0000002C  c_w.l(libinit2.o)
    0x0800027e   0x0800027e   0x00000000   Code   RO         4456    .ARM.Collect$$libinit$$0000002E  c_w.l(libinit2.o)
    0x0800027e   0x0800027e   0x00000000   Code   RO         4458    .ARM.Collect$$libinit$$00000030  c_w.l(libinit2.o)
    0x0800027e   0x0800027e   0x00000000   Code   RO         4460    .ARM.Collect$$libinit$$00000032  c_w.l(libinit2.o)
    0x0800027e   0x0800027e   0x00000002   Code   RO         4461    .ARM.Collect$$libinit$$00000033  c_w.l(libinit2.o)
    0x08000280   0x08000280   0x00000002   Code   RO         4610    .ARM.Collect$$libshutdown$$00000000  c_w.l(libshutdown.o)
    0x08000282   0x08000282   0x00000000   Code   RO         4463    .ARM.Collect$$libshutdown$$00000002  c_w.l(libshutdown2.o)
    0x08000282   0x08000282   0x00000000   Code   RO         4465    .ARM.Collect$$libshutdown$$00000004  c_w.l(libshutdown2.o)
    0x08000282   0x08000282   0x00000004   Code   RO         4466    .ARM.Collect$$libshutdown$$00000005  c_w.l(libshutdown2.o)
    0x08000286   0x08000286   0x00000000   Code   RO         4467    .ARM.Collect$$libshutdown$$00000006  c_w.l(libshutdown2.o)
    0x08000286   0x08000286   0x00000000   Code   RO         4470    .ARM.Collect$$libshutdown$$00000009  c_w.l(libshutdown2.o)
    0x08000286   0x08000286   0x00000000   Code   RO         4473    .ARM.Collect$$libshutdown$$0000000C  c_w.l(libshutdown2.o)
    0x08000286   0x08000286   0x00000000   Code   RO         4475    .ARM.Collect$$libshutdown$$0000000E  c_w.l(libshutdown2.o)
    0x08000286   0x08000286   0x00000004   Code   RO         4476    .ARM.Collect$$libshutdown$$0000000F  c_w.l(libshutdown2.o)
    0x0800028a   0x0800028a   0x00000000   Code   RO         4478    .ARM.Collect$$libshutdown$$00000011  c_w.l(libshutdown2.o)
    0x0800028a   0x0800028a   0x00000002   Code   RO         4479    .ARM.Collect$$libshutdown$$00000012  c_w.l(libshutdown2.o)
    0x0800028c   0x0800028c   0x00000000   Code   RO         4279    .ARM.Collect$$rtentry$$00000000  c_w.l(__rtentry.o)
    0x0800028c   0x0800028c   0x00000000   Code   RO         4298    .ARM.Collect$$rtentry$$00000002  c_w.l(__rtentry2.o)
    0x0800028c   0x0800028c   0x00000006   Code   RO         4310    .ARM.Collect$$rtentry$$00000004  c_w.l(__rtentry4.o)
    0x08000292   0x08000292   0x00000008   Code   RO         4299    .ARM.Collect$$rtentry$$00000008  c_w.l(__rtentry2.o)
    0x0800029a   0x0800029a   0x00000004   Code   RO         4301    .ARM.Collect$$rtentry$$0000000A  c_w.l(__rtentry2.o)
    0x0800029e   0x0800029e   0x00000000   Code   RO         4303    .ARM.Collect$$rtentry$$0000000C  c_w.l(__rtentry2.o)
    0x0800029e   0x0800029e   0x00000008   Code   RO         4304    .ARM.Collect$$rtentry$$0000000D  c_w.l(__rtentry2.o)
    0x080002a6   0x080002a6   0x00000002   Code   RO         4485    .ARM.Collect$$rtexit$$00000000  c_w.l(rtexit.o)
    0x080002a8   0x080002a8   0x00000000   Code   RO         4543    .ARM.Collect$$rtexit$$00000002  c_w.l(rtexit2.o)
    0x080002a8   0x080002a8   0x00000004   Code   RO         4544    .ARM.Collect$$rtexit$$00000003  c_w.l(rtexit2.o)
    0x080002ac   0x080002ac   0x00000006   Code   RO         4545    .ARM.Collect$$rtexit$$00000004  c_w.l(rtexit2.o)
    0x080002b2   0x080002b2   0x00000002   PAD
    0x080002b4   0x080002b4   0x00000000   Code   RO         4550    .emb_text           c_w.l(maybetermalloc2.o)
    0x080002b4   0x080002b4   0x00000040   Code   RO         3682    .text               startup_stm32f429xx.o
    0x080002f4   0x080002f4   0x00000094   Code   RO         4095    .text               RTX_CM3.lib(irq_armv7m.o)
    0x08000388   0x08000388   0x000000ee   Code   RO         4211    .text               c_w.l(lludivv7m.o)
    0x08000476   0x08000476   0x00000002   PAD
    0x08000478   0x08000478   0x00000018   Code   RO         4215    .text               c_w.l(noretval__2printf.o)
    0x08000490   0x08000490   0x0000004e   Code   RO         4219    .text               c_w.l(_printf_pad.o)
    0x080004de   0x080004de   0x00000002   PAD
    0x080004e0   0x080004e0   0x00000078   Code   RO         4221    .text               c_w.l(_printf_dec.o)
    0x08000558   0x08000558   0x00000058   Code   RO         4226    .text               c_w.l(_printf_hex_int.o)
    0x080005b0   0x080005b0   0x00000138   Code   RO         4256    .text               c_w.l(__printf_flags_wp.o)
    0x080006e8   0x080006e8   0x0000008a   Code   RO         4267    .text               c_w.l(rt_memcpy_v6.o)
    0x08000772   0x08000772   0x00000044   Code   RO         4269    .text               c_w.l(rt_memclr.o)
    0x080007b6   0x080007b6   0x0000004e   Code   RO         4271    .text               c_w.l(rt_memclr_w.o)
    0x08000804   0x08000804   0x00000080   Code   RO         4273    .text               c_w.l(strcmpv7m.o)
    0x08000884   0x08000884   0x00000006   Code   RO         4275    .text               c_w.l(heapauxi.o)
    0x0800088a   0x0800088a   0x000000b2   Code   RO         4284    .text               c_w.l(_printf_intcommon.o)
    0x0800093c   0x0800093c   0x00000064   Code   RO         4295    .text               c_w.l(rt_memcpy_w.o)
    0x080009a0   0x080009a0   0x00000030   Code   RO         4314    .text               c_w.l(_printf_char_common.o)
    0x080009d0   0x080009d0   0x000001c8   Code   RO         4328    .text               c_w.l(initio_locked.o)
    0x08000b98   0x08000b98   0x0000004a   Code   RO         4330    .text               c_w.l(sys_stackheap_outer.o)
    0x08000be2   0x08000be2   0x00000076   Code   RO         4336    .text               c_w.l(h1_free_mt.o)
    0x08000c58   0x08000c58   0x000001d6   Code   RO         4390    .text               c_w.l(flsbuf.o)
    0x08000e2e   0x08000e2e   0x0000004c   Code   RO         4397    .text               c_w.l(fclose.o)
    0x08000e7a   0x08000e7a   0x00000068   Code   RO         4399    .text               c_w.l(setvbuf_locked.o)
    0x08000ee2   0x08000ee2   0x00000002   PAD
    0x08000ee4   0x08000ee4   0x00000144   Code   RO         4401    .text               c_w.l(fopen_locked.o)
    0x08001028   0x08001028   0x00000012   Code   RO         4403    .text               c_w.l(exit.o)
    0x0800103a   0x0800103a   0x0000000e   Code   RO         4409    .text               c_w.l(defsig_rtred_outer.o)
    0x08001048   0x08001048   0x00000008   Code   RO         4482    .text               c_w.l(libspace.o)
    0x08001050   0x08001050   0x0000000a   Code   RO         4494    .text               c_w.l(rt_heap_descriptor_twolibspace.o)
    0x0800105a   0x0800105a   0x00000004   Code   RO         4496    .text               c_w.l(hguard.o)
    0x0800105e   0x0800105e   0x0000008a   Code   RO         4498    .text               c_w.l(init_alloc.o)
    0x080010e8   0x080010e8   0x0000009e   Code   RO         4506    .text               c_w.l(h1_alloc_mt.o)
    0x08001186   0x08001186   0x00000002   PAD
    0x08001188   0x08001188   0x00000040   Code   RO         4518    .text               c_w.l(_printf_char_file_locked.o)
    0x080011c8   0x080011c8   0x000000f8   Code   RO         4520    .text               c_w.l(fseek.o)
    0x080012c0   0x080012c0   0x000000f0   Code   RO         4522    .text               c_w.l(stdio.o)
    0x080013b0   0x080013b0   0x0000000a   Code   RO         4528    .text               c_w.l(defsig_exit.o)
    0x080013ba   0x080013ba   0x00000002   PAD
    0x080013bc   0x080013bc   0x00000034   Code   RO         4532    .text               c_w.l(defsig_rtred_inner.o)
    0x080013f0   0x080013f0   0x0000000c   Code   RO         4540    .text               c_w.l(sys_exit.o)
    0x080013fc   0x080013fc   0x00000012   Code   RO         4555    .text               c_w.l(h1_init_mt.o)
    0x0800140e   0x0800140e   0x0000003e   Code   RO         4557    .text               c_w.l(h1_extend_mt.o)
    0x0800144c   0x0800144c   0x00000042   Code   RO         4563    .text               c_w.l(ftell.o)
    0x0800148e   0x0800148e   0x00000032   Code   RO         4571    .text               c_w.l(defsig_general.o)
    0x080014c0   0x080014c0   0x0000000e   Code   RO         4573    .text               c_w.l(defsig_rtmem_outer.o)
    0x080014ce   0x080014ce   0x0000000e   Code   RO         4586    .text               c_w.l(sys_wrch.o)
    0x080014dc   0x080014dc   0x00000002   Code   RO         4590    .text               c_w.l(use_no_semi.o)
    0x080014de   0x080014de   0x00000000   Code   RO         4592    .text               c_w.l(indicate_semi.o)
    0x080014de   0x080014de   0x00000004   Code   RO         4598    .text               c_w.l(rt_errno_addr_twolibspace.o)
    0x080014e2   0x080014e2   0x00000010   Code   RO         4602    .text               c_w.l(term_alloc.o)
    0x080014f2   0x080014f2   0x00000002   PAD
    0x080014f4   0x080014f4   0x00000050   Code   RO         4604    .text               c_w.l(defsig_rtmem_inner.o)
    0x08001544   0x08001544   0x0000000a   Code   RO         4613    .text               c_w.l(h1_final_mt.o)
    0x0800154e   0x0800154e   0x00000040   Code   RO         4076    .text.MessageQueueGet  RTX_CM3.lib(rtx_msgqueue.o)
    0x0800158e   0x0800158e   0x00000058   Code   RO         4070    .text.MessageQueuePut  RTX_CM3.lib(rtx_msgqueue.o)
    0x080015e6   0x080015e6   0x0000001c   Code   RO         4068    .text.MessageQueueRemove  RTX_CM3.lib(rtx_msgqueue.o)
    0x08001602   0x08001602   0x00000002   PAD
    0x08001604   0x08001604   0x0000000c   Code   RO         4189    .text.OS_Tick_AcknowledgeIRQ  RTX_CM3.lib(os_systick.o)
    0x08001610   0x08001610   0x0000002c   Code   RO         4185    .text.OS_Tick_Enable  RTX_CM3.lib(os_systick.o)
    0x0800163c   0x0800163c   0x00000006   Code   RO         4191    .text.OS_Tick_GetIRQn  RTX_CM3.lib(os_systick.o)
    0x08001642   0x08001642   0x00000002   PAD
    0x08001644   0x08001644   0x00000040   Code   RO         4183    .text.OS_Tick_Setup  RTX_CM3.lib(os_systick.o)
    0x08001684   0x08001684   0x0000000c   Code   RO         3782    .text.OUTLINED_FUNCTION_0  RTX_CM3.lib(rtx_kernel.o)
    0x08001690   0x08001690   0x00000006   Code   RO         3922    .text.OUTLINED_FUNCTION_0  RTX_CM3.lib(rtx_thread.o)
    0x08001696   0x08001696   0x0000000c   Code   RO         4084    .text.OUTLINED_FUNCTION_0  RTX_CM3.lib(rtx_msgqueue.o)
    0x080016a2   0x080016a2   0x00000006   Code   RO         3784    .text.OUTLINED_FUNCTION_1  RTX_CM3.lib(rtx_kernel.o)
    0x080016a8   0x080016a8   0x00000006   Code   RO         4086    .text.OUTLINED_FUNCTION_1  RTX_CM3.lib(rtx_msgqueue.o)
    0x080016ae   0x080016ae   0x00000064   Code   RO         3874    .text.ThreadFlagsCheck  RTX_CM3.lib(rtx_thread.o)
    0x08001712   0x08001712   0x00000002   PAD
    0x08001714   0x08001714   0x00000048   Code   RO         3974    .text.TimerInsert   RTX_CM3.lib(rtx_timer.o)
    0x0800175c   0x0800175c   0x00000024   Code   RO         3940    .text.osDelay       RTX_CM3.lib(rtx_delay.o)
    0x08001780   0x08001780   0x00000030   Code   RO         3734    .text.osKernelGetState  RTX_CM3.lib(rtx_kernel.o)
    0x080017b0   0x080017b0   0x00000028   Code   RO         3750    .text.osKernelGetTickCount  RTX_CM3.lib(rtx_kernel.o)
    0x080017d8   0x080017d8   0x0000002c   Code   RO         3728    .text.osKernelInitialize  RTX_CM3.lib(rtx_kernel.o)
    0x08001804   0x08001804   0x00000024   Code   RO         3738    .text.osKernelStart  RTX_CM3.lib(rtx_kernel.o)
    0x08001828   0x08001828   0x00000070   Code   RO         4044    .text.osMessageQueueGet  RTX_CM3.lib(rtx_msgqueue.o)
    0x08001898   0x08001898   0x00000024   Code   RO         4038    .text.osMessageQueueNew  RTX_CM3.lib(rtx_msgqueue.o)
    0x080018bc   0x080018bc   0x00000080   Code   RO         4042    .text.osMessageQueuePut  RTX_CM3.lib(rtx_msgqueue.o)
    0x0800193c   0x0800193c   0x00000024   Code   RO         4006    .text.osMutexAcquire  RTX_CM3.lib(rtx_mutex.o)
    0x08001960   0x08001960   0x00000024   Code   RO         4012    .text.osMutexDelete  RTX_CM3.lib(rtx_mutex.o)
    0x08001984   0x08001984   0x00000024   Code   RO         4002    .text.osMutexNew    RTX_CM3.lib(rtx_mutex.o)
    0x080019a8   0x080019a8   0x00000024   Code   RO         4008    .text.osMutexRelease  RTX_CM3.lib(rtx_mutex.o)
    0x080019cc   0x080019cc   0x00000004   Code   RO         3726    .text.osRtxKernelErrorNotify  RTX_CM3.lib(rtx_kernel.o)
    0x080019d0   0x080019d0   0x00000002   Code   RO         3724    .text.osRtxKernelPreInit  RTX_CM3.lib(rtx_kernel.o)
    0x080019d2   0x080019d2   0x0000006c   Code   RO         4105    .text.osRtxMemoryAlloc  RTX_CM3.lib(rtx_memory.o)
    0x08001a3e   0x08001a3e   0x00000042   Code   RO         4107    .text.osRtxMemoryFree  RTX_CM3.lib(rtx_memory.o)
    0x08001a80   0x08001a80   0x00000036   Code   RO         4103    .text.osRtxMemoryInit  RTX_CM3.lib(rtx_memory.o)
    0x08001ab6   0x08001ab6   0x0000003a   Code   RO         4119    .text.osRtxMemoryPoolAlloc  RTX_CM3.lib(rtx_mempool.o)
    0x08001af0   0x08001af0   0x0000004a   Code   RO         4121    .text.osRtxMemoryPoolFree  RTX_CM3.lib(rtx_mempool.o)
    0x08001b3a   0x08001b3a   0x00000038   Code   RO         4117    .text.osRtxMemoryPoolInit  RTX_CM3.lib(rtx_mempool.o)
    0x08001b72   0x08001b72   0x000000aa   Code   RO         4066    .text.osRtxMessageQueuePostProcess  RTX_CM3.lib(rtx_msgqueue.o)
    0x08001c1c   0x08001c1c   0x00000028   Code   RO         4034    .text.osRtxMessageQueueTimerSetup  RTX_CM3.lib(rtx_msgqueue.o)
    0x08001c44   0x08001c44   0x00000048   Code   RO         3998    .text.osRtxMutexOwnerRelease  RTX_CM3.lib(rtx_mutex.o)
    0x08001c8c   0x08001c8c   0x00000048   Code   RO         4000    .text.osRtxMutexOwnerRestore  RTX_CM3.lib(rtx_mutex.o)
    0x08001cd4   0x08001cd4   0x0000008c   Code   RO         4171    .text.osRtxPendSV_Handler  RTX_CM3.lib(rtx_system.o)
    0x08001d60   0x08001d60   0x00000074   Code   RO         4173    .text.osRtxPostProcess  RTX_CM3.lib(rtx_system.o)
    0x08001dd4   0x08001dd4   0x00000038   Code   RO         3814    .text.osRtxThreadBlock  RTX_CM3.lib(rtx_thread.o)
    0x08001e0c   0x08001e0c   0x00000080   Code   RO         3822    .text.osRtxThreadDelayInsert  RTX_CM3.lib(rtx_thread.o)
    0x08001e8c   0x08001e8c   0x00000040   Code   RO         3818    .text.osRtxThreadDelayRemove  RTX_CM3.lib(rtx_thread.o)
    0x08001ecc   0x08001ecc   0x00000054   Code   RO         3806    .text.osRtxThreadDelayTick  RTX_CM3.lib(rtx_thread.o)
    0x08001f20   0x08001f20   0x00000024   Code   RO         3906    .text.osRtxThreadDestroy  RTX_CM3.lib(rtx_thread.o)
    0x08001f44   0x08001f44   0x00000054   Code   RO         3812    .text.osRtxThreadDispatch  RTX_CM3.lib(rtx_thread.o)
    0x08001f98   0x08001f98   0x00000058   Code   RO         3898    .text.osRtxThreadFree  RTX_CM3.lib(rtx_thread.o)
    0x08001ff0   0x08001ff0   0x0000001e   Code   RO         3904    .text.osRtxThreadJoinWakeup  RTX_CM3.lib(rtx_thread.o)
    0x0800200e   0x0800200e   0x00000012   Code   RO         3798    .text.osRtxThreadListGet  RTX_CM3.lib(rtx_thread.o)
    0x08002020   0x08002020   0x0000002c   Code   RO         3796    .text.osRtxThreadListPut  RTX_CM3.lib(rtx_thread.o)
    0x0800204c   0x0800204c   0x00000014   Code   RO         3802    .text.osRtxThreadListRemove  RTX_CM3.lib(rtx_thread.o)
    0x08002060   0x08002060   0x00000026   Code   RO         3800    .text.osRtxThreadListSort  RTX_CM3.lib(rtx_thread.o)
    0x08002086   0x08002086   0x00000028   Code   RO         3872    .text.osRtxThreadPostProcess  RTX_CM3.lib(rtx_thread.o)
    0x080020ae   0x080020ae   0x00000002   PAD
    0x080020b0   0x080020b0   0x00000014   Code   RO         3804    .text.osRtxThreadReadyPut  RTX_CM3.lib(rtx_thread.o)
    0x080020c4   0x080020c4   0x00000006   Code   RO         3808    .text.osRtxThreadRegPtr  RTX_CM3.lib(rtx_thread.o)
    0x080020ca   0x080020ca   0x00000002   PAD
    0x080020cc   0x080020cc   0x0000003c   Code   RO         3824    .text.osRtxThreadStartup  RTX_CM3.lib(rtx_thread.o)
    0x08002108   0x08002108   0x00000010   Code   RO         3810    .text.osRtxThreadSwitch  RTX_CM3.lib(rtx_thread.o)
    0x08002118   0x08002118   0x0000003c   Code   RO         3820    .text.osRtxThreadWaitEnter  RTX_CM3.lib(rtx_thread.o)
    0x08002154   0x08002154   0x00000022   Code   RO         3816    .text.osRtxThreadWaitExit  RTX_CM3.lib(rtx_thread.o)
    0x08002176   0x08002176   0x00000002   PAD
    0x08002178   0x08002178   0x00000078   Code   RO         4169    .text.osRtxTick_Handler  RTX_CM3.lib(rtx_system.o)
    0x080021f0   0x080021f0   0x00000020   Code   RO         3956    .text.osRtxTimerSetup  RTX_CM3.lib(rtx_timer.o)
    0x08002210   0x08002210   0x00000020   Code   RO         3960    .text.osRtxTimerThread  RTX_CM3.lib(rtx_timer.o)
    0x08002230   0x08002230   0x00000070   Code   RO         3958    .text.osRtxTimerTick  RTX_CM3.lib(rtx_timer.o)
    0x080022a0   0x080022a0   0x0000000c   Code   RO         3856    .text.osThreadExit  RTX_CM3.lib(rtx_thread.o)
    0x080022ac   0x080022ac   0x00000058   Code   RO         3864    .text.osThreadFlagsSet  RTX_CM3.lib(rtx_thread.o)
    0x08002304   0x08002304   0x00000024   Code   RO         3870    .text.osThreadFlagsWait  RTX_CM3.lib(rtx_thread.o)
    0x08002328   0x08002328   0x00000028   Code   RO         3832    .text.osThreadGetId  RTX_CM3.lib(rtx_thread.o)
    0x08002350   0x08002350   0x00000024   Code   RO         3828    .text.osThreadNew   RTX_CM3.lib(rtx_thread.o)
    0x08002374   0x08002374   0x00000016   Code   RO         3944    .text.svcRtxDelay   RTX_CM3.lib(rtx_delay.o)
    0x0800238a   0x0800238a   0x00000002   PAD
    0x0800238c   0x0800238c   0x0000000c   Code   RO         3736    .text.svcRtxKernelGetState  RTX_CM3.lib(rtx_kernel.o)
    0x08002398   0x08002398   0x0000000c   Code   RO         3752    .text.svcRtxKernelGetTickCount  RTX_CM3.lib(rtx_kernel.o)
    0x080023a4   0x080023a4   0x00000100   Code   RO         3766    .text.svcRtxKernelInitialize  RTX_CM3.lib(rtx_kernel.o)
    0x080024a4   0x080024a4   0x0000008c   Code   RO         3768    .text.svcRtxKernelStart  RTX_CM3.lib(rtx_kernel.o)
    0x08002530   0x08002530   0x000000cc   Code   RO         4078    .text.svcRtxMessageQueueGet  RTX_CM3.lib(rtx_msgqueue.o)
    0x080025fc   0x080025fc   0x00000118   Code   RO         4036    .text.svcRtxMessageQueueNew  RTX_CM3.lib(rtx_msgqueue.o)
    0x08002714   0x08002714   0x000000ac   Code   RO         4074    .text.svcRtxMessageQueuePut  RTX_CM3.lib(rtx_msgqueue.o)
    0x080027c0   0x080027c0   0x00000090   Code   RO         4018    .text.svcRtxMutexAcquire  RTX_CM3.lib(rtx_mutex.o)
    0x08002850   0x08002850   0x000000b0   Code   RO         4024    .text.svcRtxMutexDelete  RTX_CM3.lib(rtx_mutex.o)
    0x08002900   0x08002900   0x00000068   Code   RO         4014    .text.svcRtxMutexNew  RTX_CM3.lib(rtx_mutex.o)
    0x08002968   0x08002968   0x000000b4   Code   RO         4020    .text.svcRtxMutexRelease  RTX_CM3.lib(rtx_mutex.o)
    0x08002a1c   0x08002a1c   0x0000004c   Code   RO         3902    .text.svcRtxThreadExit  RTX_CM3.lib(rtx_thread.o)
    0x08002a68   0x08002a68   0x00000066   Code   RO         3914    .text.svcRtxThreadFlagsSet  RTX_CM3.lib(rtx_thread.o)
    0x08002ace   0x08002ace   0x00000002   PAD
    0x08002ad0   0x08002ad0   0x0000004c   Code   RO         3920    .text.svcRtxThreadFlagsWait  RTX_CM3.lib(rtx_thread.o)
    0x08002b1c   0x08002b1c   0x0000000c   Code   RO         3834    .text.svcRtxThreadGetId  RTX_CM3.lib(rtx_thread.o)
    0x08002b28   0x08002b28   0x000001ec   Code   RO         3826    .text.svcRtxThreadNew  RTX_CM3.lib(rtx_thread.o)
    0x08002d14   0x08002d14   0x00000034   Code   RO         1281    i.DMA_CalcBaseAndBitshift  stm32f4xx_hal_dma.o
    0x08002d48   0x08002d48   0x000000aa   Code   RO         1282    i.DMA_CheckFifoParam  stm32f4xx_hal_dma.o
    0x08002df2   0x08002df2   0x0000002c   Code   RO         1283    i.DMA_SetConfig     stm32f4xx_hal_dma.o
    0x08002e1e   0x08002e1e   0x00000002   PAD
    0x08002e20   0x08002e20   0x000001d8   Code   RO          386    i.Enable_GPIO_Clock  i2c_stm32f4xx.o
    0x08002ff8   0x08002ff8   0x00000004   Code   RO          200    i.Error_Handler     main.o
    0x08002ffc   0x08002ffc   0x000000ac   Code   RO         1284    i.HAL_DMA_Abort     stm32f4xx_hal_dma.o
    0x080030a8   0x080030a8   0x000000ec   Code   RO         1290    i.HAL_DMA_Init      stm32f4xx_hal_dma.o
    0x08003194   0x08003194   0x00000092   Code   RO         1294    i.HAL_DMA_Start_IT  stm32f4xx_hal_dma.o
    0x08003226   0x08003226   0x00000002   PAD
    0x08003228   0x08003228   0x00000028   Code   RO          784    i.HAL_Delay         stm32f4xx_hal.o
    0x08003250   0x08003250   0x00000184   Code   RO         1428    i.HAL_GPIO_DeInit   stm32f4xx_hal_gpio.o
    0x080033d4   0x080033d4   0x00000210   Code   RO         1431    i.HAL_GPIO_Init     stm32f4xx_hal_gpio.o
    0x080035e4   0x080035e4   0x00000010   Code   RO         1433    i.HAL_GPIO_ReadPin  stm32f4xx_hal_gpio.o
    0x080035f4   0x080035f4   0x0000000c   Code   RO         1435    i.HAL_GPIO_WritePin  stm32f4xx_hal_gpio.o
    0x08003600   0x08003600   0x0000000c   Code   RO          791    i.HAL_GetREVID      stm32f4xx_hal.o
    0x0800360c   0x0800360c   0x00000050   Code   RO          201    i.HAL_GetTick       main.o
    0x0800365c   0x0800365c   0x00000030   Code   RO          799    i.HAL_Init          stm32f4xx_hal.o
    0x0800368c   0x0800368c   0x0000004c   Code   RO          800    i.HAL_InitTick      stm32f4xx_hal.o
    0x080036d8   0x080036d8   0x00000002   Code   RO          802    i.HAL_MspInit       stm32f4xx_hal.o
    0x080036da   0x080036da   0x00000002   PAD
    0x080036dc   0x080036dc   0x00000024   Code   RO          978    i.HAL_NVIC_ClearPendingIRQ  stm32f4xx_hal_cortex.o
    0x08003700   0x08003700   0x0000002c   Code   RO          979    i.HAL_NVIC_DisableIRQ  stm32f4xx_hal_cortex.o
    0x0800372c   0x0800372c   0x00000028   Code   RO          980    i.HAL_NVIC_EnableIRQ  stm32f4xx_hal_cortex.o
    0x08003754   0x08003754   0x0000007c   Code   RO          986    i.HAL_NVIC_SetPriority  stm32f4xx_hal_cortex.o
    0x080037d0   0x080037d0   0x00000028   Code   RO          987    i.HAL_NVIC_SetPriorityGrouping  stm32f4xx_hal_cortex.o
    0x080037f8   0x080037f8   0x00000184   Code   RO         2189    i.HAL_RCC_ClockConfig  stm32f4xx_hal_rcc.o
    0x0800397c   0x0800397c   0x0000000c   Code   RO         2194    i.HAL_RCC_GetHCLKFreq  stm32f4xx_hal_rcc.o
    0x08003988   0x08003988   0x00000020   Code   RO         2196    i.HAL_RCC_GetPCLK1Freq  stm32f4xx_hal_rcc.o
    0x080039a8   0x080039a8   0x000000b0   Code   RO         2198    i.HAL_RCC_GetSysClockFreq  stm32f4xx_hal_rcc.o
    0x08003a58   0x08003a58   0x0000049c   Code   RO         2201    i.HAL_RCC_OscConfig  stm32f4xx_hal_rcc.o
    0x08003ef4   0x08003ef4   0x00000034   Code   RO          991    i.HAL_SYSTICK_Config  stm32f4xx_hal_cortex.o
    0x08003f28   0x08003f28   0x00000018   Code   RO          387    i.I2C2_Control      i2c_stm32f4xx.o
    0x08003f40   0x08003f40   0x00000010   Code   RO          388    i.I2C2_ER_IRQHandler  i2c_stm32f4xx.o
    0x08003f50   0x08003f50   0x00000010   Code   RO          389    i.I2C2_EV_IRQHandler  i2c_stm32f4xx.o
    0x08003f60   0x08003f60   0x00000010   Code   RO          390    i.I2C2_GetDataCount  i2c_stm32f4xx.o
    0x08003f70   0x08003f70   0x00000010   Code   RO          391    i.I2C2_GetStatus    i2c_stm32f4xx.o
    0x08003f80   0x08003f80   0x00000014   Code   RO          392    i.I2C2_Initialize   i2c_stm32f4xx.o
    0x08003f94   0x08003f94   0x00000020   Code   RO          393    i.I2C2_MasterReceive  i2c_stm32f4xx.o
    0x08003fb4   0x08003fb4   0x00000020   Code   RO          394    i.I2C2_MasterTransmit  i2c_stm32f4xx.o
    0x08003fd4   0x08003fd4   0x00000014   Code   RO          395    i.I2C2_PowerControl  i2c_stm32f4xx.o
    0x08003fe8   0x08003fe8   0x00000018   Code   RO          396    i.I2C2_SlaveReceive  i2c_stm32f4xx.o
    0x08004000   0x08004000   0x00000018   Code   RO          397    i.I2C2_SlaveTransmit  i2c_stm32f4xx.o
    0x08004018   0x08004018   0x00000010   Code   RO          398    i.I2C2_Uninitialize  i2c_stm32f4xx.o
    0x08004028   0x08004028   0x0000000c   Code   RO          399    i.I2CX_GetCapabilities  i2c_stm32f4xx.o
    0x08004034   0x08004034   0x00000010   Code   RO          400    i.I2CX_GetVersion   i2c_stm32f4xx.o
    0x08004044   0x08004044   0x0000034c   Code   RO          401    i.I2C_Control       i2c_stm32f4xx.o
    0x08004390   0x08004390   0x00000206   Code   RO          402    i.I2C_ER_IRQHandler  i2c_stm32f4xx.o
    0x08004596   0x08004596   0x000006bc   Code   RO          403    i.I2C_EV_IRQHandler  i2c_stm32f4xx.o
    0x08004c52   0x08004c52   0x00000034   Code   RO          404    i.I2C_GetDataCount  i2c_stm32f4xx.o
    0x08004c86   0x08004c86   0x00000008   Code   RO          405    i.I2C_GetStatus     i2c_stm32f4xx.o
    0x08004c8e   0x08004c8e   0x00000002   PAD
    0x08004c90   0x08004c90   0x00000038   Code   RO            5    i.I2C_Init          camera.o
    0x08004cc8   0x08004cc8   0x000001c0   Code   RO          406    i.I2C_Initialize    i2c_stm32f4xx.o
    0x08004e88   0x08004e88   0x00000144   Code   RO          407    i.I2C_MasterReceive  i2c_stm32f4xx.o
    0x08004fcc   0x08004fcc   0x0000012a   Code   RO          408    i.I2C_MasterTransmit  i2c_stm32f4xx.o
    0x080050f6   0x080050f6   0x00000002   PAD
    0x080050f8   0x080050f8   0x000002fc   Code   RO          409    i.I2C_PowerControl  i2c_stm32f4xx.o
    0x080053f4   0x080053f4   0x00000088   Code   RO          410    i.I2C_SlaveReceive  i2c_stm32f4xx.o
    0x0800547c   0x0800547c   0x00000088   Code   RO          411    i.I2C_SlaveTransmit  i2c_stm32f4xx.o
    0x08005504   0x08005504   0x00000034   Code   RO          412    i.I2C_Uninitialize  i2c_stm32f4xx.o
    0x08005538   0x08005538   0x00000014   Code   RO            6    i.I2C_callback      camera.o
    0x0800554c   0x0800554c   0x00000030   Code   RO          693    i.ITM_SendChar      retarget_io.o
    0x0800557c   0x0800557c   0x00000024   Code   RO            7    i.Init_MsgQueue_camera  camera.o
    0x080055a0   0x080055a0   0x000000c0   Code   RO          202    i.SystemClock_Config  main.o
    0x08005660   0x08005660   0x000000c0   Code   RO         3689    i.SystemCoreClockUpdate  system_stm32f4xx.o
    0x08005720   0x08005720   0x00000010   Code   RO         3690    i.SystemInit        system_stm32f4xx.o
    0x08005730   0x08005730   0x00000016   Code   RO            8    i.Th_camera         camera.o
    0x08005746   0x08005746   0x00000002   PAD
    0x08005748   0x08005748   0x00000010   Code   RO          993    i.__NVIC_GetPriorityGrouping  stm32f4xx_hal_cortex.o
    0x08005758   0x08005758   0x00000028   Code   RO          994    i.__NVIC_SetPriority  stm32f4xx_hal_cortex.o
    0x08005780   0x08005780   0x00000058   Code   RO          261    i.__user_perthread_libspace  rtx_lib.o
    0x080057d8   0x080057d8   0x0000000e   Code   RO         4254    i._is_digit         c_w.l(__printf_wp.o)
    0x080057e6   0x080057e6   0x00000016   Code   RO          262    i._mutex_acquire    rtx_lib.o
    0x080057fc   0x080057fc   0x0000000c   Code   RO          263    i._mutex_free       rtx_lib.o
    0x08005808   0x08005808   0x00000022   Code   RO          264    i._mutex_initialize  rtx_lib.o
    0x0800582a   0x0800582a   0x00000012   Code   RO          265    i._mutex_release    rtx_lib.o
    0x0800583c   0x0800583c   0x00000008   Code   RO          266    i._platform_post_stackheap_init  rtx_lib.o
    0x08005844   0x08005844   0x00000026   Code   RO          694    i._sys_close        retarget_io.o
    0x0800586a   0x0800586a   0x00000024   Code   RO          695    i._sys_flen         retarget_io.o
    0x0800588e   0x0800588e   0x00000024   Code   RO          696    i._sys_istty        retarget_io.o
    0x080058b2   0x080058b2   0x00000002   PAD
    0x080058b4   0x080058b4   0x00000068   Code   RO          697    i._sys_open         retarget_io.o
    0x0800591c   0x0800591c   0x0000002c   Code   RO          699    i._sys_seek         retarget_io.o
    0x08005948   0x08005948   0x00000046   Code   RO          700    i._sys_write        retarget_io.o
    0x0800598e   0x0800598e   0x0000001a   Code   RO         4319    i.fputc             c_w.l(fputc.o)
    0x080059a8   0x080059a8   0x0000002c   Code   RO           10    i.init_Th_camera    camera.o
    0x080059d4   0x080059d4   0x0000001c   Code   RO          205    i.main              main.o
    0x080059f0   0x080059f0   0x00000020   Code   RO          352    i.osRtxErrorNotify  rtx_config.o
    0x08005a10   0x08005a10   0x00000004   Code   RO          353    i.osRtxIdleThread   rtx_config.o
    0x08005a14   0x08005a14   0x00000020   Code   RO          267    i.os_kernel_is_active  rtx_lib.o
    0x08005a34   0x08005a34   0x0000000c   Code   RO          701    i.stdout_putchar    retarget_io.o
    0x08005a40   0x08005a40   0x0000006c   Code   RO           11    i.test_dir          camera.o
    0x08005aac   0x08005aac   0x00000068   Data   RO          275    .constdata          rtx_lib.o
    0x08005b14   0x08005b14   0x00000068   Data   RO          414    .constdata          i2c_stm32f4xx.o
    0x08005b7c   0x08005b7c   0x00000018   Data   RO          577    .constdata          eventrecorder.o
    0x08005b94   0x08005b94   0x00000017   Data   RO          702    .constdata          retarget_io.o
    0x08005bab   0x08005bab   0x00000008   Data   RO         1296    .constdata          stm32f4xx_hal_dma.o
    0x08005bb3   0x08005bb3   0x00000018   Data   RO         3691    .constdata          system_stm32f4xx.o
    0x08005bcb   0x08005bcb   0x00000028   Data   RO         4227    .constdata          c_w.l(_printf_hex_int.o)
    0x08005bf3   0x08005bf3   0x00000011   Data   RO         4257    .constdata          c_w.l(__printf_flags_wp.o)
    0x08005c04   0x08005c04   0x000000a8   Data   RO          277    .rodata             rtx_lib.o
    0x08005cac   0x08005cac   0x00000001   Data   RO         4096    .rodata             RTX_CM3.lib(irq_armv7m.o)
    0x08005cad   0x08005cad   0x00000003   PAD
    0x08005cb0   0x08005cb0   0x0000000b   Data   RO         3786    .rodata.str1.4      RTX_CM3.lib(rtx_kernel.o)
    0x08005cbb   0x08005cbb   0x00000001   PAD
    0x08005cbc   0x08005cbc   0x00000020   Data   RO         4627    Region$$Table       anon$$obj.o


    Execution Region RW_IRAM1 (Exec base: 0x20000000, Load base: 0x08005cdc, Size: 0x0000a068, Max: 0x00030000, ABSOLUTE, COMPRESSED[0x00000128])

    Exec Addr    Load Addr    Size         Type   Attr      Idx    E Section Name        Object

    0x20000000   COMPRESSED   0x00008040   Data   RW          268    .bss.os             rtx_lib.o
    0x20008040   COMPRESSED   0x000001f0   Data   RW          269    .bss.os.libspace    rtx_lib.o
    0x20008230   COMPRESSED   0x00000034   Data   RW          270    .bss.os.msgqueue.cb  rtx_lib.o
    0x20008264   COMPRESSED   0x00000050   Data   RW          271    .bss.os.msgqueue.mem  rtx_lib.o
    0x200082b4   COMPRESSED   0x00000088   Data   RW          272    .bss.os.thread.cb   rtx_lib.o
    0x2000833c   COMPRESSED   0x00000004   PAD
    0x20008340   COMPRESSED   0x00000200   Data   RW          273    .bss.os.thread.idle.stack  rtx_lib.o
    0x20008540   COMPRESSED   0x00000200   Data   RW          274    .bss.os.thread.timer.stack  rtx_lib.o
    0x20008740   COMPRESSED   0x0000000c   Data   RW           13    .data               camera.o
    0x2000874c   COMPRESSED   0x00000008   Data   RW          206    .data               main.o
    0x20008754   COMPRESSED   0x00000001   Data   RW          276    .data               rtx_lib.o
    0x20008755   COMPRESSED   0x00000003   PAD
    0x20008758   COMPRESSED   0x00000009   Data   RW          806    .data               stm32f4xx_hal.o
    0x20008761   COMPRESSED   0x00000003   PAD
    0x20008764   COMPRESSED   0x00000004   Data   RW         3692    .data               system_stm32f4xx.o
    0x20008768   COMPRESSED   0x00000004   Data   RW         4292    .data               c_w.l(stdio_streams.o)
    0x2000876c   COMPRESSED   0x00000004   Data   RW         4293    .data               c_w.l(stdio_streams.o)
    0x20008770   COMPRESSED   0x00000004   Data   RW         4294    .data               c_w.l(stdio_streams.o)
    0x20008774   COMPRESSED   0x00000004   Data   RW         4394    .data               c_w.l(streamlock.o)
    0x20008778   COMPRESSED   0x000000a4   Data   RW         3787    .data.os            RTX_CM3.lib(rtx_kernel.o)
    0x2000881c        -       0x00000028   Zero   RW          413    .bss                i2c_stm32f4xx.o
    0x20008844        -       0x00000054   Zero   RW         4289    .bss                c_w.l(stdio_streams.o)
    0x20008898        -       0x00000054   Zero   RW         4290    .bss                c_w.l(stdio_streams.o)
    0x200088ec        -       0x00000054   Zero   RW         4291    .bss                c_w.l(stdio_streams.o)
    0x20008940        -       0x00000060   Zero   RW         4483    .bss                c_w.l(libspace.o)
    0x200089a0   COMPRESSED   0x00000020   PAD
    0x200089c0        -       0x000010a4   Zero   RW          576    .bss.noinit         eventrecorder.o
    0x20009a64        -       0x00000001   Zero   RW         4201    .bss.os             RTX_CM3.lib(os_systick.o)
    0x20009a65   COMPRESSED   0x00000003   PAD
    0x20009a68        -       0x00000200   Zero   RW         3680    HEAP                startup_stm32f429xx.o
    0x20009c68        -       0x00000400   Zero   RW         3679    STACK               startup_stm32f429xx.o


==============================================================================

Image component sizes


      Code (inc. data)   RO Data    RW Data    ZI Data      Debug   Object Name

       286         62          0         12          0     759074   camera.o
         0          0         24          0       4260       4144   eventrecorder.o
      6060        174        104          0         40      24960   i2c_stm32f4xx.o
       304         24          0          8          0       6321   main.o
       388         30         23          0          0       6682   retarget_io.o
        36          6          0          0          0        997   rtx_config.o
       214         12        272      34621          0      13546   rtx_lib.o
        64         26        428          0       1536        832   startup_stm32f429xx.o
       178         24          0          9          0       9842   stm32f4xx_hal.o
       392         34          0          0          0      36344   stm32f4xx_hal_cortex.o
       820         10          8          0          0       5610   stm32f4xx_hal_dma.o
       944        102          0          0          0       3873   stm32f4xx_hal_gpio.o
      1788         74          0          0          0       5241   stm32f4xx_hal_rcc.o
       208         28         24          4          0       1939   system_stm32f4xx.o

    ----------------------------------------------------------------------
     11696        606        915      34664       5836     879405   Object Totals
         0          0         32          0          0          0   (incl. Generated)
        14          0          0         10          0          0   (incl. Padding)

    ----------------------------------------------------------------------

      Code (inc. data)   RO Data    RW Data    ZI Data      Debug   Library Member Name

       148          8          1          0          0        591   irq_armv7m.o
       126         32          0          0          1       3196   os_systick.o
        58          4          0          0          0       2797   rtx_delay.o
       612         60         11        164          0      16781   rtx_kernel.o
       228          0          0          0          0       2590   rtx_memory.o
       188          0          0          0          0      16188   rtx_mempool.o
      1340         36          0          0          0      18765   rtx_msgqueue.o
       892         32          0          0          0      10068   rtx_mutex.o
       376         26          0          0          0       5444   rtx_system.o
      2002        108          0          0          0      32441   rtx_thread.o
       248         16          0          0          0      10433   rtx_timer.o
        90          0          0          0          0          0   __dczerorl2.o
         8          0          0          0          0         68   __main.o
       312          4         17          0          0         92   __printf_flags_wp.o
        14          0          0          0          0         68   __printf_wp.o
         0          0          0          0          0          0   __rtentry.o
        20          0          0          0          0          0   __rtentry2.o
         6          0          0          0          0          0   __rtentry4.o
        52          8          0          0          0          0   __scatter.o
        28          0          0          0          0          0   __scatter_zi.o
        48          6          0          0          0         96   _printf_char_common.o
        64          6          0          0          0         84   _printf_char_file_locked.o
         6          0          0          0          0          0   _printf_d.o
       120         16          0          0          0         92   _printf_dec.o
        88          4         40          0          0         88   _printf_hex_int.o
       178          0          0          0          0         88   _printf_intcommon.o
        78          0          0          0          0        108   _printf_pad.o
         0          0          0          0          0          0   _printf_percent.o
         4          0          0          0          0          0   _printf_percent_end.o
         6          0          0          0          0          0   _printf_x.o
        10          0          0          0          0         68   defsig_exit.o
        50          0          0          0          0         88   defsig_general.o
        80         58          0          0          0         76   defsig_rtmem_inner.o
        14          0          0          0          0         80   defsig_rtmem_outer.o
        52         38          0          0          0         76   defsig_rtred_inner.o
        14          0          0          0          0         80   defsig_rtred_outer.o
        18          0          0          0          0         80   exit.o
        76          0          0          0          0         88   fclose.o
       470          0          0          0          0         88   flsbuf.o
       324          8          0          0          0        152   fopen_locked.o
        26          0          0          0          0         68   fputc.o
       248          6          0          0          0         84   fseek.o
        66          0          0          0          0         76   ftell.o
       158          0          0          0          0        128   h1_alloc_mt.o
        62          0          0          0          0         80   h1_extend_mt.o
        10          0          0          0          0         76   h1_final_mt.o
       118          0          0          0          0        108   h1_free_mt.o
        18          0          0          0          0         84   h1_init_mt.o
         6          0          0          0          0        152   heapauxi.o
         4          0          0          0          0        136   hguard.o
         0          0          0          0          0          0   indicate_semi.o
       138          0          0          0          0        168   init_alloc.o
       456         48          0          0          0        116   initio_locked.o
         2          0          0          0          0          0   libinit.o
        14          0          0          0          0          0   libinit2.o
         2          0          0          0          0          0   libshutdown.o
        10          0          0          0          0          0   libshutdown2.o
         8          4          0          0         96         68   libspace.o
       238          0          0          0          0        100   lludivv7m.o
         0          0          0          0          0          0   maybetermalloc2.o
        24          4          0          0          0         84   noretval__2printf.o
         4          0          0          0          0         68   rt_errno_addr_twolibspace.o
        10          0          0          0          0         76   rt_heap_descriptor_twolibspace.o
        68          0          0          0          0         68   rt_memclr.o
        78          0          0          0          0         80   rt_memclr_w.o
       138          0          0          0          0         68   rt_memcpy_v6.o
       100          0          0          0          0         80   rt_memcpy_w.o
         2          0          0          0          0          0   rtexit.o
        10          0          0          0          0          0   rtexit2.o
       104          0          0          0          0         88   setvbuf_locked.o
       240          6          0          0          0        156   stdio.o
         0          0          0         12        252          0   stdio_streams.o
       128          0          0          0          0         68   strcmpv7m.o
         0          0          0          4          0          0   streamlock.o
        12          4          0          0          0         68   sys_exit.o
        74          0          0          0          0         80   sys_stackheap_outer.o
        14          0          0          0          0         76   sys_wrch.o
        16          0          0          0          0         80   term_alloc.o
         2          0          0          0          0         68   use_no_semi.o

    ----------------------------------------------------------------------
     11088        542         73        180        384     123606   Library Totals
        32          0          4          0         35          0   (incl. Padding)

    ----------------------------------------------------------------------

      Code (inc. data)   RO Data    RW Data    ZI Data      Debug   Library Name

      6218        322         12        164          1     119294   RTX_CM3.lib
      4838        220         57         16        348       4312   c_w.l

    ----------------------------------------------------------------------
     11088        542         73        180        384     123606   Library Totals

    ----------------------------------------------------------------------

==============================================================================


      Code (inc. data)   RO Data    RW Data    ZI Data      Debug   

     22784       1148        988      34844       6220     996327   Grand Totals
     22784       1148        988        296       6220     996327   ELF Image Totals (compressed)
     22784       1148        988        296          0          0   ROM Totals

==============================================================================

    Total RO  Size (Code + RO Data)                23772 (  23.21kB)
    Total RW  Size (RW Data + ZI Data)             41064 (  40.10kB)
    Total ROM Size (Code + RO Data + RW Data)      24068 (  23.50kB)

==============================================================================

